../Core/Src/main.c:105:5:main	8	static
../Core/Src/main.c:169:6:SystemClock_Config	88	static
../Core/Src/main.c:216:13:MX_I2C1_Init	8	static
../Core/Src/main.c:250:13:MX_I2C2_Init	8	static
../Core/Src/main.c:284:13:MX_SDIO_SD_Init	8	static
../Core/Src/main.c:320:13:MX_SPI1_Init	8	static
../Core/Src/main.c:358:13:MX_SPI2_Init	8	static
../Core/Src/main.c:396:13:MX_USART1_UART_Init	8	static
../Core/Src/main.c:429:13:MX_USART2_UART_Init	8	static
../Core/Src/main.c:462:13:MX_USART3_UART_Init	8	static
../Core/Src/main.c:493:13:MX_DMA_Init	16	static
../Core/Src/main.c:521:13:MX_GPIO_Init	56	static
../Core/Src/main.c:640:6:HAL_SPI_TxCpltCallback	16	static
../Core/Src/main.c:651:6:HAL_SPI_RxCpltCallback	16	static
../Core/Src/main.c:659:6:HAL_SPI_ErrorCallback	24	static
../Core/Src/main.c:669:6:HAL_UART_TxCpltCallback	16	static
../Core/Src/main.c:678:6:HAL_UARTEx_RxEventCallback	16	static
../Core/Src/main.c:687:6:HAL_UART_ErrorCallback	16	static
../Core/Src/main.c:706:6:HAL_TIM_PeriodElapsedCallback	16	static
../Core/Src/main.c:724:6:Error_Handler	4	static
