../Core/Src/main.c:102:5:main	8	static
../Core/Src/main.c:166:6:SystemClock_Config	88	static
../Core/Src/main.c:213:13:MX_I2C1_Init	8	static
../Core/Src/main.c:247:13:MX_I2C2_Init	8	static
../Core/Src/main.c:281:13:MX_SPI1_Init	8	static
../Core/Src/main.c:319:13:MX_SPI2_Init	8	static
../Core/Src/main.c:357:13:MX_UART5_Init	8	static
../Core/Src/main.c:390:13:MX_USART2_UART_Init	8	static
../Core/Src/main.c:423:13:MX_USART3_UART_Init	8	static
../Core/Src/main.c:454:13:MX_DMA_Init	16	static
../Core/Src/main.c:481:13:MX_GPIO_Init	56	static
../Core/Src/main.c:616:6:HAL_SPI_TxCpltCallback	16	static
../Core/Src/main.c:627:6:HAL_SPI_RxCpltCallback	16	static
../Core/Src/main.c:635:6:HAL_SPI_ErrorCallback	24	static
../Core/Src/main.c:645:6:HAL_UART_TxCpltCallback	16	static
../Core/Src/main.c:653:6:HAL_UARTEx_RxEventCallback	16	static
../Core/Src/main.c:662:6:HAL_UART_RxCpltCallback	16	static
../Core/Src/main.c:672:6:HAL_UART_ErrorCallback	32	static
../Core/Src/main.c:701:6:HAL_TIM_PeriodElapsedCallback	16	static
../Core/Src/main.c:719:6:Error_Handler	4	static
