C:/High_altitude_rocket/tothemoon/algorithms_drivers/SensorsWeHave/BME280.h:121:30:PressureToHeight	24	static
../tasks/tasks.c:78:6:TasksInitScheduler	24	static,ignoring_inline_asm
../tasks/tasks.c:131:13:vBME280Task	104	static
../tasks/tasks.c:175:13:vSitSutTask	144	static
../tasks/tasks.c:337:6:BME_DMA_Tx_CallBack	8	static
../tasks/tasks.c:341:6:BME_DMA_Rx_CallBack	24	static,ignoring_inline_asm
../tasks/tasks.c:348:6:BME_DMA_ErrorCallBack	24	static,ignoring_inline_asm
../tasks/tasks.c:363:6:SITSUT_DMA_Rx_CallBack	24	static,ignoring_inline_asm
../tasks/tasks.c:373:6:SITSUT_DMA_Tx_CallBack	8	static
../tasks/tasks.c:380:6:SITSUT_DMA_ErrorCallBack	8	static
