C:/High_altitude_rocket/tothemoon/algorithms_drivers/SensorsWeHave/BME280.h:121:30:PressureToHeight	24	static
../tasks/tasks.c:74:6:TasksInitScheduler	32	static,ignoring_inline_asm
../tasks/tasks.c:127:13:vBME280Task	104	static
../tasks/tasks.c:175:13:vSitSutTask	128	static
../tasks/tasks.c:311:13:vStateMachineTask	16	static
../tasks/tasks.c:324:6:BME_DMA_Tx_CallBack	8	static
../tasks/tasks.c:328:6:BME_DMA_Rx_CallBack	24	static,ignoring_inline_asm
../tasks/tasks.c:335:6:BME_DMA_ErrorCallBack	24	static,ignoring_inline_asm
../tasks/tasks.c:350:6:SITSUT_DMA_Rx_CallBack	32	static,ignoring_inline_asm
../tasks/tasks.c:360:6:SITSUT_DMA_Tx_CallBack	24	static,ignoring_inline_asm
../tasks/tasks.c:370:6:SITSUT_DMA_ErrorCallBack	8	static
