Archive member included to satisfy reference by file (symbol)

C:/ST/STM32CubeIDE_1.19.0/STM32CubeIDE/plugins/com.st.stm32cube.ide.mcu.externaltools.gnu-tools-for-stm32.13.3.rel1.win32_1.0.0.202411081344/tools/bin/../lib/gcc/arm-none-eabi/13.3.1/../../../../arm-none-eabi/lib/thumb/v7e-m+fp/hard\libc_nano.a(libc_a-exit.o)
                              C:/ST/STM32CubeIDE_1.19.0/STM32CubeIDE/plugins/com.st.stm32cube.ide.mcu.externaltools.gnu-tools-for-stm32.13.3.rel1.win32_1.0.0.202411081344/tools/bin/../lib/gcc/arm-none-eabi/13.3.1/../../../../arm-none-eabi/lib/thumb/v7e-m+fp/hard/crt0.o (exit)
C:/ST/STM32CubeIDE_1.19.0/STM32CubeIDE/plugins/com.st.stm32cube.ide.mcu.externaltools.gnu-tools-for-stm32.13.3.rel1.win32_1.0.0.202411081344/tools/bin/../lib/gcc/arm-none-eabi/13.3.1/../../../../arm-none-eabi/lib/thumb/v7e-m+fp/hard\libc_nano.a(libc_a-findfp.o)
                              C:/ST/STM32CubeIDE_1.19.0/STM32CubeIDE/plugins/com.st.stm32cube.ide.mcu.externaltools.gnu-tools-for-stm32.13.3.rel1.win32_1.0.0.202411081344/tools/bin/../lib/gcc/arm-none-eabi/13.3.1/../../../../arm-none-eabi/lib/thumb/v7e-m+fp/hard\libc_nano.a(libc_a-exit.o) (__stdio_exit_handler)
C:/ST/STM32CubeIDE_1.19.0/STM32CubeIDE/plugins/com.st.stm32cube.ide.mcu.externaltools.gnu-tools-for-stm32.13.3.rel1.win32_1.0.0.202411081344/tools/bin/../lib/gcc/arm-none-eabi/13.3.1/../../../../arm-none-eabi/lib/thumb/v7e-m+fp/hard\libc_nano.a(libc_a-fwalk.o)
                              C:/ST/STM32CubeIDE_1.19.0/STM32CubeIDE/plugins/com.st.stm32cube.ide.mcu.externaltools.gnu-tools-for-stm32.13.3.rel1.win32_1.0.0.202411081344/tools/bin/../lib/gcc/arm-none-eabi/13.3.1/../../../../arm-none-eabi/lib/thumb/v7e-m+fp/hard\libc_nano.a(libc_a-findfp.o) (_fwalk_sglue)
C:/ST/STM32CubeIDE_1.19.0/STM32CubeIDE/plugins/com.st.stm32cube.ide.mcu.externaltools.gnu-tools-for-stm32.13.3.rel1.win32_1.0.0.202411081344/tools/bin/../lib/gcc/arm-none-eabi/13.3.1/../../../../arm-none-eabi/lib/thumb/v7e-m+fp/hard\libc_nano.a(libc_a-sprintf.o)
                              ./tasks/tasks.o (sprintf)
C:/ST/STM32CubeIDE_1.19.0/STM32CubeIDE/plugins/com.st.stm32cube.ide.mcu.externaltools.gnu-tools-for-stm32.13.3.rel1.win32_1.0.0.202411081344/tools/bin/../lib/gcc/arm-none-eabi/13.3.1/../../../../arm-none-eabi/lib/thumb/v7e-m+fp/hard\libc_nano.a(libc_a-stdio.o)
                              C:/ST/STM32CubeIDE_1.19.0/STM32CubeIDE/plugins/com.st.stm32cube.ide.mcu.externaltools.gnu-tools-for-stm32.13.3.rel1.win32_1.0.0.202411081344/tools/bin/../lib/gcc/arm-none-eabi/13.3.1/../../../../arm-none-eabi/lib/thumb/v7e-m+fp/hard\libc_nano.a(libc_a-findfp.o) (__sread)
C:/ST/STM32CubeIDE_1.19.0/STM32CubeIDE/plugins/com.st.stm32cube.ide.mcu.externaltools.gnu-tools-for-stm32.13.3.rel1.win32_1.0.0.202411081344/tools/bin/../lib/gcc/arm-none-eabi/13.3.1/../../../../arm-none-eabi/lib/thumb/v7e-m+fp/hard\libc_nano.a(libc_a-memcmp.o)
                              ./Thirdparty/SEGGER/OS/SEGGER_SYSVIEW_FreeRTOS.o (memcmp)
C:/ST/STM32CubeIDE_1.19.0/STM32CubeIDE/plugins/com.st.stm32cube.ide.mcu.externaltools.gnu-tools-for-stm32.13.3.rel1.win32_1.0.0.202411081344/tools/bin/../lib/gcc/arm-none-eabi/13.3.1/../../../../arm-none-eabi/lib/thumb/v7e-m+fp/hard\libc_nano.a(libc_a-memset.o)
                              C:/ST/STM32CubeIDE_1.19.0/STM32CubeIDE/plugins/com.st.stm32cube.ide.mcu.externaltools.gnu-tools-for-stm32.13.3.rel1.win32_1.0.0.202411081344/tools/bin/../lib/gcc/arm-none-eabi/13.3.1/../../../../arm-none-eabi/lib/thumb/v7e-m+fp/hard/crt0.o (memset)
C:/ST/STM32CubeIDE_1.19.0/STM32CubeIDE/plugins/com.st.stm32cube.ide.mcu.externaltools.gnu-tools-for-stm32.13.3.rel1.win32_1.0.0.202411081344/tools/bin/../lib/gcc/arm-none-eabi/13.3.1/../../../../arm-none-eabi/lib/thumb/v7e-m+fp/hard\libc_nano.a(libc_a-closer.o)
                              C:/ST/STM32CubeIDE_1.19.0/STM32CubeIDE/plugins/com.st.stm32cube.ide.mcu.externaltools.gnu-tools-for-stm32.13.3.rel1.win32_1.0.0.202411081344/tools/bin/../lib/gcc/arm-none-eabi/13.3.1/../../../../arm-none-eabi/lib/thumb/v7e-m+fp/hard\libc_nano.a(libc_a-stdio.o) (_close_r)
C:/ST/STM32CubeIDE_1.19.0/STM32CubeIDE/plugins/com.st.stm32cube.ide.mcu.externaltools.gnu-tools-for-stm32.13.3.rel1.win32_1.0.0.202411081344/tools/bin/../lib/gcc/arm-none-eabi/13.3.1/../../../../arm-none-eabi/lib/thumb/v7e-m+fp/hard\libc_nano.a(libc_a-reent.o)
                              C:/ST/STM32CubeIDE_1.19.0/STM32CubeIDE/plugins/com.st.stm32cube.ide.mcu.externaltools.gnu-tools-for-stm32.13.3.rel1.win32_1.0.0.202411081344/tools/bin/../lib/gcc/arm-none-eabi/13.3.1/../../../../arm-none-eabi/lib/thumb/v7e-m+fp/hard\libc_nano.a(libc_a-closer.o) (errno)
C:/ST/STM32CubeIDE_1.19.0/STM32CubeIDE/plugins/com.st.stm32cube.ide.mcu.externaltools.gnu-tools-for-stm32.13.3.rel1.win32_1.0.0.202411081344/tools/bin/../lib/gcc/arm-none-eabi/13.3.1/../../../../arm-none-eabi/lib/thumb/v7e-m+fp/hard\libc_nano.a(libc_a-impure.o)
[...]
Memory Configuration

Name             Origin             Length             Attributes
CCMRAM           0x10000000         0x00010000         xrw
RAM              0x20000000         0x00020000         xrw
FLASH            0x08000000         0x00100000         xr
*default*        0x00000000         0xffffffff

Linker script and memory map

LOAD C:/ST/STM32CubeIDE_1.19.0/STM32CubeIDE/plugins/com.st.stm32cube.ide.mcu.externaltools.gnu-tools-for-stm32.13.3.rel1.win32_1.0.0.202411081344/tools/bin/../lib/gcc/arm-none-eabi/13.3.1/thumb/v7e-m+fp/hard/crti.o
LOAD C:/ST/STM32CubeIDE_1.19.0/STM32CubeIDE/plugins/com.st.stm32cube.ide.mcu.externaltools.gnu-tools-for-stm32.13.3.rel1.win32_1.0.0.202411081344/tools/bin/../lib/gcc/arm-none-eabi/13.3.1/thumb/v7e-m+fp/hard/crtbegin.o
LOAD C:/ST/STM32CubeIDE_1.19.0/STM32CubeIDE/plugins/com.st.stm32cube.ide.mcu.externaltools.gnu-tools-for-stm32.13.3.rel1.win32_1.0.0.202411081344/tools/bin/../lib/gcc/arm-none-eabi/13.3.1/../../../../arm-none-eabi/lib/thumb/v7e-m+fp/hard/crt0.o
LOAD ./Core/Src/main.o
LOAD ./Core/Src/stm32f4xx_hal_msp.o
LOAD ./Core/Src/stm32f4xx_hal_timebase_tim.o
LOAD ./Core/Src/stm32f4xx_it.o
LOAD ./Core/Src/syscalls.o
LOAD ./Core/Src/system_stm32f4xx.o
LOAD ./Core/Startup/startup_stm32f407vgtx.o
LOAD ./Drivers/STM32F4xx_HAL_Driver/Src/stm32f4xx_hal.o
LOAD ./Drivers/STM32F4xx_HAL_Driver/Src/stm32f4xx_hal_cortex.o
LOAD ./Drivers/STM32F4xx_HAL_Driver/Src/stm32f4xx_hal_dma.o
LOAD ./Drivers/STM32F4xx_HAL_Driver/Src/stm32f4xx_hal_dma_ex.o
LOAD ./Drivers/STM32F4xx_HAL_Driver/Src/stm32f4xx_hal_exti.o
LOAD ./Drivers/STM32F4xx_HAL_Driver/Src/stm32f4xx_hal_flash.o
LOAD ./Drivers/STM32F4xx_HAL_Driver/Src/stm32f4xx_hal_flash_ex.o
LOAD ./Drivers/STM32F4xx_HAL_Driver/Src/stm32f4xx_hal_flash_ramfunc.o
LOAD ./Drivers/STM32F4xx_HAL_Driver/Src/stm32f4xx_hal_gpio.o
LOAD ./Drivers/STM32F4xx_HAL_Driver/Src/stm32f4xx_hal_i2c.o
LOAD ./Drivers/STM32F4xx_HAL_Driver/Src/stm32f4xx_hal_i2c_ex.o
LOAD ./Drivers/STM32F4xx_HAL_Driver/Src/stm32f4xx_hal_pwr.o
LOAD ./Drivers/STM32F4xx_HAL_Driver/Src/stm32f4xx_hal_pwr_ex.o
LOAD ./Drivers/STM32F4xx_HAL_Driver/Src/stm32f4xx_hal_rcc.o
LOAD ./Drivers/STM32F4xx_HAL_Driver/Src/stm32f4xx_hal_rcc_ex.o
LOAD ./Drivers/STM32F4xx_HAL_Driver/Src/stm32f4xx_hal_spi.o
LOAD ./Drivers/STM32F4xx_HAL_Driver/Src/stm32f4xx_hal_tim.o
LOAD ./Drivers/STM32F4xx_HAL_Driver/Src/stm32f4xx_hal_tim_ex.o
LOAD ./Drivers/STM32F4xx_HAL_Driver/Src/stm32f4xx_hal_uart.o
LOAD ./Thirdparty/FreeRTOS/croutine.o
LOAD ./Thirdparty/FreeRTOS/event_groups.o
LOAD ./Thirdparty/FreeRTOS/list.o
LOAD ./Thirdparty/FreeRTOS/queue.o
LOAD ./Thirdparty/FreeRTOS/stream_buffer.o
LOAD ./Thirdparty/FreeRTOS/tasks.o
LOAD ./Thirdparty/FreeRTOS/timers.o
LOAD ./Thirdparty/FreeRTOS/portable/GCC/ARM_CM4F/port.o
LOAD ./Thirdparty/FreeRTOS/portable/MemMang/heap_4.o
LOAD ./Thirdparty/SEGGER/Config/SEGGER_SYSVIEW_Config_FreeRTOS.o
LOAD ./Thirdparty/SEGGER/OS/SEGGER_SYSVIEW_FreeRTOS.o
LOAD ./Thirdparty/SEGGER/Rec/segger_uart.o
LOAD ./Thirdparty/SEGGER/SEGGER/SEGGER_RTT.o
LOAD ./Thirdparty/SEGGER/SEGGER/SEGGER_RTT_ASM_ARMv7M.o
LOAD ./Thirdparty/SEGGER/SEGGER/SEGGER_RTT_printf.o
LOAD ./Thirdparty/SEGGER/SEGGER/SEGGER_SYSVIEW.o
LOAD ./Thirdparty/SEGGER/SEGGER/Syscalls/SEGGER_RTT_Syscalls_GCC.o
LOAD ./algorithms_drivers/SIT_SUT/SIT_SUT.o
LOAD ./algorithms_drivers/SensorsWeHave/bme280.o
LOAD ./tasks/tasks.o
START GROUP
LOAD C:/ST/STM32CubeIDE_1.19.0/STM32CubeIDE/plugins/com.st.stm32cube.ide.mcu.externaltools.gnu-tools-for-stm32.13.3.rel1.win32_1.0.0.202411081344/tools/bin/../lib/gcc/arm-none-eabi/13.3.1/../../../../arm-none-eabi/lib/thumb/v7e-m+fp/hard\libc_nano.a
LOAD C:/ST/STM32CubeIDE_1.19.0/STM32CubeIDE/plugins/com.st.stm32cube.ide.mcu.externaltools.gnu-tools-for-stm32.13.3.rel1.win32_1.0.0.202411081344/tools/bin/../lib/gcc/arm-none-eabi/13.3.1/../../../../arm-none-eabi/lib/thumb/v7e-m+fp/hard\libm.a
END GROUP
START GROUP
LOAD C:/ST/STM32CubeIDE_1.19.0/STM32CubeIDE/plugins/com.st.stm32cube.ide.mcu.externaltools.gnu-tools-for-stm32.13.3.rel1.win32_1.0.0.202411081344/tools/bin/../lib/gcc/arm-none-eabi/13.3.1/thumb/v7e-m+fp/hard\libgcc.a
LOAD C:/ST/STM32CubeIDE_1.19.0/STM32CubeIDE/plugins/com.st.stm32cube.ide.mcu.externaltools.gnu-tools-for-stm32.13.3.rel1.win32_1.0.0.202411081344/tools/bin/../lib/gcc/arm-none-eabi/13.3.1/../../../../arm-none-eabi/lib/thumb/v7e-m+fp/hard\libc_nano.a
END GROUP
START GROUP
LOAD C:/ST/STM32CubeIDE_1.19.0/STM32CubeIDE/plugins/com.st.stm32cube.ide.mcu.externaltools.gnu-tools-for-stm32.13.3.rel1.win32_1.0.0.202411081344/tools/bin/../lib/gcc/arm-none-eabi/13.3.1/thumb/v7e-m+fp/hard\libgcc.a
LOAD C:/ST/STM32CubeIDE_1.19.0/STM32CubeIDE/plugins/com.st.stm32cube.ide.mcu.externaltools.gnu-tools-for-stm32.13.3.rel1.win32_1.0.0.202411081344/tools/bin/../lib/gcc/arm-none-eabi/13.3.1/../../../../arm-none-eabi/lib/thumb/v7e-m+fp/hard\libc_nano.a
LOAD C:/ST/STM32CubeIDE_1.19.0/STM32CubeIDE/plugins/com.st.stm32cube.ide.mcu.externaltools.gnu-tools-for-stm32.13.3.rel1.win32_1.0.0.202411081344/tools/bin/../lib/gcc/arm-none-eabi/13.3.1/../../../../arm-none-eabi/lib/thumb/v7e-m+fp/hard\libnosys.a
END GROUP
START GROUP
LOAD C:/ST/STM32CubeIDE_1.19.0/STM32CubeIDE/plugins/com.st.stm32cube.ide.mcu.externaltools.gnu-tools-for-stm32.13.3.rel1.win32_1.0.0.202411081344/tools/bin/../lib/gcc/arm-none-eabi/13.3.1/thumb/v7e-m+fp/hard\libgcc.a
LOAD C:/ST/STM32CubeIDE_1.19.0/STM32CubeIDE/plugins/com.st.stm32cube.ide.mcu.externaltools.gnu-tools-for-stm32.13.3.rel1.win32_1.0.0.202411081344/tools/bin/../lib/gcc/arm-none-eabi/13.3.1/../../../../arm-none-eabi/lib/thumb/v7e-m+fp/hard\libc_nano.a
LOAD C:/ST/STM32CubeIDE_1.19.0/STM32CubeIDE/plugins/com.st.stm32cube.ide.mcu.externaltools.gnu-tools-for-stm32.13.3.rel1.win32_1.0.0.202411081344/tools/bin/../lib/gcc/arm-none-eabi/13.3.1/../../../../arm-none-eabi/lib/thumb/v7e-m+fp/hard\libnosys.a
END GROUP
LOAD C:/ST/STM32CubeIDE_1.19.0/STM32CubeIDE/plugins/com.st.stm32cube.ide.mcu.externaltools.gnu-tools-for-stm32.13.3.rel1.win32_1.0.0.202411081344/tools/bin/../lib/gcc/arm-none-eabi/13.3.1/thumb/v7e-m+fp/hard/crtend.o
LOAD C:/ST/STM32CubeIDE_1.19.0/STM32CubeIDE/plugins/com.st.stm32cube.ide.mcu.externaltools.gnu-tools-for-stm32.13.3.rel1.win32_1.0.0.202411081344/tools/bin/../lib/gcc/arm-none-eabi/13.3.1/thumb/v7e-m+fp/hard/crtn.o
                0x20020000                        _estack = (ORIGIN (RAM) + LENGTH (RAM))
                0x00000200                        _Min_Heap_Size = 0x200
                0x00000400                        _Min_Stack_Size = 0x400

.isr_vector     0x08000000      0x188
                0x08000000                        . = ALIGN (0x4)
 *(.isr_vector)
 .isr_vector    0x08000000      0x188 ./Core/Startup/startup_stm32f407vgtx.o
                0x08000000                g_pfnVectors
                0x08000188                        . = ALIGN (0x4)

.text           0x08000190     0xd588
                0x08000190                        . = ALIGN (0x4)
 *(.text)
 .text          0x08000190       0x40 C:/ST/STM32CubeIDE_1.19.0/STM32CubeIDE/plugins/com.st.stm32cube.ide.mcu.externaltools.gnu-tools-for-stm32.13.3.rel1.win32_1.0.0.202411081344/tools/bin/../lib/gcc/arm-none-eabi/13.3.1/thumb/v7e-m+fp/hard/crtbegin.o
 .text          0x080001d0       0x94 ./Thirdparty/SEGGER/SEGGER/SEGGER_RTT_ASM_ARMv7M.o
                0x080001d0                SEGGER_RTT_ASM_WriteSkipNoLock
 *fill*         0x08000264        0xc 
 .text          0x08000270       0xa0 C:/ST/STM32CubeIDE_1.19.0/STM32CubeIDE/plugins/com.st.stm32cube.ide.mcu.externaltools.gnu-tools-for-stm32.13.3.rel1.win32_1.0.0.202411081344/tools/bin/../lib/gcc/arm-none-eabi/13.3.1/../../../../arm-none-eabi/lib/thumb/v7e-m+fp/hard\libc_nano.a(libc_a-memchr.o)
                0x08000270                memchr
 .text          0x08000310       0xa0 C:/ST/STM32CubeIDE_1.19.0/STM32CubeIDE/plugins/com.st.stm32cube.ide.mcu.externaltools.gnu-tools-for-stm32.13.3.rel1.win32_1.0.0.202411081344/tools/bin/../lib/gcc/arm-none-eabi/13.3.1/thumb/v7e-m+fp/hard\libgcc.a(_aeabi_ldivmod.o)
                0x08000310                __aeabi_ldivmod
 .text          0x080003b0       0x30 C:/ST/STM32CubeIDE_1.19.0/STM32CubeIDE/plugins/com.st.stm32cube.ide.mcu.externaltools.gnu-tools-for-stm32.13.3.rel1.win32_1.0.0.202411081344/tools/bin/../lib/gcc/arm-none-eabi/13.3.1/thumb/v7e-m+fp/hard\libgcc.a(_aeabi_uldivmod.o)
                0x080003b0                __aeabi_uldivmod
 .text          0x080003e0      0x2f8 C:/ST/STM32CubeIDE_1.19.0/STM32CubeIDE/plugins/com.st.stm32cube.ide.mcu.externaltools.gnu-tools-for-stm32.13.3.rel1.win32_1.0.0.202411081344/tools/bin/../lib/gcc/arm-none-eabi/13.3.1/thumb/v7e-m+fp/hard\libgcc.a(_udivmoddi4.o)
                0x080003e0                __udivmoddi4
 .text          0x080006d8        0x4 C:/ST/STM32CubeIDE_1.19.0/STM32CubeIDE/plugins/com.st.stm32cube.ide.mcu.externaltools.gnu-tools-for-stm32.13.3.rel1.win32_1.0.0.202411081344/tools/bin/../lib/gcc/arm-none-eabi/13.3.1/thumb/v7e-m+fp/hard\libgcc.a(_dvmd_tls.o)
                0x080006d8                __aeabi_idiv0
                0x080006d8                __aeabi_ldiv0
 *(.text*)
 .text.main     0x080006dc       0x3e ./Core/Src/main.o
                0x080006dc                main
 *fill*         0x0800071a        0x2 
 .text.SystemClock_Config
                0x0800071c       0xd4 ./Core/Src/main.o
                0x0800071c                SystemClock_Config
 .text.MX_I2C1_Init
                0x080007f0       0x5c ./Core/Src/main.o
 .text.MX_I2C2_Init
                0x0800084c       0x5c ./Core/Src/main.o
 .text.MX_SPI1_Init
                0x080008a8       0x6c ./Core/Src/main.o
 .text.MX_SPI2_Init
                0x08000914       0x6c ./Core/Src/main.o
 .text.MX_UART5_Init
                0x08000980       0x54 ./Core/Src/main.o
 .text.MX_USART2_UART_Init
                0x080009d4       0x54 ./Core/Src/main.o
 .text.MX_USART3_UART_Init
                0x08000a28       0x54 ./Core/Src/main.o
 .text.MX_DMA_Init
                0x08000a7c       0x70 ./Core/Src/main.o
 .text.MX_GPIO_Init
                0x08000aec      0x29c ./Core/Src/main.o
 .text.HAL_SPI_TxCpltCallback
                0x08000d88       0x28 ./Core/Src/main.o
                0x08000d88                HAL_SPI_TxCpltCallback
 .text.HAL_SPI_RxCpltCallback
                0x08000db0       0x28 ./Core/Src/main.o
                0x08000db0                HAL_SPI_RxCpltCallback
 .text.HAL_SPI_ErrorCallback
                0x08000dd8       0x3c ./Core/Src/main.o
                0x08000dd8                HAL_SPI_ErrorCallback
 .text.HAL_UART_TxCpltCallback
                0x08000e14       0x24 ./Core/Src/main.o
                0x08000e14                HAL_UART_TxCpltCallback
 .text.HAL_UARTEx_RxEventCallback
                0x08000e38       0x30 ./Core/Src/main.o
                0x08000e38                HAL_UARTEx_RxEventCallback
 .text.HAL_UART_RxCpltCallback
                0x08000e68       0x2c ./Core/Src/main.o
                0x08000e68                HAL_UART_RxCpltCallback
 .text.HAL_UART_ErrorCallback
                0x08000e94       0x74 ./Core/Src/main.o
                0x08000e94                HAL_UART_ErrorCallback
 .text.HAL_TIM_PeriodElapsedCallback
                0x08000f08       0x24 ./Core/Src/main.o
                0x08000f08                HAL_TIM_PeriodElapsedCallback
 .text.Error_Handler
                0x08000f2c        0xe ./Core/Src/main.o
                0x08000f2c                Error_Handler
 *fill*         0x08000f3a        0x2 
 .text.HAL_MspInit
                0x08000f3c       0x5c ./Core/Src/stm32f4xx_hal_msp.o
                0x08000f3c                HAL_MspInit
 .text.HAL_I2C_MspInit
                0x08000f98       0xfc ./Core/Src/stm32f4xx_hal_msp.o
                0x08000f98                HAL_I2C_MspInit
 .text.HAL_SPI_MspInit
                0x08001094      0x1c4 ./Core/Src/stm32f4xx_hal_msp.o
                0x08001094                HAL_SPI_MspInit
 .text.HAL_UART_MspInit
                0x08001258      0x280 ./Core/Src/stm32f4xx_hal_msp.o
                0x08001258                HAL_UART_MspInit
 .text.HAL_InitTick
                0x080014d8       0xf8 ./Core/Src/stm32f4xx_hal_timebase_tim.o
                0x080014d8                HAL_InitTick
 .text.NMI_Handler
                0x080015d0        0x8 ./Core/Src/stm32f4xx_it.o
                0x080015d0                NMI_Handler
 .text.HardFault_Handler
                0x080015d8        0x8 ./Core/Src/stm32f4xx_it.o
                0x080015d8                HardFault_Handler
 .text.MemManage_Handler
                0x080015e0        0x8 ./Core/Src/stm32f4xx_it.o
                0x080015e0                MemManage_Handler
 .text.BusFault_Handler
                0x080015e8        0x8 ./Core/Src/stm32f4xx_it.o
                0x080015e8                BusFault_Handler
 .text.UsageFault_Handler
                0x080015f0        0x8 ./Core/Src/stm32f4xx_it.o
                0x080015f0                UsageFault_Handler
 .text.DebugMon_Handler
                0x080015f8        0xe ./Core/Src/stm32f4xx_it.o
                0x080015f8                DebugMon_Handler
 *fill*         0x08001606        0x2 
 .text.DMA1_Stream0_IRQHandler
                0x08001608       0x14 ./Core/Src/stm32f4xx_it.o
                0x08001608                DMA1_Stream0_IRQHandler
 .text.DMA1_Stream3_IRQHandler
                0x0800161c       0x14 ./Core/Src/stm32f4xx_it.o
                0x0800161c                DMA1_Stream3_IRQHandler
 .text.DMA1_Stream4_IRQHandler
                0x08001630       0x14 ./Core/Src/stm32f4xx_it.o
                0x08001630                DMA1_Stream4_IRQHandler
 .text.DMA1_Stream7_IRQHandler
                0x08001644       0x14 ./Core/Src/stm32f4xx_it.o
                0x08001644                DMA1_Stream7_IRQHandler
 .text.UART5_IRQHandler
                0x08001658       0x14 ./Core/Src/stm32f4xx_it.o
                0x08001658                UART5_IRQHandler
 .text.TIM6_DAC_IRQHandler
                0x0800166c       0x14 ./Core/Src/stm32f4xx_it.o
                0x0800166c                TIM6_DAC_IRQHandler
 .text.SystemInit
                0x08001680       0x24 ./Core/Src/system_stm32f4xx.o
                0x08001680                SystemInit
 .text.Reset_Handler
                0x080016a4       0x50 ./Core/Startup/startup_stm32f407vgtx.o
                0x080016a4                Reset_Handler
 .text.Default_Handler
                0x080016f4        0x2 ./Core/Startup/startup_stm32f407vgtx.o
                0x080016f4                RTC_Alarm_IRQHandler
                0x080016f4                HASH_RNG_IRQHandler
                0x080016f4                EXTI2_IRQHandler
                0x080016f4                TIM8_CC_IRQHandler
                0x080016f4                TIM1_CC_IRQHandler
                0x080016f4                DMA2_Stream5_IRQHandler
                0x080016f4                DMA1_Stream5_IRQHandler
                0x080016f4                PVD_IRQHandler
                0x080016f4                SDIO_IRQHandler
                0x080016f4                TAMP_STAMP_IRQHandler
                0x080016f4                CAN2_RX1_IRQHandler
                0x080016f4                EXTI3_IRQHandler
                0x080016f4                TIM8_TRG_COM_TIM14_IRQHandler
                0x080016f4                TIM1_UP_TIM10_IRQHandler
                0x080016f4                TIM8_UP_TIM13_IRQHandler
                0x080016f4                I2C3_ER_IRQHandler
                0x080016f4                EXTI0_IRQHandler
                0x080016f4                I2C2_EV_IRQHandler
                0x080016f4                DMA1_Stream2_IRQHandler
                0x080016f4                CAN1_RX0_IRQHandler
                0x080016f4                FPU_IRQHandler
                0x080016f4                OTG_HS_WKUP_IRQHandler
                0x080016f4                CAN2_SCE_IRQHandler
                0x080016f4                DMA2_Stream2_IRQHandler
                0x080016f4                SPI1_IRQHandler
                0x080016f4                TIM1_BRK_TIM9_IRQHandler
                0x080016f4                DCMI_IRQHandler
                0x080016f4                CAN2_RX0_IRQHandler
                0x080016f4                DMA2_Stream3_IRQHandler
                0x080016f4                USART6_IRQHandler
                0x080016f4                USART3_IRQHandler
                0x080016f4                CAN1_RX1_IRQHandler
                0x080016f4                DMA2_Stream0_IRQHandler
                0x080016f4                TIM4_IRQHandler
                0x080016f4                I2C1_EV_IRQHandler
                0x080016f4                DMA1_Stream6_IRQHandler
                0x080016f4                DMA1_Stream1_IRQHandler
                0x080016f4                UART4_IRQHandler
                0x080016f4                TIM3_IRQHandler
                0x080016f4                RCC_IRQHandler
                0x080016f4                TIM8_BRK_TIM12_IRQHandler
                0x080016f4                Default_Handler
                0x080016f4                EXTI15_10_IRQHandler
                0x080016f4                ADC_IRQHandler
                0x080016f4                TIM7_IRQHandler
                0x080016f4                CAN2_TX_IRQHandler
                0x080016f4                TIM5_IRQHandler
                0x080016f4                DMA2_Stream7_IRQHandler
                0x080016f4                I2C3_EV_IRQHandler
                0x080016f4                EXTI9_5_IRQHandler
                0x080016f4                RTC_WKUP_IRQHandler
                0x080016f4                ETH_WKUP_IRQHandler
                0x080016f4                SPI2_IRQHandler
                0x080016f4                OTG_HS_EP1_IN_IRQHandler
                0x080016f4                CAN1_TX_IRQHandler
                0x080016f4                EXTI4_IRQHandler
                0x080016f4                FSMC_IRQHandler
                0x080016f4                ETH_IRQHandler
                0x080016f4                OTG_HS_EP1_OUT_IRQHandler
                0x080016f4                WWDG_IRQHandler
                0x080016f4                TIM2_IRQHandler
                0x080016f4                OTG_FS_WKUP_IRQHandler
                0x080016f4                TIM1_TRG_COM_TIM11_IRQHandler
                0x080016f4                OTG_HS_IRQHandler
                0x080016f4                EXTI1_IRQHandler
                0x080016f4                I2C2_ER_IRQHandler
                0x080016f4                DMA2_Stream1_IRQHandler
                0x080016f4                CAN1_SCE_IRQHandler
                0x080016f4                FLASH_IRQHandler
                0x080016f4                DMA2_Stream4_IRQHandler
                0x080016f4                USART1_IRQHandler
                0x080016f4                OTG_FS_IRQHandler
                0x080016f4                SPI3_IRQHandler
                0x080016f4                I2C1_ER_IRQHandler
                0x080016f4                DMA2_Stream6_IRQHandler
 *fill*         0x080016f6        0x2 
 .text.HAL_Init
                0x080016f8       0x44 ./Drivers/STM32F4xx_HAL_Driver/Src/stm32f4xx_hal.o
                0x080016f8                HAL_Init
 .text.HAL_IncTick
                0x0800173c       0x28 ./Drivers/STM32F4xx_HAL_Driver/Src/stm32f4xx_hal.o
                0x0800173c                HAL_IncTick
 .text.HAL_GetTick
                0x08001764       0x18 ./Drivers/STM32F4xx_HAL_Driver/Src/stm32f4xx_hal.o
                0x08001764                HAL_GetTick
 .text.__NVIC_SetPriorityGrouping
                0x0800177c       0x48 ./Drivers/STM32F4xx_HAL_Driver/Src/stm32f4xx_hal_cortex.o
 .text.__NVIC_GetPriorityGrouping
                0x080017c4       0x1c ./Drivers/STM32F4xx_HAL_Driver/Src/stm32f4xx_hal_cortex.o
 .text.__NVIC_EnableIRQ
                0x080017e0       0x3c ./Drivers/STM32F4xx_HAL_Driver/Src/stm32f4xx_hal_cortex.o
 .text.__NVIC_SetPriority
                0x0800181c       0x54 ./Drivers/STM32F4xx_HAL_Driver/Src/stm32f4xx_hal_cortex.o
 .text.NVIC_EncodePriority
                0x08001870       0x66 ./Drivers/STM32F4xx_HAL_Driver/Src/stm32f4xx_hal_cortex.o
 .text.HAL_NVIC_SetPriorityGrouping
                0x080018d6       0x16 ./Drivers/STM32F4xx_HAL_Driver/Src/stm32f4xx_hal_cortex.o
                0x080018d6                HAL_NVIC_SetPriorityGrouping
 .text.HAL_NVIC_SetPriority
                0x080018ec       0x38 ./Drivers/STM32F4xx_HAL_Driver/Src/stm32f4xx_hal_cortex.o
                0x080018ec                HAL_NVIC_SetPriority
 .text.HAL_NVIC_EnableIRQ
                0x08001924       0x1c ./Drivers/STM32F4xx_HAL_Driver/Src/stm32f4xx_hal_cortex.o
                0x08001924                HAL_NVIC_EnableIRQ
 .text.HAL_DMA_Init
                0x08001940      0x15c ./Drivers/STM32F4xx_HAL_Driver/Src/stm32f4xx_hal_dma.o
                0x08001940                HAL_DMA_Init
 .text.HAL_DMA_Start_IT
                0x08001a9c       0xb0 ./Drivers/STM32F4xx_HAL_Driver/Src/stm32f4xx_hal_dma.o
                0x08001a9c                HAL_DMA_Start_IT
 .text.HAL_DMA_Abort
                0x08001b4c       0xe0 ./Drivers/STM32F4xx_HAL_Driver/Src/stm32f4xx_hal_dma.o
                0x08001b4c                HAL_DMA_Abort
 .text.HAL_DMA_Abort_IT
                0x08001c2c       0x44 ./Drivers/STM32F4xx_HAL_Driver/Src/stm32f4xx_hal_dma.o
                0x08001c2c                HAL_DMA_Abort_IT
 .text.HAL_DMA_IRQHandler
                0x08001c70      0x314 ./Drivers/STM32F4xx_HAL_Driver/Src/stm32f4xx_hal_dma.o
                0x08001c70                HAL_DMA_IRQHandler
 .text.DMA_SetConfig
                0x08001f84       0x5c ./Drivers/STM32F4xx_HAL_Driver/Src/stm32f4xx_hal_dma.o
 .text.DMA_CalcBaseAndBitshift
                0x08001fe0       0x6c ./Drivers/STM32F4xx_HAL_Driver/Src/stm32f4xx_hal_dma.o
 .text.DMA_CheckFifoParam
                0x0800204c       0xf8 ./Drivers/STM32F4xx_HAL_Driver/Src/stm32f4xx_hal_dma.o
 .text.HAL_GPIO_Init
                0x08002144      0x338 ./Drivers/STM32F4xx_HAL_Driver/Src/stm32f4xx_hal_gpio.o
                0x08002144                HAL_GPIO_Init
 .text.HAL_GPIO_WritePin
                0x0800247c       0x32 ./Drivers/STM32F4xx_HAL_Driver/Src/stm32f4xx_hal_gpio.o
                0x0800247c                HAL_GPIO_WritePin
 *fill*         0x080024ae        0x2 
 .text.HAL_I2C_Init
                0x080024b0      0x288 ./Drivers/STM32F4xx_HAL_Driver/Src/stm32f4xx_hal_i2c.o
                0x080024b0                HAL_I2C_Init
 .text.HAL_RCC_OscConfig
                0x08002738      0x4f0 ./Drivers/STM32F4xx_HAL_Driver/Src/stm32f4xx_hal_rcc.o
                0x08002738                HAL_RCC_OscConfig
 .text.HAL_RCC_ClockConfig
                0x08002c28      0x1cc ./Drivers/STM32F4xx_HAL_Driver/Src/stm32f4xx_hal_rcc.o
                0x08002c28                HAL_RCC_ClockConfig
 .text.HAL_RCC_GetSysClockFreq
                0x08002df4      0x20c ./Drivers/STM32F4xx_HAL_Driver/Src/stm32f4xx_hal_rcc.o
                0x08002df4                HAL_RCC_GetSysClockFreq
 .text.HAL_RCC_GetHCLKFreq
                0x08003000       0x18 ./Drivers/STM32F4xx_HAL_Driver/Src/stm32f4xx_hal_rcc.o
                0x08003000                HAL_RCC_GetHCLKFreq
 .text.HAL_RCC_GetPCLK1Freq
                0x08003018       0x28 ./Drivers/STM32F4xx_HAL_Driver/Src/stm32f4xx_hal_rcc.o
                0x08003018                HAL_RCC_GetPCLK1Freq
 .text.HAL_RCC_GetPCLK2Freq
                0x08003040       0x28 ./Drivers/STM32F4xx_HAL_Driver/Src/stm32f4xx_hal_rcc.o
                0x08003040                HAL_RCC_GetPCLK2Freq
 .text.HAL_RCC_GetClockConfig
                0x08003068       0x64 ./Drivers/STM32F4xx_HAL_Driver/Src/stm32f4xx_hal_rcc.o
                0x08003068                HAL_RCC_GetClockConfig
 .text.HAL_SPI_Init
                0x080030cc      0x112 ./Drivers/STM32F4xx_HAL_Driver/Src/stm32f4xx_hal_spi.o
                0x080030cc                HAL_SPI_Init
 *fill*         0x080031de        0x2 
 .text.HAL_SPI_Transmit_DMA
                0x080031e0      0x164 ./Drivers/STM32F4xx_HAL_Driver/Src/stm32f4xx_hal_spi.o
                0x080031e0                HAL_SPI_Transmit_DMA
 .text.HAL_SPI_Receive_DMA
                0x08003344      0x188 ./Drivers/STM32F4xx_HAL_Driver/Src/stm32f4xx_hal_spi.o
                0x08003344                HAL_SPI_Receive_DMA
 .text.HAL_SPI_TransmitReceive_DMA
                0x080034cc      0x1f8 ./Drivers/STM32F4xx_HAL_Driver/Src/stm32f4xx_hal_spi.o
                0x080034cc                HAL_SPI_TransmitReceive_DMA
 .text.HAL_SPI_TxRxCpltCallback
                0x080036c4       0x14 ./Drivers/STM32F4xx_HAL_Driver/Src/stm32f4xx_hal_spi.o
                0x080036c4                HAL_SPI_TxRxCpltCallback
 .text.HAL_SPI_TxHalfCpltCallback
                0x080036d8       0x14 ./Drivers/STM32F4xx_HAL_Driver/Src/stm32f4xx_hal_spi.o
                0x080036d8                HAL_SPI_TxHalfCpltCallback
 .text.HAL_SPI_RxHalfCpltCallback
                0x080036ec       0x14 ./Drivers/STM32F4xx_HAL_Driver/Src/stm32f4xx_hal_spi.o
                0x080036ec                HAL_SPI_RxHalfCpltCallback
 .text.HAL_SPI_TxRxHalfCpltCallback
                0x08003700       0x14 ./Drivers/STM32F4xx_HAL_Driver/Src/stm32f4xx_hal_spi.o
                0x08003700                HAL_SPI_TxRxHalfCpltCallback
 .text.SPI_DMATransmitCplt
                0x08003714       0xa8 ./Drivers/STM32F4xx_HAL_Driver/Src/stm32f4xx_hal_spi.o
 .text.SPI_DMAReceiveCplt
                0x080037bc       0xa8 ./Drivers/STM32F4xx_HAL_Driver/Src/stm32f4xx_hal_spi.o
 .text.SPI_DMATransmitReceiveCplt
                0x08003864       0x90 ./Drivers/STM32F4xx_HAL_Driver/Src/stm32f4xx_hal_spi.o
 .text.SPI_DMAHalfTransmitCplt
                0x080038f4       0x1c ./Drivers/STM32F4xx_HAL_Driver/Src/stm32f4xx_hal_spi.o
 .text.SPI_DMAHalfReceiveCplt
                0x08003910       0x1c ./Drivers/STM32F4xx_HAL_Driver/Src/stm32f4xx_hal_spi.o
 .text.SPI_DMAHalfTransmitReceiveCplt
                0x0800392c       0x1c ./Drivers/STM32F4xx_HAL_Driver/Src/stm32f4xx_hal_spi.o
 .text.SPI_DMAError
                0x08003948       0x40 ./Drivers/STM32F4xx_HAL_Driver/Src/stm32f4xx_hal_spi.o
 .text.SPI_WaitFlagStateUntilTimeout
                0x08003988      0x110 ./Drivers/STM32F4xx_HAL_Driver/Src/stm32f4xx_hal_spi.o
 .text.SPI_EndRxTransaction
                0x08003a98       0xca ./Drivers/STM32F4xx_HAL_Driver/Src/stm32f4xx_hal_spi.o
 *fill*         0x08003b62        0x2 
 .text.SPI_EndRxTxTransaction
                0x08003b64       0xa8 ./Drivers/STM32F4xx_HAL_Driver/Src/stm32f4xx_hal_spi.o
 .text.HAL_TIM_Base_Init
                0x08003c0c       0x9e ./Drivers/STM32F4xx_HAL_Driver/Src/stm32f4xx_hal_tim.o
                0x08003c0c                HAL_TIM_Base_Init
 .text.HAL_TIM_Base_MspInit
                0x08003caa       0x14 ./Drivers/STM32F4xx_HAL_Driver/Src/stm32f4xx_hal_tim.o
                0x08003caa                HAL_TIM_Base_MspInit
 *fill*         0x08003cbe        0x2 
 .text.HAL_TIM_Base_Start_IT
                0x08003cc0       0xe0 ./Drivers/STM32F4xx_HAL_Driver/Src/stm32f4xx_hal_tim.o
                0x08003cc0                HAL_TIM_Base_Start_IT
 .text.HAL_TIM_IRQHandler
                0x08003da0      0x1e0 ./Drivers/STM32F4xx_HAL_Driver/Src/stm32f4xx_hal_tim.o
                0x08003da0                HAL_TIM_IRQHandler
 .text.HAL_TIM_OC_DelayElapsedCallback
                0x08003f80       0x14 ./Drivers/STM32F4xx_HAL_Driver/Src/stm32f4xx_hal_tim.o
                0x08003f80                HAL_TIM_OC_DelayElapsedCallback
 .text.HAL_TIM_IC_CaptureCallback
                0x08003f94       0x14 ./Drivers/STM32F4xx_HAL_Driver/Src/stm32f4xx_hal_tim.o
                0x08003f94                HAL_TIM_IC_CaptureCallback
 .text.HAL_TIM_PWM_PulseFinishedCallback
                0x08003fa8       0x14 ./Drivers/STM32F4xx_HAL_Driver/Src/stm32f4xx_hal_tim.o
                0x08003fa8                HAL_TIM_PWM_PulseFinishedCallback
 .text.HAL_TIM_TriggerCallback
                0x08003fbc       0x14 ./Drivers/STM32F4xx_HAL_Driver/Src/stm32f4xx_hal_tim.o
                0x08003fbc                HAL_TIM_TriggerCallback
 .text.TIM_Base_SetConfig
                0x08003fd0      0x14c ./Drivers/STM32F4xx_HAL_Driver/Src/stm32f4xx_hal_tim.o
                0x08003fd0                TIM_Base_SetConfig
 .text.HAL_TIMEx_CommutCallback
                0x0800411c       0x14 ./Drivers/STM32F4xx_HAL_Driver/Src/stm32f4xx_hal_tim_ex.o
                0x0800411c                HAL_TIMEx_CommutCallback
 .text.HAL_TIMEx_BreakCallback
                0x08004130       0x14 ./Drivers/STM32F4xx_HAL_Driver/Src/stm32f4xx_hal_tim_ex.o
                0x08004130                HAL_TIMEx_BreakCallback
 .text.HAL_UART_Init
                0x08004144       0xa0 ./Drivers/STM32F4xx_HAL_Driver/Src/stm32f4xx_hal_uart.o
                0x08004144                HAL_UART_Init
 .text.HAL_UART_Transmit_DMA
                0x080041e4       0xf8 ./Drivers/STM32F4xx_HAL_Driver/Src/stm32f4xx_hal_uart.o
                0x080041e4                HAL_UART_Transmit_DMA
 .text.HAL_UARTEx_ReceiveToIdle_DMA
                0x080042dc       0xb2 ./Drivers/STM32F4xx_HAL_Driver/Src/stm32f4xx_hal_uart.o
                0x080042dc                HAL_UARTEx_ReceiveToIdle_DMA
 *fill*         0x0800438e        0x2 
 .text.HAL_UART_IRQHandler
                0x08004390      0x554 ./Drivers/STM32F4xx_HAL_Driver/Src/stm32f4xx_hal_uart.o
                0x08004390                HAL_UART_IRQHandler
 .text.HAL_UART_TxHalfCpltCallback
                0x080048e4       0x14 ./Drivers/STM32F4xx_HAL_Driver/Src/stm32f4xx_hal_uart.o
                0x080048e4                HAL_UART_TxHalfCpltCallback
 .text.HAL_UART_RxHalfCpltCallback
                0x080048f8       0x14 ./Drivers/STM32F4xx_HAL_Driver/Src/stm32f4xx_hal_uart.o
                0x080048f8                HAL_UART_RxHalfCpltCallback
 .text.UART_DMATransmitCplt
                0x0800490c       0x9a ./Drivers/STM32F4xx_HAL_Driver/Src/stm32f4xx_hal_uart.o
 .text.UART_DMATxHalfCplt
                0x080049a6       0x1c ./Drivers/STM32F4xx_HAL_Driver/Src/stm32f4xx_hal_uart.o
 .text.UART_DMAReceiveCplt
                0x080049c2      0x12c ./Drivers/STM32F4xx_HAL_Driver/Src/stm32f4xx_hal_uart.o
 .text.UART_DMARxHalfCplt
                0x08004aee       0x3c ./Drivers/STM32F4xx_HAL_Driver/Src/stm32f4xx_hal_uart.o
 .text.UART_DMAError
                0x08004b2a       0x94 ./Drivers/STM32F4xx_HAL_Driver/Src/stm32f4xx_hal_uart.o
 *fill*         0x08004bbe        0x2 
 .text.UART_Start_Receive_DMA
                0x08004bc0      0x14c ./Drivers/STM32F4xx_HAL_Driver/Src/stm32f4xx_hal_uart.o
                0x08004bc0                UART_Start_Receive_DMA
 .text.UART_EndTxTransfer
                0x08004d0c       0x50 ./Drivers/STM32F4xx_HAL_Driver/Src/stm32f4xx_hal_uart.o
 .text.UART_EndRxTransfer
                0x08004d5c       0xc6 ./Drivers/STM32F4xx_HAL_Driver/Src/stm32f4xx_hal_uart.o
 .text.UART_DMAAbortOnError
                0x08004e22       0x22 ./Drivers/STM32F4xx_HAL_Driver/Src/stm32f4xx_hal_uart.o
 .text.UART_Transmit_IT
                0x08004e44       0xa0 ./Drivers/STM32F4xx_HAL_Driver/Src/stm32f4xx_hal_uart.o
 .text.UART_EndTransmit_IT
                0x08004ee4       0x30 ./Drivers/STM32F4xx_HAL_Driver/Src/stm32f4xx_hal_uart.o
 .text.UART_Receive_IT
                0x08004f14      0x17c ./Drivers/STM32F4xx_HAL_Driver/Src/stm32f4xx_hal_uart.o
 .text.UART_SetConfig
                0x08005090      0x4e8 ./Drivers/STM32F4xx_HAL_Driver/Src/stm32f4xx_hal_uart.o
 .text.vListInitialise
                0x08005578       0x44 ./Thirdparty/FreeRTOS/list.o
                0x08005578                vListInitialise
 .text.vListInitialiseItem
                0x080055bc       0x1e ./Thirdparty/FreeRTOS/list.o
                0x080055bc                vListInitialiseItem
 .text.vListInsertEnd
                0x080055da       0x4c ./Thirdparty/FreeRTOS/list.o
                0x080055da                vListInsertEnd
 .text.vListInsert
                0x08005626       0x76 ./Thirdparty/FreeRTOS/list.o
                0x08005626                vListInsert
 .text.uxListRemove
                0x0800569c       0x5e ./Thirdparty/FreeRTOS/list.o
                0x0800569c                uxListRemove
 *fill*         0x080056fa        0x2 
 .text.xQueueGenericReset
                0x080056fc      0x12c ./Thirdparty/FreeRTOS/queue.o
                0x080056fc                xQueueGenericReset
 .text.xQueueGenericCreate
                0x08005828       0xb0 ./Thirdparty/FreeRTOS/queue.o
                0x08005828                xQueueGenericCreate
 .text.prvInitialiseNewQueue
                0x080058d8       0x46 ./Thirdparty/FreeRTOS/queue.o
 .text.prvInitialiseMutex
                0x0800591e       0x34 ./Thirdparty/FreeRTOS/queue.o
 .text.xQueueCreateMutex
                0x08005952       0x42 ./Thirdparty/FreeRTOS/queue.o
                0x08005952                xQueueCreateMutex
 .text.xQueueGenericSend
                0x08005994      0x1ec ./Thirdparty/FreeRTOS/queue.o
                0x08005994                xQueueGenericSend
 .text.xQueueSemaphoreTake
                0x08005b80      0x1e8 ./Thirdparty/FreeRTOS/queue.o
                0x08005b80                xQueueSemaphoreTake
 .text.prvGetDisinheritPriorityAfterTimeout
                0x08005d68       0x30 ./Thirdparty/FreeRTOS/queue.o
 .text.prvCopyDataToQueue
                0x08005d98       0xd4 ./Thirdparty/FreeRTOS/queue.o
 .text.prvUnlockQueue
                0x08005e6c       0xa4 ./Thirdparty/FreeRTOS/queue.o
 .text.prvIsQueueEmpty
                0x08005f10       0x2c ./Thirdparty/FreeRTOS/queue.o
 .text.prvIsQueueFull
                0x08005f3c       0x30 ./Thirdparty/FreeRTOS/queue.o
 .text.prvCreateTask
                0x08005f6c       0x78 ./Thirdparty/FreeRTOS/tasks.o
 .text.xTaskCreate
                0x08005fe4       0x50 ./Thirdparty/FreeRTOS/tasks.o
                0x08005fe4                xTaskCreate
 .text.prvInitialiseNewTask
                0x08006034      0x120 ./Thirdparty/FreeRTOS/tasks.o
 .text.prvAddNewTaskToReadyList
                0x08006154      0x16c ./Thirdparty/FreeRTOS/tasks.o
 .text.vTaskDelete
                0x080062c0      0x180 ./Thirdparty/FreeRTOS/tasks.o
                0x080062c0                vTaskDelete
 .text.vTaskDelay
                0x08006440       0x70 ./Thirdparty/FreeRTOS/tasks.o
                0x08006440                vTaskDelay
 .text.prvCreateIdleTasks
                0x080064b0       0x94 ./Thirdparty/FreeRTOS/tasks.o
 .text.vTaskStartScheduler
                0x08006544       0xa8 ./Thirdparty/FreeRTOS/tasks.o
                0x08006544                vTaskStartScheduler
 .text.vTaskSuspendAll
                0x080065ec       0x1c ./Thirdparty/FreeRTOS/tasks.o
                0x080065ec                vTaskSuspendAll
 .text.xTaskResumeAll
                0x08006608      0x224 ./Thirdparty/FreeRTOS/tasks.o
                0x08006608                xTaskResumeAll
 .text.xTaskGetTickCountFromISR
                0x0800682c       0x2c ./Thirdparty/FreeRTOS/tasks.o
                0x0800682c                xTaskGetTickCountFromISR
 .text.xTaskIncrementTick
                0x08006858      0x244 ./Thirdparty/FreeRTOS/tasks.o
                0x08006858                xTaskIncrementTick
 .text.vTaskSwitchContext
                0x08006a9c       0xd8 ./Thirdparty/FreeRTOS/tasks.o
                0x08006a9c                vTaskSwitchContext
 .text.vTaskPlaceOnEventList
                0x08006b74       0x50 ./Thirdparty/FreeRTOS/tasks.o
                0x08006b74                vTaskPlaceOnEventList
 .text.xTaskRemoveFromEventList
                0x08006bc4      0x1c0 ./Thirdparty/FreeRTOS/tasks.o
                0x08006bc4                xTaskRemoveFromEventList
 .text.vTaskInternalSetTimeOutState
                0x08006d84       0x30 ./Thirdparty/FreeRTOS/tasks.o
                0x08006d84                vTaskInternalSetTimeOutState
 .text.xTaskCheckForTimeOut
                0x08006db4       0xd8 ./Thirdparty/FreeRTOS/tasks.o
                0x08006db4                xTaskCheckForTimeOut
 .text.vTaskMissedYield
                0x08006e8c       0x18 ./Thirdparty/FreeRTOS/tasks.o
                0x08006e8c                vTaskMissedYield
 .text.prvIdleTask
                0x08006ea4       0x30 ./Thirdparty/FreeRTOS/tasks.o
 .text.prvInitialiseTaskLists
                0x08006ed4       0x80 ./Thirdparty/FreeRTOS/tasks.o
 .text.prvCheckTasksWaitingTermination
                0x08006f54       0x5c ./Thirdparty/FreeRTOS/tasks.o
 .text.prvDeleteTCB
                0x08006fb0       0x20 ./Thirdparty/FreeRTOS/tasks.o
 .text.prvResetNextTaskUnblockTime
                0x08006fd0       0x38 ./Thirdparty/FreeRTOS/tasks.o
 .text.xTaskPriorityInherit
                0x08007008      0x154 ./Thirdparty/FreeRTOS/tasks.o
                0x08007008                xTaskPriorityInherit
 .text.xTaskPriorityDisinherit
                0x0800715c      0x160 ./Thirdparty/FreeRTOS/tasks.o
                0x0800715c                xTaskPriorityDisinherit
 .text.vTaskPriorityDisinheritAfterTimeout
                0x080072bc      0x188 ./Thirdparty/FreeRTOS/tasks.o
                0x080072bc                vTaskPriorityDisinheritAfterTimeout
 .text.pvTaskIncrementMutexHeldCount
                0x08007444       0x3c ./Thirdparty/FreeRTOS/tasks.o
                0x08007444                pvTaskIncrementMutexHeldCount
 .text.ulTaskGenericNotifyTake
                0x08007480       0xfc ./Thirdparty/FreeRTOS/tasks.o
                0x08007480                ulTaskGenericNotifyTake
 .text.xTaskGenericNotifyWait
                0x0800757c      0x130 ./Thirdparty/FreeRTOS/tasks.o
                0x0800757c                xTaskGenericNotifyWait
 .text.xTaskGenericNotifyFromISR
                0x080076ac      0x2d8 ./Thirdparty/FreeRTOS/tasks.o
                0x080076ac                xTaskGenericNotifyFromISR
 .text.prvAddCurrentTaskToDelayedList
                0x08007984      0x11c ./Thirdparty/FreeRTOS/tasks.o
 .text.pxPortInitialiseStack
                0x08007aa0       0x68 ./Thirdparty/FreeRTOS/portable/GCC/ARM_CM4F/port.o
                0x08007aa0                pxPortInitialiseStack
 .text.prvTaskExitError
                0x08007b08       0x5c ./Thirdparty/FreeRTOS/portable/GCC/ARM_CM4F/port.o
 *fill*         0x08007b64        0xc 
 .text.SVC_Handler
                0x08007b70       0x28 ./Thirdparty/FreeRTOS/portable/GCC/ARM_CM4F/port.o
                0x08007b70                SVC_Handler
 .text.prvPortStartFirstTask
                0x08007b98       0x2c ./Thirdparty/FreeRTOS/portable/GCC/ARM_CM4F/port.o
 .text.xPortStartScheduler
                0x08007bc4      0x1e0 ./Thirdparty/FreeRTOS/portable/GCC/ARM_CM4F/port.o
                0x08007bc4                xPortStartScheduler
 .text.vInitPrioGroupValue
                0x08007da4      0x100 ./Thirdparty/FreeRTOS/portable/GCC/ARM_CM4F/port.o
                0x08007da4                vInitPrioGroupValue
 .text.vPortEnterCritical
                0x08007ea4       0x64 ./Thirdparty/FreeRTOS/portable/GCC/ARM_CM4F/port.o
                0x08007ea4                vPortEnterCritical
 .text.vPortExitCritical
                0x08007f08       0x54 ./Thirdparty/FreeRTOS/portable/GCC/ARM_CM4F/port.o
                0x08007f08                vPortExitCritical
 *fill*         0x08007f5c        0x4 
 .text.PendSV_Handler
                0x08007f60       0x68 ./Thirdparty/FreeRTOS/portable/GCC/ARM_CM4F/port.o
                0x08007f60                PendSV_Handler
 .text.SysTick_Handler
                0x08007fc8       0x54 ./Thirdparty/FreeRTOS/portable/GCC/ARM_CM4F/port.o
                0x08007fc8                SysTick_Handler
 .text.vPortSetupTimerInterrupt
                0x0800801c       0x48 ./Thirdparty/FreeRTOS/portable/GCC/ARM_CM4F/port.o
                0x0800801c                vPortSetupTimerInterrupt
 .text.vPortEnableVFP
                0x08008064       0x18 ./Thirdparty/FreeRTOS/portable/GCC/ARM_CM4F/port.o
 .text.vPortValidateInterruptPriority
                0x0800807c       0x84 ./Thirdparty/FreeRTOS/portable/GCC/ARM_CM4F/port.o
                0x0800807c                vPortValidateInterruptPriority
 .text.pvPortMalloc
                0x08008100      0x264 ./Thirdparty/FreeRTOS/portable/MemMang/heap_4.o
                0x08008100                pvPortMalloc
 .text.vPortFree
                0x08008364       0xec ./Thirdparty/FreeRTOS/portable/MemMang/heap_4.o
                0x08008364                vPortFree
 .text.prvHeapInit
                0x08008450       0xb4 ./Thirdparty/FreeRTOS/portable/MemMang/heap_4.o
 .text.prvInsertBlockIntoFreeList
                0x08008504       0xf4 ./Thirdparty/FreeRTOS/portable/MemMang/heap_4.o
 .text._cbSendSystemDesc
                0x080085f8       0x1c ./Thirdparty/SEGGER/Config/SEGGER_SYSVIEW_Config_FreeRTOS.o
 .text.SEGGER_SYSVIEW_Conf
                0x08008614       0x2c ./Thirdparty/SEGGER/Config/SEGGER_SYSVIEW_Config_FreeRTOS.o
                0x08008614                SEGGER_SYSVIEW_Conf
 .text._cbSendTaskList
                0x08008640       0x90 ./Thirdparty/SEGGER/OS/SEGGER_SYSVIEW_FreeRTOS.o
 .text._cbGetTime
                0x080086d0       0x86 ./Thirdparty/SEGGER/OS/SEGGER_SYSVIEW_FreeRTOS.o
 *fill*         0x08008756        0x2 
 .text.SYSVIEW_AddTask
                0x08008758       0xd0 ./Thirdparty/SEGGER/OS/SEGGER_SYSVIEW_FreeRTOS.o
                0x08008758                SYSVIEW_AddTask
 .text.SYSVIEW_DeleteTask
                0x08008828      0x178 ./Thirdparty/SEGGER/OS/SEGGER_SYSVIEW_FreeRTOS.o
                0x08008828                SYSVIEW_DeleteTask
 .text.SYSVIEW_SendTaskInfo
                0x080089a0       0x42 ./Thirdparty/SEGGER/OS/SEGGER_SYSVIEW_FreeRTOS.o
                0x080089a0                SYSVIEW_SendTaskInfo
 *fill*         0x080089e2        0x2 
 .text.__NVIC_EnableIRQ
                0x080089e4       0x3c ./Thirdparty/SEGGER/Rec/segger_uart.o
 .text.__NVIC_SetPriority
                0x08008a20       0x54 ./Thirdparty/SEGGER/Rec/segger_uart.o
 .text._StartSysView
                0x08008a74       0x1e ./Thirdparty/SEGGER/Rec/segger_uart.o
 *fill*         0x08008a92        0x2 
 .text._cbOnUARTRx
                0x08008a94       0x40 ./Thirdparty/SEGGER/Rec/segger_uart.o
 .text._cbOnUARTTx
                0x08008ad4       0x64 ./Thirdparty/SEGGER/Rec/segger_uart.o
 .text.SEGGER_UART_init
                0x08008b38       0x24 ./Thirdparty/SEGGER/Rec/segger_uart.o
                0x08008b38                SEGGER_UART_init
 .text.USART2_IRQHandler
                0x08008b5c       0x94 ./Thirdparty/SEGGER/Rec/segger_uart.o
                0x08008b5c                USART2_IRQHandler
 .text.HIF_UART_EnableTXEInterrupt
                0x08008bf0       0x20 ./Thirdparty/SEGGER/Rec/segger_uart.o
                0x08008bf0                HIF_UART_EnableTXEInterrupt
 .text.HIF_UART_Init
                0x08008c10       0xf4 ./Thirdparty/SEGGER/Rec/segger_uart.o
                0x08008c10                HIF_UART_Init
 .text._DoInit  0x08008d04       0xb4 ./Thirdparty/SEGGER/SEGGER/SEGGER_RTT.o
 .text._WriteBlocking
                0x08008db8       0xba ./Thirdparty/SEGGER/SEGGER/SEGGER_RTT.o
 .text._WriteNoCheck
                0x08008e72       0x90 ./Thirdparty/SEGGER/SEGGER/SEGGER_RTT.o
 .text._GetAvailWriteSpace
                0x08008f02       0x46 ./Thirdparty/SEGGER/SEGGER/SEGGER_RTT.o
 .text.SEGGER_RTT_ReadUpBufferNoLock
                0x08008f48      0x10c ./Thirdparty/SEGGER/SEGGER/SEGGER_RTT.o
                0x08008f48                SEGGER_RTT_ReadUpBufferNoLock
 .text.SEGGER_RTT_ReadNoLock
                0x08009054      0x10c ./Thirdparty/SEGGER/SEGGER/SEGGER_RTT.o
                0x08009054                SEGGER_RTT_ReadNoLock
 .text.SEGGER_RTT_WriteDownBufferNoLock
                0x08009160       0xa0 ./Thirdparty/SEGGER/SEGGER/SEGGER_RTT.o
                0x08009160                SEGGER_RTT_WriteDownBufferNoLock
 .text.SEGGER_RTT_WriteDownBuffer
                0x08009200       0x4c ./Thirdparty/SEGGER/SEGGER/SEGGER_RTT.o
                0x08009200                SEGGER_RTT_WriteDownBuffer
 .text.SEGGER_RTT_AllocUpBuffer
                0x0800924c      0x108 ./Thirdparty/SEGGER/SEGGER/SEGGER_RTT.o
                0x0800924c                SEGGER_RTT_AllocUpBuffer
 .text.SEGGER_RTT_ConfigDownBuffer
                0x08009354       0x98 ./Thirdparty/SEGGER/SEGGER/SEGGER_RTT.o
                0x08009354                SEGGER_RTT_ConfigDownBuffer
 .text._EncodeStr
                0x080093ec       0x60 ./Thirdparty/SEGGER/SEGGER/SEGGER_SYSVIEW.o
 .text._PreparePacket
                0x0800944c       0x18 ./Thirdparty/SEGGER/SEGGER/SEGGER_SYSVIEW.o
 .text._HandleIncomingPacket
                0x08009464       0xdc ./Thirdparty/SEGGER/SEGGER/SEGGER_SYSVIEW.o
 .text._TrySendOverflowPacket
                0x08009540       0xe8 ./Thirdparty/SEGGER/SEGGER/SEGGER_SYSVIEW.o
 .text._SendPacket
                0x08009628      0x2e0 ./Thirdparty/SEGGER/SEGGER/SEGGER_SYSVIEW.o
 .text._VPrintHost
                0x08009908      0x1a0 ./Thirdparty/SEGGER/SEGGER/SEGGER_SYSVIEW.o
 .text._StoreChar
                0x08009aa8       0xf6 ./Thirdparty/SEGGER/SEGGER/SEGGER_SYSVIEW.o
 *fill*         0x08009b9e        0x2 
 .text._PrintUnsigned
                0x08009ba0      0x12c ./Thirdparty/SEGGER/SEGGER/SEGGER_SYSVIEW.o
 .text._PrintInt
                0x08009ccc      0x11e ./Thirdparty/SEGGER/SEGGER/SEGGER_SYSVIEW.o
 *fill*         0x08009dea        0x2 
 .text._VPrintTarget
                0x08009dec      0x440 ./Thirdparty/SEGGER/SEGGER/SEGGER_SYSVIEW.o
 .text.SEGGER_SYSVIEW_Init
                0x0800a22c       0x88 ./Thirdparty/SEGGER/SEGGER/SEGGER_SYSVIEW.o
                0x0800a22c                SEGGER_SYSVIEW_Init
 .text.SEGGER_SYSVIEW_SetRAMBase
                0x0800a2b4       0x20 ./Thirdparty/SEGGER/SEGGER/SEGGER_SYSVIEW.o
                0x0800a2b4                SEGGER_SYSVIEW_SetRAMBase
 .text.SEGGER_SYSVIEW_RecordVoid
                0x0800a2d4       0x3c ./Thirdparty/SEGGER/SEGGER/SEGGER_SYSVIEW.o
                0x0800a2d4                SEGGER_SYSVIEW_RecordVoid
 .text.SEGGER_SYSVIEW_RecordU32
                0x0800a310       0x78 ./Thirdparty/SEGGER/SEGGER/SEGGER_SYSVIEW.o
                0x0800a310                SEGGER_SYSVIEW_RecordU32
 .text.SEGGER_SYSVIEW_RecordU32x2
                0x0800a388       0xb4 ./Thirdparty/SEGGER/SEGGER/SEGGER_SYSVIEW.o
                0x0800a388                SEGGER_SYSVIEW_RecordU32x2
 .text.SEGGER_SYSVIEW_Start
                0x0800a43c      0x178 ./Thirdparty/SEGGER/SEGGER/SEGGER_SYSVIEW.o
                0x0800a43c                SEGGER_SYSVIEW_Start
 .text.SEGGER_SYSVIEW_Stop
                0x0800a5b4       0x4c ./Thirdparty/SEGGER/SEGGER/SEGGER_SYSVIEW.o
                0x0800a5b4                SEGGER_SYSVIEW_Stop
 .text.SEGGER_SYSVIEW_GetSysDesc
                0x0800a600      0x134 ./Thirdparty/SEGGER/SEGGER/SEGGER_SYSVIEW.o
                0x0800a600                SEGGER_SYSVIEW_GetSysDesc
 .text.SEGGER_SYSVIEW_SendTaskInfo
                0x0800a734      0x1c8 ./Thirdparty/SEGGER/SEGGER/SEGGER_SYSVIEW.o
                0x0800a734                SEGGER_SYSVIEW_SendTaskInfo
 .text.SEGGER_SYSVIEW_SendTaskList
                0x0800a8fc       0x28 ./Thirdparty/SEGGER/SEGGER/SEGGER_SYSVIEW.o
                0x0800a8fc                SEGGER_SYSVIEW_SendTaskList
 .text.SEGGER_SYSVIEW_SendSysDesc
                0x0800a924       0x48 ./Thirdparty/SEGGER/SEGGER/SEGGER_SYSVIEW.o
                0x0800a924                SEGGER_SYSVIEW_SendSysDesc
 .text.SEGGER_SYSVIEW_RecordSystime
                0x0800a96c       0x64 ./Thirdparty/SEGGER/SEGGER/SEGGER_SYSVIEW.o
                0x0800a96c                SEGGER_SYSVIEW_RecordSystime
 .text.SEGGER_SYSVIEW_RecordEnterISR
                0x0800a9d0       0x84 ./Thirdparty/SEGGER/SEGGER/SEGGER_SYSVIEW.o
                0x0800a9d0                SEGGER_SYSVIEW_RecordEnterISR
 .text.SEGGER_SYSVIEW_RecordExitISR
                0x0800aa54       0x38 ./Thirdparty/SEGGER/SEGGER/SEGGER_SYSVIEW.o
                0x0800aa54                SEGGER_SYSVIEW_RecordExitISR
 .text.SEGGER_SYSVIEW_RecordExitISRToScheduler
                0x0800aa8c       0x38 ./Thirdparty/SEGGER/SEGGER/SEGGER_SYSVIEW.o
                0x0800aa8c                SEGGER_SYSVIEW_RecordExitISRToScheduler
 .text.SEGGER_SYSVIEW_RecordEndCall
                0x0800aac4       0x78 ./Thirdparty/SEGGER/SEGGER/SEGGER_SYSVIEW.o
                0x0800aac4                SEGGER_SYSVIEW_RecordEndCall
 .text.SEGGER_SYSVIEW_RecordEndCallU32
                0x0800ab3c       0xb0 ./Thirdparty/SEGGER/SEGGER/SEGGER_SYSVIEW.o
                0x0800ab3c                SEGGER_SYSVIEW_RecordEndCallU32
 .text.SEGGER_SYSVIEW_OnIdle
                0x0800abec       0x38 ./Thirdparty/SEGGER/SEGGER/SEGGER_SYSVIEW.o
                0x0800abec                SEGGER_SYSVIEW_OnIdle
 .text.SEGGER_SYSVIEW_OnTaskCreate
                0x0800ac24       0x84 ./Thirdparty/SEGGER/SEGGER/SEGGER_SYSVIEW.o
                0x0800ac24                SEGGER_SYSVIEW_OnTaskCreate
 .text.SEGGER_SYSVIEW_OnTaskStartExec
                0x0800aca8       0x84 ./Thirdparty/SEGGER/SEGGER/SEGGER_SYSVIEW.o
                0x0800aca8                SEGGER_SYSVIEW_OnTaskStartExec
 .text.SEGGER_SYSVIEW_OnTaskStartReady
                0x0800ad2c       0x84 ./Thirdparty/SEGGER/SEGGER/SEGGER_SYSVIEW.o
                0x0800ad2c                SEGGER_SYSVIEW_OnTaskStartReady
 .text.SEGGER_SYSVIEW_OnTaskStopReady
                0x0800adb0       0xc0 ./Thirdparty/SEGGER/SEGGER/SEGGER_SYSVIEW.o
                0x0800adb0                SEGGER_SYSVIEW_OnTaskStopReady
 .text.SEGGER_SYSVIEW_ShrinkId
                0x0800ae70       0x20 ./Thirdparty/SEGGER/SEGGER/SEGGER_SYSVIEW.o
                0x0800ae70                SEGGER_SYSVIEW_ShrinkId
 .text.SEGGER_SYSVIEW_SendModule
                0x0800ae90      0x114 ./Thirdparty/SEGGER/SEGGER/SEGGER_SYSVIEW.o
                0x0800ae90                SEGGER_SYSVIEW_SendModule
 .text.SEGGER_SYSVIEW_SendModuleDescription
                0x0800afa4       0x3c ./Thirdparty/SEGGER/SEGGER/SEGGER_SYSVIEW.o
                0x0800afa4                SEGGER_SYSVIEW_SendModuleDescription
 .text.SEGGER_SYSVIEW_SendNumModules
                0x0800afe0       0x7c ./Thirdparty/SEGGER/SEGGER/SEGGER_SYSVIEW.o
                0x0800afe0                SEGGER_SYSVIEW_SendNumModules
 .text.SEGGER_SYSVIEW_PrintfHost
                0x0800b05c       0x44 ./Thirdparty/SEGGER/SEGGER/SEGGER_SYSVIEW.o
                0x0800b05c                SEGGER_SYSVIEW_PrintfHost
 .text.SEGGER_SYSVIEW_Print
                0x0800b0a0       0xb8 ./Thirdparty/SEGGER/SEGGER/SEGGER_SYSVIEW.o
                0x0800b0a0                SEGGER_SYSVIEW_Print
 .text.SEGGER_SYSVIEW_Warn
                0x0800b158       0xb8 ./Thirdparty/SEGGER/SEGGER/SEGGER_SYSVIEW.o
                0x0800b158                SEGGER_SYSVIEW_Warn
 .text.SEGGER_SYSVIEW_Error
                0x0800b210       0xb8 ./Thirdparty/SEGGER/SEGGER/SEGGER_SYSVIEW.o
                0x0800b210                SEGGER_SYSVIEW_Error
 .text.SEGGER_SYSVIEW_IsStarted
                0x0800b2c8       0x5c ./Thirdparty/SEGGER/SEGGER/SEGGER_SYSVIEW.o
                0x0800b2c8                SEGGER_SYSVIEW_IsStarted
 .text.compareStartStop
                0x0800b324       0xd8 ./algorithms_drivers/SIT_SUT/SIT_SUT.o
                0x0800b324                compareStartStop
 .text.BME_WriteReg
                0x0800b3fc       0x5c ./algorithms_drivers/SensorsWeHave/bme280.o
 .text.BME_ReadReg
                0x0800b458       0x74 ./algorithms_drivers/SensorsWeHave/bme280.o
 .text.InitBME_SPI
                0x0800b4cc       0xc8 ./algorithms_drivers/SensorsWeHave/bme280.o
                0x0800b4cc                InitBME_SPI
 .text.BME_ReadCalibData
                0x0800b594      0x198 ./algorithms_drivers/SensorsWeHave/bme280.o
                0x0800b594                BME_ReadCalibData
 .text.BME_DataRead
                0x0800b72c      0x774 ./algorithms_drivers/SensorsWeHave/bme280.o
                0x0800b72c                BME_DataRead
 .text.PressureToHeight
                0x0800bea0       0x5c ./tasks/tasks.o
 .text.TasksInitScheduler
                0x0800befc       0xbc ./tasks/tasks.o
                0x0800befc                TasksInitScheduler
 .text.vBME280Task
                0x0800bfb8      0x124 ./tasks/tasks.o
 .text.vSitSutTask
                0x0800c0dc      0x3a8 ./tasks/tasks.o
 .text.BME_DMA_Tx_CallBack
                0x0800c484       0x18 ./tasks/tasks.o
                0x0800c484                BME_DMA_Tx_CallBack
 .text.BME_DMA_Rx_CallBack
                0x0800c49c       0x60 ./tasks/tasks.o
                0x0800c49c                BME_DMA_Rx_CallBack
 .text.BME_DMA_ErrorCallBack
                0x0800c4fc       0x74 ./tasks/tasks.o
                0x0800c4fc                BME_DMA_ErrorCallBack
 .text.SITSUT_DMA_Rx_CallBack
                0x0800c570       0x5c ./tasks/tasks.o
                0x0800c570                SITSUT_DMA_Rx_CallBack
 .text.SITSUT_DMA_Tx_CallBack
                0x0800c5cc       0x14 ./tasks/tasks.o
                0x0800c5cc                SITSUT_DMA_Tx_CallBack
 .text.SITSUT_DMA_ErrorCallBack
                0x0800c5e0       0x14 ./tasks/tasks.o
                0x0800c5e0                SITSUT_DMA_ErrorCallBack
 .text.sprintf  0x0800c5f4       0x44 C:/ST/STM32CubeIDE_1.19.0/STM32CubeIDE/plugins/com.st.stm32cube.ide.mcu.externaltools.gnu-tools-for-stm32.13.3.rel1.win32_1.0.0.202411081344/tools/bin/../lib/gcc/arm-none-eabi/13.3.1/../../../../arm-none-eabi/lib/thumb/v7e-m+fp/hard\libc_nano.a(libc_a-sprintf.o)
                0x0800c5f4                siprintf
                0x0800c5f4                sprintf
 .text.memcmp   0x0800c638       0x20 C:/ST/STM32CubeIDE_1.19.0/STM32CubeIDE/plugins/com.st.stm32cube.ide.mcu.externaltools.gnu-tools-for-stm32.13.3.rel1.win32_1.0.0.202411081344/tools/bin/../lib/gcc/arm-none-eabi/13.3.1/../../../../arm-none-eabi/lib/thumb/v7e-m+fp/hard\libc_nano.a(libc_a-memcmp.o)
                0x0800c638                memcmp
 .text.memset   0x0800c658       0x10 C:/ST/STM32CubeIDE_1.19.0/STM32CubeIDE/plugins/com.st.stm32cube.ide.mcu.externaltools.gnu-tools-for-stm32.13.3.rel1.win32_1.0.0.202411081344/tools/bin/../lib/gcc/arm-none-eabi/13.3.1/../../../../arm-none-eabi/lib/thumb/v7e-m+fp/hard\libc_nano.a(libc_a-memset.o)
                0x0800c658                memset
 .text.__errno  0x0800c668        0xc C:/ST/STM32CubeIDE_1.19.0/STM32CubeIDE/plugins/com.st.stm32cube.ide.mcu.externaltools.gnu-tools-for-stm32.13.3.rel1.win32_1.0.0.202411081344/tools/bin/../lib/gcc/arm-none-eabi/13.3.1/../../../../arm-none-eabi/lib/thumb/v7e-m+fp/hard\libc_nano.a(libc_a-errno.o)
                0x0800c668                __errno
 .text.__libc_init_array
                0x0800c674       0x48 C:/ST/STM32CubeIDE_1.19.0/STM32CubeIDE/plugins/com.st.stm32cube.ide.mcu.externaltools.gnu-tools-for-stm32.13.3.rel1.win32_1.0.0.202411081344/tools/bin/../lib/gcc/arm-none-eabi/13.3.1/../../../../arm-none-eabi/lib/thumb/v7e-m+fp/hard\libc_nano.a(libc_a-init.o)
                0x0800c674                __libc_init_array
 .text.__retarget_lock_acquire_recursive
                0x0800c6bc        0x2 C:/ST/STM32CubeIDE_1.19.0/STM32CubeIDE/plugins/com.st.stm32cube.ide.mcu.externaltools.gnu-tools-for-stm32.13.3.rel1.win32_1.0.0.202411081344/tools/bin/../lib/gcc/arm-none-eabi/13.3.1/../../../../arm-none-eabi/lib/thumb/v7e-m+fp/hard\libc_nano.a(libc_a-lock.o)
                0x0800c6bc                __retarget_lock_acquire_recursive
 .text.__retarget_lock_release_recursive
                0x0800c6be        0x2 C:/ST/STM32CubeIDE_1.19.0/STM32CubeIDE/plugins/com.st.stm32cube.ide.mcu.externaltools.gnu-tools-for-stm32.13.3.rel1.win32_1.0.0.202411081344/tools/bin/../lib/gcc/arm-none-eabi/13.3.1/../../../../arm-none-eabi/lib/thumb/v7e-m+fp/hard\libc_nano.a(libc_a-lock.o)
                0x0800c6be                __retarget_lock_release_recursive
 .text.memcpy   0x0800c6c0       0x1c C:/ST/STM32CubeIDE_1.19.0/STM32CubeIDE/plugins/com.st.stm32cube.ide.mcu.externaltools.gnu-tools-for-stm32.13.3.rel1.win32_1.0.0.202411081344/tools/bin/../lib/gcc/arm-none-eabi/13.3.1/../../../../arm-none-eabi/lib/thumb/v7e-m+fp/hard\libc_nano.a(libc_a-memcpy-stub.o)
                0x0800c6c0                memcpy
 .text._free_r  0x0800c6dc       0x94 C:/ST/STM32CubeIDE_1.19.0/STM32CubeIDE/plugins/com.st.stm32cube.ide.mcu.externaltools.gnu-tools-for-stm32.13.3.rel1.win32_1.0.0.202411081344/tools/bin/../lib/gcc/arm-none-eabi/13.3.1/../../../../arm-none-eabi/lib/thumb/v7e-m+fp/hard\libc_nano.a(libc_a-freer.o)
                0x0800c6dc                _free_r
 .text.sbrk_aligned
                0x0800c770       0x44 C:/ST/STM32CubeIDE_1.19.0/STM32CubeIDE/plugins/com.st.stm32cube.ide.mcu.externaltools.gnu-tools-for-stm32.13.3.rel1.win32_1.0.0.202411081344/tools/bin/../lib/gcc/arm-none-eabi/13.3.1/../../../../arm-none-eabi/lib/thumb/v7e-m+fp/hard\libc_nano.a(libc_a-mallocr.o)
 .text._malloc_r
                0x0800c7b4      0x100 C:/ST/STM32CubeIDE_1.19.0/STM32CubeIDE/plugins/com.st.stm32cube.ide.mcu.externaltools.gnu-tools-for-stm32.13.3.rel1.win32_1.0.0.202411081344/tools/bin/../lib/gcc/arm-none-eabi/13.3.1/../../../../arm-none-eabi/lib/thumb/v7e-m+fp/hard\libc_nano.a(libc_a-mallocr.o)
                0x0800c7b4                _malloc_r
 .text.__malloc_lock
                0x0800c8b4        0xc C:/ST/STM32CubeIDE_1.19.0/STM32CubeIDE/plugins/com.st.stm32cube.ide.mcu.externaltools.gnu-tools-for-stm32.13.3.rel1.win32_1.0.0.202411081344/tools/bin/../lib/gcc/arm-none-eabi/13.3.1/../../../../arm-none-eabi/lib/thumb/v7e-m+fp/hard\libc_nano.a(libc_a-mlock.o)
                0x0800c8b4                __malloc_lock
 .text.__malloc_unlock
                0x0800c8c0        0xc C:/ST/STM32CubeIDE_1.19.0/STM32CubeIDE/plugins/com.st.stm32cube.ide.mcu.externaltools.gnu-tools-for-stm32.13.3.rel1.win32_1.0.0.202411081344/tools/bin/../lib/gcc/arm-none-eabi/13.3.1/../../../../arm-none-eabi/lib/thumb/v7e-m+fp/hard\libc_nano.a(libc_a-mlock.o)
                0x0800c8c0                __malloc_unlock
 .text.__ssputs_r
                0x0800c8cc       0xb6 C:/ST/STM32CubeIDE_1.19.0/STM32CubeIDE/plugins/com.st.stm32cube.ide.mcu.externaltools.gnu-tools-for-stm32.13.3.rel1.win32_1.0.0.202411081344/tools/bin/../lib/gcc/arm-none-eabi/13.3.1/../../../../arm-none-eabi/lib/thumb/v7e-m+fp/hard\libc_nano.a(libc_a-nano-svfprintf.o)
                0x0800c8cc                __ssputs_r
 *fill*         0x0800c982        0x2 
 .text._svfprintf_r
                0x0800c984      0x1f8 C:/ST/STM32CubeIDE_1.19.0/STM32CubeIDE/plugins/com.st.stm32cube.ide.mcu.externaltools.gnu-tools-for-stm32.13.3.rel1.win32_1.0.0.202411081344/tools/bin/../lib/gcc/arm-none-eabi/13.3.1/../../../../arm-none-eabi/lib/thumb/v7e-m+fp/hard\libc_nano.a(libc_a-nano-svfprintf.o)
                0x0800c984                _svfiprintf_r
                0x0800c984                _svfprintf_r
 .text._printf_common
                0x0800cb7c       0xda C:/ST/STM32CubeIDE_1.19.0/STM32CubeIDE/plugins/com.st.stm32cube.ide.mcu.externaltools.gnu-tools-for-stm32.13.3.rel1.win32_1.0.0.202411081344/tools/bin/../lib/gcc/arm-none-eabi/13.3.1/../../../../arm-none-eabi/lib/thumb/v7e-m+fp/hard\libc_nano.a(libc_a-nano-vfprintf_i.o)
                0x0800cb7c                _printf_common
 *fill*         0x0800cc56        0x2 
 .text._printf_i
                0x0800cc58      0x23c C:/ST/STM32CubeIDE_1.19.0/STM32CubeIDE/plugins/com.st.stm32cube.ide.mcu.externaltools.gnu-tools-for-stm32.13.3.rel1.win32_1.0.0.202411081344/tools/bin/../lib/gcc/arm-none-eabi/13.3.1/../../../../arm-none-eabi/lib/thumb/v7e-m+fp/hard\libc_nano.a(libc_a-nano-vfprintf_i.o)
                0x0800cc58                _printf_i
 .text.memmove  0x0800ce94       0x34 C:/ST/STM32CubeIDE_1.19.0/STM32CubeIDE/plugins/com.st.stm32cube.ide.mcu.externaltools.gnu-tools-for-stm32.13.3.rel1.win32_1.0.0.202411081344/tools/bin/../lib/gcc/arm-none-eabi/13.3.1/../../../../arm-none-eabi/lib/thumb/v7e-m+fp/hard\libc_nano.a(libc_a-memmove.o)
                0x0800ce94                memmove
 .text._sbrk_r  0x0800cec8       0x20 C:/ST/STM32CubeIDE_1.19.0/STM32CubeIDE/plugins/com.st.stm32cube.ide.mcu.externaltools.gnu-tools-for-stm32.13.3.rel1.win32_1.0.0.202411081344/tools/bin/../lib/gcc/arm-none-eabi/13.3.1/../../../../arm-none-eabi/lib/thumb/v7e-m+fp/hard\libc_nano.a(libc_a-sbrkr.o)
                0x0800cec8                _sbrk_r
 .text._realloc_r
                0x0800cee8       0x5c C:/ST/STM32CubeIDE_1.19.0/STM32CubeIDE/plugins/com.st.stm32cube.ide.mcu.externaltools.gnu-tools-for-stm32.13.3.rel1.win32_1.0.0.202411081344/tools/bin/../lib/gcc/arm-none-eabi/13.3.1/../../../../arm-none-eabi/lib/thumb/v7e-m+fp/hard\libc_nano.a(libc_a-reallocr.o)
                0x0800cee8                _realloc_r
 .text._malloc_usable_size_r
                0x0800cf44       0x10 C:/ST/STM32CubeIDE_1.19.0/STM32CubeIDE/plugins/com.st.stm32cube.ide.mcu.externaltools.gnu-tools-for-stm32.13.3.rel1.win32_1.0.0.202411081344/tools/bin/../lib/gcc/arm-none-eabi/13.3.1/../../../../arm-none-eabi/lib/thumb/v7e-m+fp/hard\libc_nano.a(libc_a-msizer.o)
                0x0800cf44                _malloc_usable_size_r
 .text.powf     0x0800cf54       0xae C:/ST/STM32CubeIDE_1.19.0/STM32CubeIDE/plugins/com.st.stm32cube.ide.mcu.externaltools.gnu-tools-for-stm32.13.3.rel1.win32_1.0.0.202411081344/tools/bin/../lib/gcc/arm-none-eabi/13.3.1/../../../../arm-none-eabi/lib/thumb/v7e-m+fp/hard\libm.a(libm_a-wf_pow.o)
                0x0800cf54                powf
 .text.finitef  0x0800d002       0x14 C:/ST/STM32CubeIDE_1.19.0/STM32CubeIDE/plugins/com.st.stm32cube.ide.mcu.externaltools.gnu-tools-for-stm32.13.3.rel1.win32_1.0.0.202411081344/tools/bin/../lib/gcc/arm-none-eabi/13.3.1/../../../../arm-none-eabi/lib/thumb/v7e-m+fp/hard\libm.a(libm_a-sf_finite.o)
                0x0800d002                finitef
 *fill*         0x0800d016        0x2 
 .text.__ieee754_powf
                0x0800d018      0x59c C:/ST/STM32CubeIDE_1.19.0/STM32CubeIDE/plugins/com.st.stm32cube.ide.mcu.externaltools.gnu-tools-for-stm32.13.3.rel1.win32_1.0.0.202411081344/tools/bin/../lib/gcc/arm-none-eabi/13.3.1/../../../../arm-none-eabi/lib/thumb/v7e-m+fp/hard\libm.a(libm_a-ef_pow.o)
                0x0800d018                __ieee754_powf
 .text.fabsf    0x0800d5b4        0xe C:/ST/STM32CubeIDE_1.19.0/STM32CubeIDE/plugins/com.st.stm32cube.ide.mcu.externaltools.gnu-tools-for-stm32.13.3.rel1.win32_1.0.0.202411081344/tools/bin/../lib/gcc/arm-none-eabi/13.3.1/../../../../arm-none-eabi/lib/thumb/v7e-m+fp/hard\libm.a(libm_a-sf_fabs.o)
                0x0800d5b4                fabsf
 *fill*         0x0800d5c2        0x2 
 .text.scalbnf  0x0800d5c4       0xcc C:/ST/STM32CubeIDE_1.19.0/STM32CubeIDE/plugins/com.st.stm32cube.ide.mcu.externaltools.gnu-tools-for-stm32.13.3.rel1.win32_1.0.0.202411081344/tools/bin/../lib/gcc/arm-none-eabi/13.3.1/../../../../arm-none-eabi/lib/thumb/v7e-m+fp/hard\libm.a(libm_a-sf_scalbn.o)
                0x0800d5c4                scalbnf
 .text.with_errnof
                0x0800d690       0x1c C:/ST/STM32CubeIDE_1.19.0/STM32CubeIDE/plugins/com.st.stm32cube.ide.mcu.externaltools.gnu-tools-for-stm32.13.3.rel1.win32_1.0.0.202411081344/tools/bin/../lib/gcc/arm-none-eabi/13.3.1/../../../../arm-none-eabi/lib/thumb/v7e-m+fp/hard\libm.a(libm_a-math_errf.o)
 .text.xflowf   0x0800d6ac       0x16 C:/ST/STM32CubeIDE_1.19.0/STM32CubeIDE/plugins/com.st.stm32cube.ide.mcu.externaltools.gnu-tools-for-stm32.13.3.rel1.win32_1.0.0.202411081344/tools/bin/../lib/gcc/arm-none-eabi/13.3.1/../../../../arm-none-eabi/lib/thumb/v7e-m+fp/hard\libm.a(libm_a-math_errf.o)
 *fill*         0x0800d6c2        0x2 
 .text.__math_uflowf
                0x0800d6c4        0xc C:/ST/STM32CubeIDE_1.19.0/STM32CubeIDE/plugins/com.st.stm32cube.ide.mcu.externaltools.gnu-tools-for-stm32.13.3.rel1.win32_1.0.0.202411081344/tools/bin/../lib/gcc/arm-none-eabi/13.3.1/../../../../arm-none-eabi/lib/thumb/v7e-m+fp/hard\libm.a(libm_a-math_errf.o)
                0x0800d6c4                __math_uflowf
 .text.__math_oflowf
                0x0800d6d0        0xc C:/ST/STM32CubeIDE_1.19.0/STM32CubeIDE/plugins/com.st.stm32cube.ide.mcu.externaltools.gnu-tools-for-stm32.13.3.rel1.win32_1.0.0.202411081344/tools/bin/../lib/gcc/arm-none-eabi/13.3.1/../../../../arm-none-eabi/lib/thumb/v7e-m+fp/hard\libm.a(libm_a-math_errf.o)
                0x0800d6d0                __math_oflowf
 .text.__ieee754_sqrtf
                0x0800d6dc        0x6 C:/ST/STM32CubeIDE_1.19.0/STM32CubeIDE/plugins/com.st.stm32cube.ide.mcu.externaltools.gnu-tools-for-stm32.13.3.rel1.win32_1.0.0.202411081344/tools/bin/../lib/gcc/arm-none-eabi/13.3.1/../../../../arm-none-eabi/lib/thumb/v7e-m+fp/hard\libm.a(libm_a-ef_sqrt.o)
                0x0800d6dc                __ieee754_sqrtf
 *fill*         0x0800d6e2        0x2 
 .text._sbrk    0x0800d6e4       0x1c C:/ST/STM32CubeIDE_1.19.0/STM32CubeIDE/plugins/com.st.stm32cube.ide.mcu.externaltools.gnu-tools-for-stm32.13.3.rel1.win32_1.0.0.202411081344/tools/bin/../lib/gcc/arm-none-eabi/13.3.1/../../../../arm-none-eabi/lib/thumb/v7e-m+fp/hard\libnosys.a(sbrk.o)
                0x0800d6e4                _sbrk
 *(.glue_7)
 .glue_7        0x0800d700        0x0 linker stubs
 *(.glue_7t)
 .glue_7t       0x0800d700        0x0 linker stubs
 *(.eh_frame)
 .eh_frame      0x0800d700        0x0 C:/ST/STM32CubeIDE_1.19.0/STM32CubeIDE/plugins/com.st.stm32cube.ide.mcu.externaltools.gnu-tools-for-stm32.13.3.rel1.win32_1.0.0.202411081344/tools/bin/../lib/gcc/arm-none-eabi/13.3.1/thumb/v7e-m+fp/hard/crtbegin.o
 *(.init)
 .init          0x0800d700        0x4 C:/ST/STM32CubeIDE_1.19.0/STM32CubeIDE/plugins/com.st.stm32cube.ide.mcu.externaltools.gnu-tools-for-stm32.13.3.rel1.win32_1.0.0.202411081344/tools/bin/../lib/gcc/arm-none-eabi/13.3.1/thumb/v7e-m+fp/hard/crti.o
                0x0800d700                _init
 .init          0x0800d704        0x8 C:/ST/STM32CubeIDE_1.19.0/STM32CubeIDE/plugins/com.st.stm32cube.ide.mcu.externaltools.gnu-tools-for-stm32.13.3.rel1.win32_1.0.0.202411081344/tools/bin/../lib/gcc/arm-none-eabi/13.3.1/thumb/v7e-m+fp/hard/crtn.o
 *(.fini)
 .fini          0x0800d70c        0x4 C:/ST/STM32CubeIDE_1.19.0/STM32CubeIDE/plugins/com.st.stm32cube.ide.mcu.externaltools.gnu-tools-for-stm32.13.3.rel1.win32_1.0.0.202411081344/tools/bin/../lib/gcc/arm-none-eabi/13.3.1/thumb/v7e-m+fp/hard/crti.o
                0x0800d70c                _fini
 .fini          0x0800d710        0x8 C:/ST/STM32CubeIDE_1.19.0/STM32CubeIDE/plugins/com.st.stm32cube.ide.mcu.externaltools.gnu-tools-for-stm32.13.3.rel1.win32_1.0.0.202411081344/tools/bin/../lib/gcc/arm-none-eabi/13.3.1/thumb/v7e-m+fp/hard/crtn.o
                0x0800d718                        . = ALIGN (0x4)
                0x0800d718                        _etext = .

.vfp11_veneer   0x0800d718        0x0
 .vfp11_veneer  0x0800d718        0x0 linker stubs

.v4_bx          0x0800d718        0x0
 .v4_bx         0x0800d718        0x0 linker stubs

.iplt           0x0800d718        0x0
 .iplt          0x0800d718        0x0 C:/ST/STM32CubeIDE_1.19.0/STM32CubeIDE/plugins/com.st.stm32cube.ide.mcu.externaltools.gnu-tools-for-stm32.13.3.rel1.win32_1.0.0.202411081344/tools/bin/../lib/gcc/arm-none-eabi/13.3.1/thumb/v7e-m+fp/hard/crtbegin.o

.rodata         0x0800d718      0x2b0
                0x0800d718                        . = ALIGN (0x4)
 *(.rodata)
 .rodata        0x0800d718        0xa ./Core/Src/main.o
 *fill*         0x0800d722        0x2 
 .rodata        0x0800d724        0x5 ./Thirdparty/FreeRTOS/tasks.o
 *fill*         0x0800d729        0x3 
 .rodata        0x0800d72c       0x41 ./Thirdparty/SEGGER/Config/SEGGER_SYSVIEW_Config_FreeRTOS.o
 *fill*         0x0800d76d        0x3 
 .rodata        0x0800d770       0x58 ./Thirdparty/SEGGER/OS/SEGGER_SYSVIEW_FreeRTOS.o
 .rodata        0x0800d7c8        0x9 ./Thirdparty/SEGGER/SEGGER/SEGGER_RTT.o
 *fill*         0x0800d7d1        0x3 
 .rodata        0x0800d7d4       0x10 ./Thirdparty/SEGGER/SEGGER/SEGGER_SYSVIEW.o
 .rodata        0x0800d7e4      0x133 ./tasks/tasks.o
 *(.rodata*)
 *fill*         0x0800d917        0x1 
 .rodata.AHBPrescTable
                0x0800d918       0x10 ./Core/Src/system_stm32f4xx.o
                0x0800d918                AHBPrescTable
 .rodata.APBPrescTable
                0x0800d928        0x8 ./Core/Src/system_stm32f4xx.o
                0x0800d928                APBPrescTable
 .rodata.flagBitshiftOffset.0
                0x0800d930        0x8 ./Drivers/STM32F4xx_HAL_Driver/Src/stm32f4xx_hal_dma.o
 .rodata.uxTopUsedPriority
                0x0800d938        0x4 ./Thirdparty/FreeRTOS/tasks.o
 .rodata.SYSVIEW_X_OS_TraceAPI
                0x0800d93c        0x8 ./Thirdparty/SEGGER/OS/SEGGER_SYSVIEW_FreeRTOS.o
                0x0800d93c                SYSVIEW_X_OS_TraceAPI
 .rodata._abHelloMsg
                0x0800d944        0x4 ./Thirdparty/SEGGER/Rec/segger_uart.o
 .rodata._aInitStr.0
                0x0800d948       0x11 ./Thirdparty/SEGGER/SEGGER/SEGGER_RTT.o
 *fill*         0x0800d959        0x3 
 .rodata._abSync
                0x0800d95c        0xa ./Thirdparty/SEGGER/SEGGER/SEGGER_SYSVIEW.o
 *fill*         0x0800d966        0x2 
 .rodata._aV2C.0
                0x0800d968       0x10 ./Thirdparty/SEGGER/SEGGER/SEGGER_SYSVIEW.o
 .rodata.sitheader
                0x0800d978        0x1 ./algorithms_drivers/SIT_SUT/SIT_SUT.o
                0x0800d978                sitheader
 .rodata.sitfooter1
                0x0800d979        0x1 ./algorithms_drivers/SIT_SUT/SIT_SUT.o
                0x0800d979                sitfooter1
 .rodata.sitfooter2
                0x0800d97a        0x1 ./algorithms_drivers/SIT_SUT/SIT_SUT.o
                0x0800d97a                sitfooter2
 .rodata._svfprintf_r.str1.1
                0x0800d97b       0x33 C:/ST/STM32CubeIDE_1.19.0/STM32CubeIDE/plugins/com.st.stm32cube.ide.mcu.externaltools.gnu-tools-for-stm32.13.3.rel1.win32_1.0.0.202411081344/tools/bin/../lib/gcc/arm-none-eabi/13.3.1/../../../../arm-none-eabi/lib/thumb/v7e-m+fp/hard\libc_nano.a(libc_a-nano-svfprintf.o)
                                 0x11 (size before relaxing)
 .rodata._printf_i.str1.1
                0x0800d9ae       0x22 C:/ST/STM32CubeIDE_1.19.0/STM32CubeIDE/plugins/com.st.stm32cube.ide.mcu.externaltools.gnu-tools-for-stm32.13.3.rel1.win32_1.0.0.202411081344/tools/bin/../lib/gcc/arm-none-eabi/13.3.1/../../../../arm-none-eabi/lib/thumb/v7e-m+fp/hard\libc_nano.a(libc_a-nano-vfprintf_i.o)
 *fill*         0x0800d9ae        0x2 
 .rodata.dp_l   0x0800d9b0        0x8 C:/ST/STM32CubeIDE_1.19.0/STM32CubeIDE/plugins/com.st.stm32cube.ide.mcu.externaltools.gnu-tools-for-stm32.13.3.rel1.win32_1.0.0.202411081344/tools/bin/../lib/gcc/arm-none-eabi/13.3.1/../../../../arm-none-eabi/lib/thumb/v7e-m+fp/hard\libm.a(libm_a-ef_pow.o)
 .rodata.dp_h   0x0800d9b8        0x8 C:/ST/STM32CubeIDE_1.19.0/STM32CubeIDE/plugins/com.st.stm32cube.ide.mcu.externaltools.gnu-tools-for-stm32.13.3.rel1.win32_1.0.0.202411081344/tools/bin/../lib/gcc/arm-none-eabi/13.3.1/../../../../arm-none-eabi/lib/thumb/v7e-m+fp/hard\libm.a(libm_a-ef_pow.o)
 .rodata.bp     0x0800d9c0        0x8 C:/ST/STM32CubeIDE_1.19.0/STM32CubeIDE/plugins/com.st.stm32cube.ide.mcu.externaltools.gnu-tools-for-stm32.13.3.rel1.win32_1.0.0.202411081344/tools/bin/../lib/gcc/arm-none-eabi/13.3.1/../../../../arm-none-eabi/lib/thumb/v7e-m+fp/hard\libm.a(libm_a-ef_pow.o)
                0x0800d9c8                        . = ALIGN (0x4)

.ARM.extab      0x0800d9c8        0x0
                0x0800d9c8                        . = ALIGN (0x4)
 *(.ARM.extab* .gnu.linkonce.armextab.*)
                0x0800d9c8                        . = ALIGN (0x4)

.ARM            0x0800d9c8        0x8
                0x0800d9c8                        . = ALIGN (0x4)
                0x0800d9c8                        __exidx_start = .
 *(.ARM.exidx*)
 .ARM.exidx     0x0800d9c8        0x8 C:/ST/STM32CubeIDE_1.19.0/STM32CubeIDE/plugins/com.st.stm32cube.ide.mcu.externaltools.gnu-tools-for-stm32.13.3.rel1.win32_1.0.0.202411081344/tools/bin/../lib/gcc/arm-none-eabi/13.3.1/../../../../arm-none-eabi/lib/thumb/v7e-m+fp/hard\libc_nano.a(libc_a-memchr.o)
 .ARM.exidx     0x0800d9d0        0x0 C:/ST/STM32CubeIDE_1.19.0/STM32CubeIDE/plugins/com.st.stm32cube.ide.mcu.externaltools.gnu-tools-for-stm32.13.3.rel1.win32_1.0.0.202411081344/tools/bin/../lib/gcc/arm-none-eabi/13.3.1/thumb/v7e-m+fp/hard\libgcc.a(_udivmoddi4.o)
                                  0x8 (size before relaxing)
                0x0800d9d0                        __exidx_end = .
                0x0800d9d0                        . = ALIGN (0x4)

.preinit_array  0x0800d9d0        0x0
                0x0800d9d0                        . = ALIGN (0x4)
                0x0800d9d0                        PROVIDE (__preinit_array_start = .)
 *(.preinit_array*)
                0x0800d9d0                        PROVIDE (__preinit_array_end = .)
                0x0800d9d0                        . = ALIGN (0x4)

.init_array     0x0800d9d0        0x4
                0x0800d9d0                        . = ALIGN (0x4)
                0x0800d9d0                        PROVIDE (__init_array_start = .)
 *(SORT_BY_NAME(.init_array.*))
 *(.init_array*)
 .init_array    0x0800d9d0        0x4 C:/ST/STM32CubeIDE_1.19.0/STM32CubeIDE/plugins/com.st.stm32cube.ide.mcu.externaltools.gnu-tools-for-stm32.13.3.rel1.win32_1.0.0.202411081344/tools/bin/../lib/gcc/arm-none-eabi/13.3.1/thumb/v7e-m+fp/hard/crtbegin.o
                0x0800d9d4                        PROVIDE (__init_array_end = .)
                0x0800d9d4                        . = ALIGN (0x4)

.fini_array     0x0800d9d4        0x4
                0x0800d9d4                        . = ALIGN (0x4)
                [!provide]                        PROVIDE (__fini_array_start = .)
 *(SORT_BY_NAME(.fini_array.*))
 *(.fini_array*)
 .fini_array    0x0800d9d4        0x4 C:/ST/STM32CubeIDE_1.19.0/STM32CubeIDE/plugins/com.st.stm32cube.ide.mcu.externaltools.gnu-tools-for-stm32.13.3.rel1.win32_1.0.0.202411081344/tools/bin/../lib/gcc/arm-none-eabi/13.3.1/thumb/v7e-m+fp/hard/crtbegin.o
                [!provide]                        PROVIDE (__fini_array_end = .)
                0x0800d9d8                        . = ALIGN (0x4)
                0x0800d9d8                        _sidata = LOADADDR (.data)

.rel.dyn        0x0800d9d8        0x0
 .rel.iplt      0x0800d9d8        0x0 C:/ST/STM32CubeIDE_1.19.0/STM32CubeIDE/plugins/com.st.stm32cube.ide.mcu.externaltools.gnu-tools-for-stm32.13.3.rel1.win32_1.0.0.202411081344/tools/bin/../lib/gcc/arm-none-eabi/13.3.1/thumb/v7e-m+fp/hard/crtbegin.o

.data           0x20000000       0x7c load address 0x0800d9d8
                0x20000000                        . = ALIGN (0x4)
                0x20000000                        _sdata = .
 *(.data)
 *(.data*)
 .data.SystemCoreClock
                0x20000000        0x4 ./Core/Src/system_stm32f4xx.o
                0x20000000                SystemCoreClock
 .data.uwTickPrio
                0x20000004        0x4 ./Drivers/STM32F4xx_HAL_Driver/Src/stm32f4xx_hal.o
                0x20000004                uwTickPrio
 .data.uwTickFreq
                0x20000008        0x1 ./Drivers/STM32F4xx_HAL_Driver/Src/stm32f4xx_hal.o
                0x20000008                uwTickFreq
 *fill*         0x20000009        0x3 
 .data.uxCriticalNesting
                0x2000000c        0x4 ./Thirdparty/FreeRTOS/portable/GCC/ARM_CM4F/port.o
 .data._SVInfo  0x20000010        0x8 ./Thirdparty/SEGGER/Rec/segger_uart.o
 .data.standby  0x20000018        0x1 ./algorithms_drivers/SensorsWeHave/bme280.o
 .data.mode     0x20000019        0x1 ./algorithms_drivers/SensorsWeHave/bme280.o
 *fill*         0x2000001a        0x2 
 .data.SITSUT_UART
                0x2000001c        0x4 ./tasks/tasks.o
                0x2000001c                SITSUT_UART
 .data.BME_Device
                0x20000020        0xc ./tasks/tasks.o
                0x20000020                BME_Device
 .data._impure_ptr
                0x2000002c        0x4 C:/ST/STM32CubeIDE_1.19.0/STM32CubeIDE/plugins/com.st.stm32cube.ide.mcu.externaltools.gnu-tools-for-stm32.13.3.rel1.win32_1.0.0.202411081344/tools/bin/../lib/gcc/arm-none-eabi/13.3.1/../../../../arm-none-eabi/lib/thumb/v7e-m+fp/hard\libc_nano.a(libc_a-impure.o)
                0x2000002c                _impure_ptr
 .data._impure_data
                0x20000030       0x4c C:/ST/STM32CubeIDE_1.19.0/STM32CubeIDE/plugins/com.st.stm32cube.ide.mcu.externaltools.gnu-tools-for-stm32.13.3.rel1.win32_1.0.0.202411081344/tools/bin/../lib/gcc/arm-none-eabi/13.3.1/../../../../arm-none-eabi/lib/thumb/v7e-m+fp/hard\libc_nano.a(libc_a-impure.o)
                0x20000030                _impure_data
 *(.RamFunc)
 *(.RamFunc*)
                0x2000007c                        . = ALIGN (0x4)
                0x2000007c                        _edata = .
                0x0800da54                        _siccmram = LOADADDR (.ccmram)

.igot.plt       0x2000007c        0x0 load address 0x0800da54
 .igot.plt      0x2000007c        0x0 C:/ST/STM32CubeIDE_1.19.0/STM32CubeIDE/plugins/com.st.stm32cube.ide.mcu.externaltools.gnu-tools-for-stm32.13.3.rel1.win32_1.0.0.202411081344/tools/bin/../lib/gcc/arm-none-eabi/13.3.1/thumb/v7e-m+fp/hard/crtbegin.o

.ccmram         0x10000000        0x0 load address 0x0800da54
                0x10000000                        . = ALIGN (0x4)
                0x10000000                        _sccmram = .
 *(.ccmram)
 *(.ccmram*)
                0x10000000                        . = ALIGN (0x4)
                0x10000000                        _eccmram = .
                0x10000000                        . = ALIGN (0x4)

.bss            0x2000007c    0x1ad70
                0x2000007c                        _sbss = .
                0x2000007c                        __bss_start__ = _sbss
 *(.bss)
 .bss           0x2000007c       0x1c C:/ST/STM32CubeIDE_1.19.0/STM32CubeIDE/plugins/com.st.stm32cube.ide.mcu.externaltools.gnu-tools-for-stm32.13.3.rel1.win32_1.0.0.202411081344/tools/bin/../lib/gcc/arm-none-eabi/13.3.1/thumb/v7e-m+fp/hard/crtbegin.o
 *(.bss*)
 .bss.hi2c1     0x20000098       0x54 ./Core/Src/main.o
                0x20000098                hi2c1
 .bss.hi2c2     0x200000ec       0x54 ./Core/Src/main.o
                0x200000ec                hi2c2
 .bss.hspi1     0x20000140       0x58 ./Core/Src/main.o
                0x20000140                hspi1
 .bss.hspi2     0x20000198       0x58 ./Core/Src/main.o
                0x20000198                hspi2
 .bss.hdma_spi2_rx
                0x200001f0       0x60 ./Core/Src/main.o
                0x200001f0                hdma_spi2_rx
 .bss.hdma_spi2_tx
                0x20000250       0x60 ./Core/Src/main.o
                0x20000250                hdma_spi2_tx
 .bss.huart5    0x200002b0       0x48 ./Core/Src/main.o
                0x200002b0                huart5
 .bss.huart2    0x200002f8       0x48 ./Core/Src/main.o
                0x200002f8                huart2
 .bss.huart3    0x20000340       0x48 ./Core/Src/main.o
                0x20000340                huart3
 .bss.hdma_uart5_rx
                0x20000388       0x60 ./Core/Src/main.o
                0x20000388                hdma_uart5_rx
 .bss.hdma_uart5_tx
                0x200003e8       0x60 ./Core/Src/main.o
                0x200003e8                hdma_uart5_tx
 .bss.htim6     0x20000448       0x48 ./Core/Src/stm32f4xx_hal_timebase_tim.o
                0x20000448                htim6
 .bss.uwTick    0x20000490        0x4 ./Drivers/STM32F4xx_HAL_Driver/Src/stm32f4xx_hal.o
                0x20000490                uwTick
 .bss.pxCurrentTCB
                0x20000494        0x4 ./Thirdparty/FreeRTOS/tasks.o
                0x20000494                pxCurrentTCB
 .bss.pxReadyTasksLists
                0x20000498       0x64 ./Thirdparty/FreeRTOS/tasks.o
 .bss.xDelayedTaskList1
                0x200004fc       0x14 ./Thirdparty/FreeRTOS/tasks.o
 .bss.xDelayedTaskList2
                0x20000510       0x14 ./Thirdparty/FreeRTOS/tasks.o
 .bss.pxDelayedTaskList
                0x20000524        0x4 ./Thirdparty/FreeRTOS/tasks.o
 .bss.pxOverflowDelayedTaskList
                0x20000528        0x4 ./Thirdparty/FreeRTOS/tasks.o
 .bss.xPendingReadyList
                0x2000052c       0x14 ./Thirdparty/FreeRTOS/tasks.o
 .bss.xTasksWaitingTermination
                0x20000540       0x14 ./Thirdparty/FreeRTOS/tasks.o
 .bss.uxDeletedTasksWaitingCleanUp
                0x20000554        0x4 ./Thirdparty/FreeRTOS/tasks.o
 .bss.xSuspendedTaskList
                0x20000558       0x14 ./Thirdparty/FreeRTOS/tasks.o
 .bss.uxCurrentNumberOfTasks
                0x2000056c        0x4 ./Thirdparty/FreeRTOS/tasks.o
 .bss.xTickCount
                0x20000570        0x4 ./Thirdparty/FreeRTOS/tasks.o
 .bss.uxTopReadyPriority
                0x20000574        0x4 ./Thirdparty/FreeRTOS/tasks.o
 .bss.xSchedulerRunning
                0x20000578        0x4 ./Thirdparty/FreeRTOS/tasks.o
 .bss.xPendedTicks
                0x2000057c        0x4 ./Thirdparty/FreeRTOS/tasks.o
 .bss.xYieldPendings
                0x20000580        0x4 ./Thirdparty/FreeRTOS/tasks.o
 .bss.xNumOfOverflows
                0x20000584        0x4 ./Thirdparty/FreeRTOS/tasks.o
 .bss.uxTaskNumber
                0x20000588        0x4 ./Thirdparty/FreeRTOS/tasks.o
 .bss.xNextTaskUnblockTime
                0x2000058c        0x4 ./Thirdparty/FreeRTOS/tasks.o
 .bss.xIdleTaskHandles
                0x20000590        0x4 ./Thirdparty/FreeRTOS/tasks.o
 .bss.uxSchedulerSuspended
                0x20000594        0x4 ./Thirdparty/FreeRTOS/tasks.o
 .bss.ucMaxSysCallPriority
                0x20000598        0x1 ./Thirdparty/FreeRTOS/portable/GCC/ARM_CM4F/port.o
 *fill*         0x20000599        0x3 
 .bss.ulMaxPRIGROUPValue
                0x2000059c        0x4 ./Thirdparty/FreeRTOS/portable/GCC/ARM_CM4F/port.o
 .bss.ucHeap    0x200005a0    0x19000 ./Thirdparty/FreeRTOS/portable/MemMang/heap_4.o
 .bss.xStart    0x200195a0        0x8 ./Thirdparty/FreeRTOS/portable/MemMang/heap_4.o
 .bss.pxEnd     0x200195a8        0x4 ./Thirdparty/FreeRTOS/portable/MemMang/heap_4.o
 .bss.xFreeBytesRemaining
                0x200195ac        0x4 ./Thirdparty/FreeRTOS/portable/MemMang/heap_4.o
 .bss.xMinimumEverFreeBytesRemaining
                0x200195b0        0x4 ./Thirdparty/FreeRTOS/portable/MemMang/heap_4.o
 .bss.xNumberOfSuccessfulAllocations
                0x200195b4        0x4 ./Thirdparty/FreeRTOS/portable/MemMang/heap_4.o
 .bss.xNumberOfSuccessfulFrees
                0x200195b8        0x4 ./Thirdparty/FreeRTOS/portable/MemMang/heap_4.o
 .bss._aTasks   0x200195bc       0xa0 ./Thirdparty/SEGGER/OS/SEGGER_SYSVIEW_FreeRTOS.o
 .bss._NumTasks
                0x2001965c        0x4 ./Thirdparty/SEGGER/OS/SEGGER_SYSVIEW_FreeRTOS.o
 .bss._cbOnRx   0x20019660        0x4 ./Thirdparty/SEGGER/Rec/segger_uart.o
 .bss._cbOnTx   0x20019664        0x4 ./Thirdparty/SEGGER/Rec/segger_uart.o
 .bss._SEGGER_RTT
                0x20019668       0xa8 ./Thirdparty/SEGGER/SEGGER/SEGGER_RTT.o
                0x20019668                _SEGGER_RTT
 .bss._acUpBuffer
                0x20019710      0x400 ./Thirdparty/SEGGER/SEGGER/SEGGER_RTT.o
 .bss._acDownBuffer
                0x20019b10       0x10 ./Thirdparty/SEGGER/SEGGER/SEGGER_RTT.o
 .bss._UpBuffer
                0x20019b20     0x1000 ./Thirdparty/SEGGER/SEGGER/SEGGER_SYSVIEW.o
 .bss._DownBuffer
                0x2001ab20        0x8 ./Thirdparty/SEGGER/SEGGER/SEGGER_SYSVIEW.o
 .bss._SYSVIEW_Globals
                0x2001ab28       0x28 ./Thirdparty/SEGGER/SEGGER/SEGGER_SYSVIEW.o
 .bss._pFirstModule
                0x2001ab50        0x4 ./Thirdparty/SEGGER/SEGGER/SEGGER_SYSVIEW.o
 .bss._NumModules
                0x2001ab54        0x1 ./Thirdparty/SEGGER/SEGGER/SEGGER_SYSVIEW.o
 *fill*         0x2001ab55        0x3 
 .bss._aPacket  0x2001ab58       0xe3 ./Thirdparty/SEGGER/SEGGER/SEGGER_SYSVIEW.o
 *fill*         0x2001ac3b        0x1 
 .bss.calibration
                0x2001ac3c       0x24 ./algorithms_drivers/SensorsWeHave/bme280.o
 .bss.t_fine    0x2001ac60        0x4 ./algorithms_drivers/SensorsWeHave/bme280.o
                0x2001ac60                t_fine
 .bss.receivedSize
                0x2001ac64        0x4 ./tasks/tasks.o
                0x2001ac64                receivedSize
 .bss.notifyVal
                0x2001ac68        0x4 ./tasks/tasks.o
                0x2001ac68                notifyVal
 .bss.BME_ERROR_FLAG
                0x2001ac6c        0x1 ./tasks/tasks.o
 .bss.SIT_Mode  0x2001ac6d        0x1 ./tasks/tasks.o
 .bss.SUT_Mode  0x2001ac6e        0x1 ./tasks/tasks.o
 *fill*         0x2001ac6f        0x1 
 .bss.BMEMUTEX  0x2001ac70        0x4 ./tasks/tasks.o
                0x2001ac70                BMEMUTEX
 .bss.BME_PressureReadTask
                0x2001ac74        0x4 ./tasks/tasks.o
 .bss.SitSutTask
                0x2001ac78        0x4 ./tasks/tasks.o
 .bss.lastUpdatedHeight
                0x2001ac7c        0x4 ./tasks/tasks.o
                0x2001ac7c                lastUpdatedHeight
 .bss.lastUpdatedAccelx
                0x2001ac80        0x4 ./tasks/tasks.o
                0x2001ac80                lastUpdatedAccelx
 .bss.lastUpdatedAccely
                0x2001ac84        0x4 ./tasks/tasks.o
                0x2001ac84                lastUpdatedAccely
 .bss.lastUpdatedAccelz
                0x2001ac88        0x4 ./tasks/tasks.o
                0x2001ac88                lastUpdatedAccelz
 .bss.lastUpdatedGyrox
                0x2001ac8c        0x4 ./tasks/tasks.o
                0x2001ac8c                lastUpdatedGyrox
 .bss.lastUpdatedGyroy
                0x2001ac90        0x4 ./tasks/tasks.o
                0x2001ac90                lastUpdatedGyroy
 .bss.lastUpdatedGyroz
                0x2001ac94        0x4 ./tasks/tasks.o
                0x2001ac94                lastUpdatedGyroz
 .bss.lastUpdatedPressure
                0x2001ac98        0x4 ./tasks/tasks.o
                0x2001ac98                lastUpdatedPressure
 .bss.HeightQueue
                0x2001ac9c        0x4 ./tasks/tasks.o
                0x2001ac9c                HeightQueue
 .bss.__sf      0x2001aca0      0x138 C:/ST/STM32CubeIDE_1.19.0/STM32CubeIDE/plugins/com.st.stm32cube.ide.mcu.externaltools.gnu-tools-for-stm32.13.3.rel1.win32_1.0.0.202411081344/tools/bin/../lib/gcc/arm-none-eabi/13.3.1/../../../../arm-none-eabi/lib/thumb/v7e-m+fp/hard\libc_nano.a(libc_a-findfp.o)
                0x2001aca0                __sf
 .bss.errno     0x2001add8        0x4 C:/ST/STM32CubeIDE_1.19.0/STM32CubeIDE/plugins/com.st.stm32cube.ide.mcu.externaltools.gnu-tools-for-stm32.13.3.rel1.win32_1.0.0.202411081344/tools/bin/../lib/gcc/arm-none-eabi/13.3.1/../../../../arm-none-eabi/lib/thumb/v7e-m+fp/hard\libc_nano.a(libc_a-reent.o)
                0x2001add8                errno
 .bss.__lock___malloc_recursive_mutex
                0x2001addc        0x1 C:/ST/STM32CubeIDE_1.19.0/STM32CubeIDE/plugins/com.st.stm32cube.ide.mcu.externaltools.gnu-tools-for-stm32.13.3.rel1.win32_1.0.0.202411081344/tools/bin/../lib/gcc/arm-none-eabi/13.3.1/../../../../arm-none-eabi/lib/thumb/v7e-m+fp/hard\libc_nano.a(libc_a-lock.o)
                0x2001addc                __lock___malloc_recursive_mutex
 *fill*         0x2001addd        0x3 
 .bss.__malloc_sbrk_start
                0x2001ade0        0x4 C:/ST/STM32CubeIDE_1.19.0/STM32CubeIDE/plugins/com.st.stm32cube.ide.mcu.externaltools.gnu-tools-for-stm32.13.3.rel1.win32_1.0.0.202411081344/tools/bin/../lib/gcc/arm-none-eabi/13.3.1/../../../../arm-none-eabi/lib/thumb/v7e-m+fp/hard\libc_nano.a(libc_a-mallocr.o)
                0x2001ade0                __malloc_sbrk_start
 .bss.__malloc_free_list
                0x2001ade4        0x4 C:/ST/STM32CubeIDE_1.19.0/STM32CubeIDE/plugins/com.st.stm32cube.ide.mcu.externaltools.gnu-tools-for-stm32.13.3.rel1.win32_1.0.0.202411081344/tools/bin/../lib/gcc/arm-none-eabi/13.3.1/../../../../arm-none-eabi/lib/thumb/v7e-m+fp/hard\libc_nano.a(libc_a-mallocr.o)
                0x2001ade4                __malloc_free_list
 .bss.heap_end.0
                0x2001ade8        0x4 C:/ST/STM32CubeIDE_1.19.0/STM32CubeIDE/plugins/com.st.stm32cube.ide.mcu.externaltools.gnu-tools-for-stm32.13.3.rel1.win32_1.0.0.202411081344/tools/bin/../lib/gcc/arm-none-eabi/13.3.1/../../../../arm-none-eabi/lib/thumb/v7e-m+fp/hard\libnosys.a(sbrk.o)
 *(COMMON)
                0x2001adec                        . = ALIGN (0x4)
                0x2001adec                        _ebss = .
                0x2001adec                        __bss_end__ = _ebss

._user_heap_stack
                0x2001adec      0x604
                0x2001adf0                        . = ALIGN (0x8)
 *fill*         0x2001adec        0x4 
                0x2001adf0                        PROVIDE (end = .)
                [!provide]                        PROVIDE (_end = .)
                0x2001aff0                        . = (. + _Min_Heap_Size)
 *fill*         0x2001adf0      0x200 
                0x2001b3f0                        . = (. + _Min_Stack_Size)
 *fill*         0x2001aff0      0x400 
                0x2001b3f0                        . = ALIGN (0x8)

/DISCARD/
 libc.a(*)
 libm.a(*)
 libgcc.a(*)

.ARM.attributes
                0x00000000       0x30
 *(.ARM.attributes)
 .ARM.attributes
                0x00000000       0x22 C:/ST/STM32CubeIDE_1.19.0/STM32CubeIDE/plugins/com.st.stm32cube.ide.mcu.externaltools.gnu-tools-for-stm32.13.3.rel1.win32_1.0.0.202411081344/tools/bin/../lib/gcc/arm-none-eabi/13.3.1/thumb/v7e-m+fp/hard/crti.o
 .ARM.attributes
                0x00000022       0x34 C:/ST/STM32CubeIDE_1.19.0/STM32CubeIDE/plugins/com.st.stm32cube.ide.mcu.externaltools.gnu-tools-for-stm32.13.3.rel1.win32_1.0.0.202411081344/tools/bin/../lib/gcc/arm-none-eabi/13.3.1/thumb/v7e-m+fp/hard/crtbegin.o
 .ARM.attributes
                0x00000056       0x34 ./Core/Src/main.o
 .ARM.attributes
                0x0000008a       0x34 ./Core/Src/stm32f4xx_hal_msp.o
 .ARM.attributes
                0x000000be       0x34 ./Core/Src/stm32f4xx_hal_timebase_tim.o
 .ARM.attributes
                0x000000f2       0x34 ./Core/Src/stm32f4xx_it.o
 .ARM.attributes
                0x00000126       0x34 ./Core/Src/system_stm32f4xx.o
 .ARM.attributes
                0x0000015a       0x21 ./Core/Startup/startup_stm32f407vgtx.o
 .ARM.attributes
                0x0000017b       0x34 ./Drivers/STM32F4xx_HAL_Driver/Src/stm32f4xx_hal.o
 .ARM.attributes
                0x000001af       0x34 ./Drivers/STM32F4xx_HAL_Driver/Src/stm32f4xx_hal_cortex.o
 .ARM.attributes
                0x000001e3       0x34 ./Drivers/STM32F4xx_HAL_Driver/Src/stm32f4xx_hal_dma.o
 .ARM.attributes
                0x00000217       0x34 ./Drivers/STM32F4xx_HAL_Driver/Src/stm32f4xx_hal_gpio.o
 .ARM.attributes
                0x0000024b       0x34 ./Drivers/STM32F4xx_HAL_Driver/Src/stm32f4xx_hal_i2c.o
 .ARM.attributes
                0x0000027f       0x34 ./Drivers/STM32F4xx_HAL_Driver/Src/stm32f4xx_hal_rcc.o
 .ARM.attributes
                0x000002b3       0x34 ./Drivers/STM32F4xx_HAL_Driver/Src/stm32f4xx_hal_spi.o
 .ARM.attributes
                0x000002e7       0x34 ./Drivers/STM32F4xx_HAL_Driver/Src/stm32f4xx_hal_tim.o
 .ARM.attributes
                0x0000031b       0x34 ./Drivers/STM32F4xx_HAL_Driver/Src/stm32f4xx_hal_tim_ex.o
 .ARM.attributes
                0x0000034f       0x34 ./Drivers/STM32F4xx_HAL_Driver/Src/stm32f4xx_hal_uart.o
 .ARM.attributes
                0x00000383       0x34 ./Thirdparty/FreeRTOS/list.o
 .ARM.attributes
                0x000003b7       0x34 ./Thirdparty/FreeRTOS/queue.o
 .ARM.attributes
                0x000003eb       0x34 ./Thirdparty/FreeRTOS/tasks.o
 .ARM.attributes
                0x0000041f       0x34 ./Thirdparty/FreeRTOS/portable/GCC/ARM_CM4F/port.o
 .ARM.attributes
                0x00000453       0x34 ./Thirdparty/FreeRTOS/portable/MemMang/heap_4.o
 .ARM.attributes
                0x00000487       0x34 ./Thirdparty/SEGGER/Config/SEGGER_SYSVIEW_Config_FreeRTOS.o
 .ARM.attributes
                0x000004bb       0x34 ./Thirdparty/SEGGER/OS/SEGGER_SYSVIEW_FreeRTOS.o
 .ARM.attributes
                0x000004ef       0x34 ./Thirdparty/SEGGER/Rec/segger_uart.o
 .ARM.attributes
                0x00000523       0x34 ./Thirdparty/SEGGER/SEGGER/SEGGER_RTT.o
 .ARM.attributes
                0x00000557       0x20 ./Thirdparty/SEGGER/SEGGER/SEGGER_RTT_ASM_ARMv7M.o
 .ARM.attributes
                0x00000577       0x34 ./Thirdparty/SEGGER/SEGGER/SEGGER_SYSVIEW.o
 .ARM.attributes
                0x000005ab       0x34 ./algorithms_drivers/SIT_SUT/SIT_SUT.o
 .ARM.attributes
                0x000005df       0x34 ./algorithms_drivers/SensorsWeHave/bme280.o
 .ARM.attributes
                0x00000613       0x34 ./tasks/tasks.o
 .ARM.attributes
                0x00000647       0x34 C:/ST/STM32CubeIDE_1.19.0/STM32CubeIDE/plugins/com.st.stm32cube.ide.mcu.externaltools.gnu-tools-for-stm32.13.3.rel1.win32_1.0.0.202411081344/tools/bin/../lib/gcc/arm-none-eabi/13.3.1/../../../../arm-none-eabi/lib/thumb/v7e-m+fp/hard\libc_nano.a(libc_a-findfp.o)
 .ARM.attributes
                0x0000067b       0x34 C:/ST/STM32CubeIDE_1.19.0/STM32CubeIDE/plugins/com.st.stm32cube.ide.mcu.externaltools.gnu-tools-for-stm32.13.3.rel1.win32_1.0.0.202411081344/tools/bin/../lib/gcc/arm-none-eabi/13.3.1/../../../../arm-none-eabi/lib/thumb/v7e-m+fp/hard\libc_nano.a(libc_a-sprintf.o)
 .ARM.attributes
                0x000006af       0x34 C:/ST/STM32CubeIDE_1.19.0/STM32CubeIDE/plugins/com.st.stm32cube.ide.mcu.externaltools.gnu-tools-for-stm32.13.3.rel1.win32_1.0.0.202411081344/tools/bin/../lib/gcc/arm-none-eabi/13.3.1/../../../../arm-none-eabi/lib/thumb/v7e-m+fp/hard\libc_nano.a(libc_a-memcmp.o)
 .ARM.attributes
                0x000006e3       0x34 C:/ST/STM32CubeIDE_1.19.0/STM32CubeIDE/plugins/com.st.stm32cube.ide.mcu.externaltools.gnu-tools-for-stm32.13.3.rel1.win32_1.0.0.202411081344/tools/bin/../lib/gcc/arm-none-eabi/13.3.1/../../../../arm-none-eabi/lib/thumb/v7e-m+fp/hard\libc_nano.a(libc_a-memset.o)
 .ARM.attributes
                0x00000717       0x34 C:/ST/STM32CubeIDE_1.19.0/STM32CubeIDE/plugins/com.st.stm32cube.ide.mcu.externaltools.gnu-tools-for-stm32.13.3.rel1.win32_1.0.0.202411081344/tools/bin/../lib/gcc/arm-none-eabi/13.3.1/../../../../arm-none-eabi/lib/thumb/v7e-m+fp/hard\libc_nano.a(libc_a-reent.o)
 .ARM.attributes