Archive member included to satisfy reference by file (symbol)

C:/ST/STM32CubeIDE_1.19.0/STM32CubeIDE/plugins/com.st.stm32cube.ide.mcu.externaltools.gnu-tools-for-stm32.13.3.rel1.win32_1.0.0.202411081344/tools/bin/../lib/gcc/arm-none-eabi/13.3.1/../../../../arm-none-eabi/lib/thumb/v7e-m+fp/hard\libc_nano.a(libc_a-exit.o)
                              C:/ST/STM32CubeIDE_1.19.0/STM32CubeIDE/plugins/com.st.stm32cube.ide.mcu.externaltools.gnu-tools-for-stm32.13.3.rel1.win32_1.0.0.202411081344/tools/bin/../lib/gcc/arm-none-eabi/13.3.1/../../../../arm-none-eabi/lib/thumb/v7e-m+fp/hard/crt0.o (exit)
C:/ST/STM32CubeIDE_1.19.0/STM32CubeIDE/plugins/com.st.stm32cube.ide.mcu.externaltools.gnu-tools-for-stm32.13.3.rel1.win32_1.0.0.202411081344/tools/bin/../lib/gcc/arm-none-eabi/13.3.1/../../../../arm-none-eabi/lib/thumb/v7e-m+fp/hard\libc_nano.a(libc_a-findfp.o)
                              C:/ST/STM32CubeIDE_1.19.0/STM32CubeIDE/plugins/com.st.stm32cube.ide.mcu.externaltools.gnu-tools-for-stm32.13.3.rel1.win32_1.0.0.202411081344/tools/bin/../lib/gcc/arm-none-eabi/13.3.1/../../../../arm-none-eabi/lib/thumb/v7e-m+fp/hard\libc_nano.a(libc_a-exit.o) (__stdio_exit_handler)
C:/ST/STM32CubeIDE_1.19.0/STM32CubeIDE/plugins/com.st.stm32cube.ide.mcu.externaltools.gnu-tools-for-stm32.13.3.rel1.win32_1.0.0.202411081344/tools/bin/../lib/gcc/arm-none-eabi/13.3.1/../../../../arm-none-eabi/lib/thumb/v7e-m+fp/hard\libc_nano.a(libc_a-fwalk.o)
                              C:/ST/STM32CubeIDE_1.19.0/STM32CubeIDE/plugins/com.st.stm32cube.ide.mcu.externaltools.gnu-tools-for-stm32.13.3.rel1.win32_1.0.0.202411081344/tools/bin/../lib/gcc/arm-none-eabi/13.3.1/../../../../arm-none-eabi/lib/thumb/v7e-m+fp/hard\libc_nano.a(libc_a-findfp.o) (_fwalk_sglue)
C:/ST/STM32CubeIDE_1.19.0/STM32CubeIDE/plugins/com.st.stm32cube.ide.mcu.externaltools.gnu-tools-for-stm32.13.3.rel1.win32_1.0.0.202411081344/tools/bin/../lib/gcc/arm-none-eabi/13.3.1/../../../../arm-none-eabi/lib/thumb/v7e-m+fp/hard\libc_nano.a(libc_a-sprintf.o)
                              ./tasks/tasks.o (sprintf)
C:/ST/STM32CubeIDE_1.19.0/STM32CubeIDE/plugins/com.st.stm32cube.ide.mcu.externaltools.gnu-tools-for-stm32.13.3.rel1.win32_1.0.0.202411081344/tools/bin/../lib/gcc/arm-none-eabi/13.3.1/../../../../arm-none-eabi/lib/thumb/v7e-m+fp/hard\libc_nano.a(libc_a-stdio.o)
                              C:/ST/STM32CubeIDE_1.19.0/STM32CubeIDE/plugins/com.st.stm32cube.ide.mcu.externaltools.gnu-tools-for-stm32.13.3.rel1.win32_1.0.0.202411081344/tools/bin/../lib/gcc/arm-none-eabi/13.3.1/../../../../arm-none-eabi/lib/thumb/v7e-m+fp/hard\libc_nano.a(libc_a-findfp.o) (__sread)
C:/ST/STM32CubeIDE_1.19.0/STM32CubeIDE/plugins/com.st.stm32cube.ide.mcu.externaltools.gnu-tools-for-stm32.13.3.rel1.win32_1.0.0.202411081344/tools/bin/../lib/gcc/arm-none-eabi/13.3.1/../../../../arm-none-eabi/lib/thumb/v7e-m+fp/hard\libc_nano.a(libc_a-memcmp.o)
                              ./Thirdparty/SEGGER/OS/SEGGER_SYSVIEW_FreeRTOS.o (memcmp)
C:/ST/STM32CubeIDE_1.19.0/STM32CubeIDE/plugins/com.st.stm32cube.ide.mcu.externaltools.gnu-tools-for-stm32.13.3.rel1.win32_1.0.0.202411081344/tools/bin/../lib/gcc/arm-none-eabi/13.3.1/../../../../arm-none-eabi/lib/thumb/v7e-m+fp/hard\libc_nano.a(libc_a-memset.o)
                              C:/ST/STM32CubeIDE_1.19.0/STM32CubeIDE/plugins/com.st.stm32cube.ide.mcu.externaltools.gnu-tools-for-stm32.13.3.rel1.win32_1.0.0.202411081344/tools/bin/../lib/gcc/arm-none-eabi/13.3.1/../../../../arm-none-eabi/lib/thumb/v7e-m+fp/hard/crt0.o (memset)
C:/ST/STM32CubeIDE_1.19.0/STM32CubeIDE/plugins/com.st.stm32cube.ide.mcu.externaltools.gnu-tools-for-stm32.13.3.rel1.win32_1.0.0.202411081344/tools/bin/../lib/gcc/arm-none-eabi/13.3.1/../../../../arm-none-eabi/lib/thumb/v7e-m+fp/hard\libc_nano.a(libc_a-closer.o)
                              C:/ST/STM32CubeIDE_1.19.0/STM32CubeIDE/plugins/com.st.stm32cube.ide.mcu.externaltools.gnu-tools-for-stm32.13.3.rel1.win32_1.0.0.202411081344/tools/bin/../lib/gcc/arm-none-eabi/13.3.1/../../../../arm-none-eabi/lib/thumb/v7e-m+fp/hard\libc_nano.a(libc_a-stdio.o) (_close_r)
C:/ST/STM32CubeIDE_1.19.0/STM32CubeIDE/plugins/com.st.stm32cube.ide.mcu.externaltools.gnu-tools-for-stm32.13.3.rel1.win32_1.0.0.202411081344/tools/bin/../lib/gcc/arm-none-eabi/13.3.1/../../../../arm-none-eabi/lib/thumb/v7e-m+fp/hard\libc_nano.a(libc_a-reent.o)
                              C:/ST/STM32CubeIDE_1.19.0/STM32CubeIDE/plugins/com.st.stm32cube.ide.mcu.externaltools.gnu-tools-for-stm32.13.3.rel1.win32_1.0.0.202411081344/tools/bin/../lib/gcc/arm-none-eabi/13.3.1/../../../../arm-none-eabi/lib/thumb/v7e-m+fp/hard\libc_nano.a(libc_a-closer.o) (errno)
C:/ST/STM32CubeIDE_1.19.0/STM32CubeIDE/plugins/com.st.stm32cube.ide.mcu.externaltools.gnu-tools-for-stm32.13.3.rel1.win32_1.0.0.202411081344/tools/bin/../lib/gcc/arm-none-eabi/13.3.1/../../../../arm-none-eabi/lib/thumb/v7e-m+fp/hard\libc_nano.a(libc_a-impure.o)
[...]
Memory Configuration

Name             Origin             Length             Attributes
CCMRAM           0x10000000         0x00010000         xrw
RAM              0x20000000         0x00020000         xrw
FLASH            0x08000000         0x00100000         xr
*default*        0x00000000         0xffffffff

Linker script and memory map

LOAD C:/ST/STM32CubeIDE_1.19.0/STM32CubeIDE/plugins/com.st.stm32cube.ide.mcu.externaltools.gnu-tools-for-stm32.13.3.rel1.win32_1.0.0.202411081344/tools/bin/../lib/gcc/arm-none-eabi/13.3.1/thumb/v7e-m+fp/hard/crti.o
LOAD C:/ST/STM32CubeIDE_1.19.0/STM32CubeIDE/plugins/com.st.stm32cube.ide.mcu.externaltools.gnu-tools-for-stm32.13.3.rel1.win32_1.0.0.202411081344/tools/bin/../lib/gcc/arm-none-eabi/13.3.1/thumb/v7e-m+fp/hard/crtbegin.o
LOAD C:/ST/STM32CubeIDE_1.19.0/STM32CubeIDE/plugins/com.st.stm32cube.ide.mcu.externaltools.gnu-tools-for-stm32.13.3.rel1.win32_1.0.0.202411081344/tools/bin/../lib/gcc/arm-none-eabi/13.3.1/../../../../arm-none-eabi/lib/thumb/v7e-m+fp/hard/crt0.o
LOAD ./Core/Src/main.o
LOAD ./Core/Src/stm32f4xx_hal_msp.o
LOAD ./Core/Src/stm32f4xx_hal_timebase_tim.o
LOAD ./Core/Src/stm32f4xx_it.o
LOAD ./Core/Src/syscalls.o
LOAD ./Core/Src/system_stm32f4xx.o
LOAD ./Core/Startup/startup_stm32f407vgtx.o
LOAD ./Drivers/STM32F4xx_HAL_Driver/Src/stm32f4xx_hal.o
LOAD ./Drivers/STM32F4xx_HAL_Driver/Src/stm32f4xx_hal_cortex.o
LOAD ./Drivers/STM32F4xx_HAL_Driver/Src/stm32f4xx_hal_dma.o
LOAD ./Drivers/STM32F4xx_HAL_Driver/Src/stm32f4xx_hal_dma_ex.o
LOAD ./Drivers/STM32F4xx_HAL_Driver/Src/stm32f4xx_hal_exti.o
LOAD ./Drivers/STM32F4xx_HAL_Driver/Src/stm32f4xx_hal_flash.o
LOAD ./Drivers/STM32F4xx_HAL_Driver/Src/stm32f4xx_hal_flash_ex.o
LOAD ./Drivers/STM32F4xx_HAL_Driver/Src/stm32f4xx_hal_flash_ramfunc.o
LOAD ./Drivers/STM32F4xx_HAL_Driver/Src/stm32f4xx_hal_gpio.o
LOAD ./Drivers/STM32F4xx_HAL_Driver/Src/stm32f4xx_hal_i2c.o
LOAD ./Drivers/STM32F4xx_HAL_Driver/Src/stm32f4xx_hal_i2c_ex.o
LOAD ./Drivers/STM32F4xx_HAL_Driver/Src/stm32f4xx_hal_mmc.o
LOAD ./Drivers/STM32F4xx_HAL_Driver/Src/stm32f4xx_hal_pwr.o
LOAD ./Drivers/STM32F4xx_HAL_Driver/Src/stm32f4xx_hal_pwr_ex.o
LOAD ./Drivers/STM32F4xx_HAL_Driver/Src/stm32f4xx_hal_rcc.o
LOAD ./Drivers/STM32F4xx_HAL_Driver/Src/stm32f4xx_hal_rcc_ex.o
LOAD ./Drivers/STM32F4xx_HAL_Driver/Src/stm32f4xx_hal_sd.o
LOAD ./Drivers/STM32F4xx_HAL_Driver/Src/stm32f4xx_hal_spi.o
LOAD ./Drivers/STM32F4xx_HAL_Driver/Src/stm32f4xx_hal_tim.o
LOAD ./Drivers/STM32F4xx_HAL_Driver/Src/stm32f4xx_hal_tim_ex.o
LOAD ./Drivers/STM32F4xx_HAL_Driver/Src/stm32f4xx_hal_uart.o
LOAD ./Drivers/STM32F4xx_HAL_Driver/Src/stm32f4xx_ll_sdmmc.o
LOAD ./Thirdparty/FreeRTOS/croutine.o
LOAD ./Thirdparty/FreeRTOS/event_groups.o
LOAD ./Thirdparty/FreeRTOS/list.o
LOAD ./Thirdparty/FreeRTOS/queue.o
LOAD ./Thirdparty/FreeRTOS/stream_buffer.o
LOAD ./Thirdparty/FreeRTOS/tasks.o
LOAD ./Thirdparty/FreeRTOS/timers.o
LOAD ./Thirdparty/FreeRTOS/portable/GCC/ARM_CM4F/port.o
LOAD ./Thirdparty/FreeRTOS/portable/MemMang/heap_4.o
LOAD ./Thirdparty/SEGGER/Config/SEGGER_SYSVIEW_Config_FreeRTOS.o
LOAD ./Thirdparty/SEGGER/OS/SEGGER_SYSVIEW_FreeRTOS.o
LOAD ./Thirdparty/SEGGER/Rec/segger_uart.o
LOAD ./Thirdparty/SEGGER/SEGGER/SEGGER_RTT.o
LOAD ./Thirdparty/SEGGER/SEGGER/SEGGER_RTT_ASM_ARMv7M.o
LOAD ./Thirdparty/SEGGER/SEGGER/SEGGER_RTT_printf.o
LOAD ./Thirdparty/SEGGER/SEGGER/SEGGER_SYSVIEW.o
LOAD ./Thirdparty/SEGGER/SEGGER/Syscalls/SEGGER_RTT_Syscalls_GCC.o
LOAD ./algorithms_drivers/SIT_SUT/SIT_SUT.o
LOAD ./algorithms_drivers/SensorsWeHave/bme280.o
LOAD ./tasks/tasks.o
START GROUP
LOAD C:/ST/STM32CubeIDE_1.19.0/STM32CubeIDE/plugins/com.st.stm32cube.ide.mcu.externaltools.gnu-tools-for-stm32.13.3.rel1.win32_1.0.0.202411081344/tools/bin/../lib/gcc/arm-none-eabi/13.3.1/../../../../arm-none-eabi/lib/thumb/v7e-m+fp/hard\libc_nano.a
LOAD C:/ST/STM32CubeIDE_1.19.0/STM32CubeIDE/plugins/com.st.stm32cube.ide.mcu.externaltools.gnu-tools-for-stm32.13.3.rel1.win32_1.0.0.202411081344/tools/bin/../lib/gcc/arm-none-eabi/13.3.1/../../../../arm-none-eabi/lib/thumb/v7e-m+fp/hard\libm.a
END GROUP
START GROUP
LOAD C:/ST/STM32CubeIDE_1.19.0/STM32CubeIDE/plugins/com.st.stm32cube.ide.mcu.externaltools.gnu-tools-for-stm32.13.3.rel1.win32_1.0.0.202411081344/tools/bin/../lib/gcc/arm-none-eabi/13.3.1/thumb/v7e-m+fp/hard\libgcc.a
LOAD C:/ST/STM32CubeIDE_1.19.0/STM32CubeIDE/plugins/com.st.stm32cube.ide.mcu.externaltools.gnu-tools-for-stm32.13.3.rel1.win32_1.0.0.202411081344/tools/bin/../lib/gcc/arm-none-eabi/13.3.1/../../../../arm-none-eabi/lib/thumb/v7e-m+fp/hard\libc_nano.a
END GROUP
START GROUP
LOAD C:/ST/STM32CubeIDE_1.19.0/STM32CubeIDE/plugins/com.st.stm32cube.ide.mcu.externaltools.gnu-tools-for-stm32.13.3.rel1.win32_1.0.0.202411081344/tools/bin/../lib/gcc/arm-none-eabi/13.3.1/thumb/v7e-m+fp/hard\libgcc.a
LOAD C:/ST/STM32CubeIDE_1.19.0/STM32CubeIDE/plugins/com.st.stm32cube.ide.mcu.externaltools.gnu-tools-for-stm32.13.3.rel1.win32_1.0.0.202411081344/tools/bin/../lib/gcc/arm-none-eabi/13.3.1/../../../../arm-none-eabi/lib/thumb/v7e-m+fp/hard\libc_nano.a
LOAD C:/ST/STM32CubeIDE_1.19.0/STM32CubeIDE/plugins/com.st.stm32cube.ide.mcu.externaltools.gnu-tools-for-stm32.13.3.rel1.win32_1.0.0.202411081344/tools/bin/../lib/gcc/arm-none-eabi/13.3.1/../../../../arm-none-eabi/lib/thumb/v7e-m+fp/hard\libnosys.a
END GROUP
START GROUP
LOAD C:/ST/STM32CubeIDE_1.19.0/STM32CubeIDE/plugins/com.st.stm32cube.ide.mcu.externaltools.gnu-tools-for-stm32.13.3.rel1.win32_1.0.0.202411081344/tools/bin/../lib/gcc/arm-none-eabi/13.3.1/thumb/v7e-m+fp/hard\libgcc.a
LOAD C:/ST/STM32CubeIDE_1.19.0/STM32CubeIDE/plugins/com.st.stm32cube.ide.mcu.externaltools.gnu-tools-for-stm32.13.3.rel1.win32_1.0.0.202411081344/tools/bin/../lib/gcc/arm-none-eabi/13.3.1/../../../../arm-none-eabi/lib/thumb/v7e-m+fp/hard\libc_nano.a
LOAD C:/ST/STM32CubeIDE_1.19.0/STM32CubeIDE/plugins/com.st.stm32cube.ide.mcu.externaltools.gnu-tools-for-stm32.13.3.rel1.win32_1.0.0.202411081344/tools/bin/../lib/gcc/arm-none-eabi/13.3.1/../../../../arm-none-eabi/lib/thumb/v7e-m+fp/hard\libnosys.a
END GROUP
LOAD C:/ST/STM32CubeIDE_1.19.0/STM32CubeIDE/plugins/com.st.stm32cube.ide.mcu.externaltools.gnu-tools-for-stm32.13.3.rel1.win32_1.0.0.202411081344/tools/bin/../lib/gcc/arm-none-eabi/13.3.1/thumb/v7e-m+fp/hard/crtend.o
LOAD C:/ST/STM32CubeIDE_1.19.0/STM32CubeIDE/plugins/com.st.stm32cube.ide.mcu.externaltools.gnu-tools-for-stm32.13.3.rel1.win32_1.0.0.202411081344/tools/bin/../lib/gcc/arm-none-eabi/13.3.1/thumb/v7e-m+fp/hard/crtn.o
                0x20020000                        _estack = (ORIGIN (RAM) + LENGTH (RAM))
                0x00000200                        _Min_Heap_Size = 0x200
                0x00000400                        _Min_Stack_Size = 0x400

.isr_vector     0x08000000      0x188
                0x08000000                        . = ALIGN (0x4)
 *(.isr_vector)
 .isr_vector    0x08000000      0x188 ./Core/Startup/startup_stm32f407vgtx.o
                0x08000000                g_pfnVectors
                0x08000188                        . = ALIGN (0x4)

.text           0x08000190     0xd51c
                0x08000190                        . = ALIGN (0x4)
 *(.text)
 .text          0x08000190       0x40 C:/ST/STM32CubeIDE_1.19.0/STM32CubeIDE/plugins/com.st.stm32cube.ide.mcu.externaltools.gnu-tools-for-stm32.13.3.rel1.win32_1.0.0.202411081344/tools/bin/../lib/gcc/arm-none-eabi/13.3.1/thumb/v7e-m+fp/hard/crtbegin.o
 .text          0x080001d0       0x94 ./Thirdparty/SEGGER/SEGGER/SEGGER_RTT_ASM_ARMv7M.o
                0x080001d0                SEGGER_RTT_ASM_WriteSkipNoLock
 *fill*         0x08000264        0xc 
 .text          0x08000270       0xa0 C:/ST/STM32CubeIDE_1.19.0/STM32CubeIDE/plugins/com.st.stm32cube.ide.mcu.externaltools.gnu-tools-for-stm32.13.3.rel1.win32_1.0.0.202411081344/tools/bin/../lib/gcc/arm-none-eabi/13.3.1/../../../../arm-none-eabi/lib/thumb/v7e-m+fp/hard\libc_nano.a(libc_a-memchr.o)
                0x08000270                memchr
 .text          0x08000310       0xa0 C:/ST/STM32CubeIDE_1.19.0/STM32CubeIDE/plugins/com.st.stm32cube.ide.mcu.externaltools.gnu-tools-for-stm32.13.3.rel1.win32_1.0.0.202411081344/tools/bin/../lib/gcc/arm-none-eabi/13.3.1/thumb/v7e-m+fp/hard\libgcc.a(_aeabi_ldivmod.o)
                0x08000310                __aeabi_ldivmod
 .text          0x080003b0       0x30 C:/ST/STM32CubeIDE_1.19.0/STM32CubeIDE/plugins/com.st.stm32cube.ide.mcu.externaltools.gnu-tools-for-stm32.13.3.rel1.win32_1.0.0.202411081344/tools/bin/../lib/gcc/arm-none-eabi/13.3.1/thumb/v7e-m+fp/hard\libgcc.a(_aeabi_uldivmod.o)
                0x080003b0                __aeabi_uldivmod
 .text          0x080003e0      0x2f8 C:/ST/STM32CubeIDE_1.19.0/STM32CubeIDE/plugins/com.st.stm32cube.ide.mcu.externaltools.gnu-tools-for-stm32.13.3.rel1.win32_1.0.0.202411081344/tools/bin/../lib/gcc/arm-none-eabi/13.3.1/thumb/v7e-m+fp/hard\libgcc.a(_udivmoddi4.o)
                0x080003e0                __udivmoddi4
 .text          0x080006d8        0x4 C:/ST/STM32CubeIDE_1.19.0/STM32CubeIDE/plugins/com.st.stm32cube.ide.mcu.externaltools.gnu-tools-for-stm32.13.3.rel1.win32_1.0.0.202411081344/tools/bin/../lib/gcc/arm-none-eabi/13.3.1/thumb/v7e-m+fp/hard\libgcc.a(_dvmd_tls.o)
                0x080006d8                __aeabi_idiv0
                0x080006d8                __aeabi_ldiv0
 *(.text*)
 .text.main     0x080006dc       0x3c ./Core/Src/main.o
                0x080006dc                main
 .text.SystemClock_Config
                0x08000718       0xd4 ./Core/Src/main.o
                0x08000718                SystemClock_Config
 .text.MX_I2C1_Init
                0x080007ec       0x5c ./Core/Src/main.o
 .text.MX_I2C2_Init
                0x08000848       0x5c ./Core/Src/main.o
 .text.MX_SDIO_SD_Init
                0x080008a4       0x60 ./Core/Src/main.o
 .text.MX_SPI1_Init
                0x08000904       0x6c ./Core/Src/main.o
 .text.MX_SPI2_Init
                0x08000970       0x6c ./Core/Src/main.o
 .text.MX_USART1_UART_Init
                0x080009dc       0x54 ./Core/Src/main.o
 .text.MX_USART2_UART_Init
                0x08000a30       0x54 ./Core/Src/main.o
 .text.MX_USART3_UART_Init
                0x08000a84       0x54 ./Core/Src/main.o
 .text.MX_DMA_Init
                0x08000ad8       0x8c ./Core/Src/main.o
 .text.MX_GPIO_Init
                0x08000b64      0x25c ./Core/Src/main.o
 .text.HAL_SPI_TxCpltCallback
                0x08000dc0       0x28 ./Core/Src/main.o
                0x08000dc0                HAL_SPI_TxCpltCallback
 .text.HAL_SPI_RxCpltCallback
                0x08000de8       0x28 ./Core/Src/main.o
                0x08000de8                HAL_SPI_RxCpltCallback
 .text.HAL_SPI_ErrorCallback
                0x08000e10       0x3c ./Core/Src/main.o
                0x08000e10                HAL_SPI_ErrorCallback
 .text.HAL_UART_TxCpltCallback
                0x08000e4c       0x24 ./Core/Src/main.o
                0x08000e4c                HAL_UART_TxCpltCallback
 .text.HAL_UARTEx_RxEventCallback
                0x08000e70       0x2c ./Core/Src/main.o
                0x08000e70                HAL_UARTEx_RxEventCallback
 .text.HAL_UART_ErrorCallback
                0x08000e9c       0x24 ./Core/Src/main.o
                0x08000e9c                HAL_UART_ErrorCallback
 .text.HAL_TIM_PeriodElapsedCallback
                0x08000ec0       0x24 ./Core/Src/main.o
                0x08000ec0                HAL_TIM_PeriodElapsedCallback
 .text.Error_Handler
                0x08000ee4        0xe ./Core/Src/main.o
                0x08000ee4                Error_Handler
 *fill*         0x08000ef2        0x2 
 .text.HAL_MspInit
                0x08000ef4       0x50 ./Core/Src/stm32f4xx_hal_msp.o
                0x08000ef4                HAL_MspInit
 .text.HAL_I2C_MspInit
                0x08000f44       0xfc ./Core/Src/stm32f4xx_hal_msp.o
                0x08000f44                HAL_I2C_MspInit
 .text.HAL_SD_MspInit
                0x08001040       0xd0 ./Core/Src/stm32f4xx_hal_msp.o
                0x08001040                HAL_SD_MspInit
 .text.HAL_SPI_MspInit
                0x08001110      0x1c4 ./Core/Src/stm32f4xx_hal_msp.o
                0x08001110                HAL_SPI_MspInit
 .text.HAL_UART_MspInit
                0x080012d4      0x234 ./Core/Src/stm32f4xx_hal_msp.o
                0x080012d4                HAL_UART_MspInit
 .text.HAL_InitTick
                0x08001508       0xf8 ./Core/Src/stm32f4xx_hal_timebase_tim.o
                0x08001508                HAL_InitTick
 .text.NMI_Handler
                0x08001600        0x8 ./Core/Src/stm32f4xx_it.o
                0x08001600                NMI_Handler
 .text.HardFault_Handler
                0x08001608        0x8 ./Core/Src/stm32f4xx_it.o
                0x08001608                HardFault_Handler
 .text.MemManage_Handler
                0x08001610        0x8 ./Core/Src/stm32f4xx_it.o
                0x08001610                MemManage_Handler
 .text.BusFault_Handler
                0x08001618        0x8 ./Core/Src/stm32f4xx_it.o
                0x08001618                BusFault_Handler
 .text.UsageFault_Handler
                0x08001620        0x8 ./Core/Src/stm32f4xx_it.o
                0x08001620                UsageFault_Handler
 .text.DebugMon_Handler
                0x08001628        0xe ./Core/Src/stm32f4xx_it.o
                0x08001628                DebugMon_Handler
 *fill*         0x08001636        0x2 
 .text.DMA1_Stream3_IRQHandler
                0x08001638       0x14 ./Core/Src/stm32f4xx_it.o
                0x08001638                DMA1_Stream3_IRQHandler
 .text.DMA1_Stream4_IRQHandler
                0x0800164c       0x14 ./Core/Src/stm32f4xx_it.o
                0x0800164c                DMA1_Stream4_IRQHandler
 .text.TIM6_DAC_IRQHandler
                0x08001660       0x14 ./Core/Src/stm32f4xx_it.o
                0x08001660                TIM6_DAC_IRQHandler
 .text.DMA2_Stream2_IRQHandler
                0x08001674       0x14 ./Core/Src/stm32f4xx_it.o
                0x08001674                DMA2_Stream2_IRQHandler
 .text.DMA2_Stream7_IRQHandler
                0x08001688       0x14 ./Core/Src/stm32f4xx_it.o
                0x08001688                DMA2_Stream7_IRQHandler
 .text.SystemInit
                0x0800169c       0x24 ./Core/Src/system_stm32f4xx.o
                0x0800169c                SystemInit
 .text.Reset_Handler
                0x080016c0       0x50 ./Core/Startup/startup_stm32f407vgtx.o
                0x080016c0                Reset_Handler
 .text.Default_Handler
                0x08001710        0x2 ./Core/Startup/startup_stm32f407vgtx.o
                0x08001710                RTC_Alarm_IRQHandler
                0x08001710                HASH_RNG_IRQHandler
                0x08001710                EXTI2_IRQHandler
                0x08001710                TIM8_CC_IRQHandler
                0x08001710                TIM1_CC_IRQHandler
                0x08001710                DMA2_Stream5_IRQHandler
                0x08001710                DMA1_Stream5_IRQHandler
                0x08001710                PVD_IRQHandler
                0x08001710                SDIO_IRQHandler
                0x08001710                TAMP_STAMP_IRQHandler
                0x08001710                CAN2_RX1_IRQHandler
                0x08001710                EXTI3_IRQHandler
                0x08001710                TIM8_TRG_COM_TIM14_IRQHandler
                0x08001710                TIM1_UP_TIM10_IRQHandler
                0x08001710                TIM8_UP_TIM13_IRQHandler
                0x08001710                I2C3_ER_IRQHandler
                0x08001710                EXTI0_IRQHandler
                0x08001710                I2C2_EV_IRQHandler
                0x08001710                DMA1_Stream2_IRQHandler
                0x08001710                CAN1_RX0_IRQHandler
                0x08001710                FPU_IRQHandler
                0x08001710                OTG_HS_WKUP_IRQHandler
                0x08001710                CAN2_SCE_IRQHandler
                0x08001710                SPI1_IRQHandler
                0x08001710                TIM1_BRK_TIM9_IRQHandler
                0x08001710                DCMI_IRQHandler
                0x08001710                CAN2_RX0_IRQHandler
                0x08001710                DMA2_Stream3_IRQHandler
                0x08001710                USART6_IRQHandler
                0x08001710                USART3_IRQHandler
                0x08001710                CAN1_RX1_IRQHandler
                0x08001710                UART5_IRQHandler
                0x08001710                DMA2_Stream0_IRQHandler
                0x08001710                TIM4_IRQHandler
                0x08001710                I2C1_EV_IRQHandler
                0x08001710                DMA1_Stream6_IRQHandler
                0x08001710                DMA1_Stream1_IRQHandler
                0x08001710                UART4_IRQHandler
                0x08001710                TIM3_IRQHandler
                0x08001710                RCC_IRQHandler
                0x08001710                TIM8_BRK_TIM12_IRQHandler
                0x08001710                Default_Handler
                0x08001710                EXTI15_10_IRQHandler
                0x08001710                ADC_IRQHandler
                0x08001710                DMA1_Stream7_IRQHandler
                0x08001710                TIM7_IRQHandler
                0x08001710                CAN2_TX_IRQHandler
                0x08001710                TIM5_IRQHandler
                0x08001710                I2C3_EV_IRQHandler
                0x08001710                EXTI9_5_IRQHandler
                0x08001710                RTC_WKUP_IRQHandler
                0x08001710                ETH_WKUP_IRQHandler
                0x08001710                SPI2_IRQHandler
                0x08001710                OTG_HS_EP1_IN_IRQHandler
                0x08001710                DMA1_Stream0_IRQHandler
                0x08001710                CAN1_TX_IRQHandler
                0x08001710                EXTI4_IRQHandler
                0x08001710                FSMC_IRQHandler
                0x08001710                ETH_IRQHandler
                0x08001710                OTG_HS_EP1_OUT_IRQHandler
                0x08001710                WWDG_IRQHandler
                0x08001710                TIM2_IRQHandler
                0x08001710                OTG_FS_WKUP_IRQHandler
                0x08001710                TIM1_TRG_COM_TIM11_IRQHandler
                0x08001710                OTG_HS_IRQHandler
                0x08001710                EXTI1_IRQHandler
                0x08001710                I2C2_ER_IRQHandler
                0x08001710                DMA2_Stream1_IRQHandler
                0x08001710                CAN1_SCE_IRQHandler
                0x08001710                FLASH_IRQHandler
                0x08001710                DMA2_Stream4_IRQHandler
                0x08001710                USART1_IRQHandler
                0x08001710                OTG_FS_IRQHandler
                0x08001710                SPI3_IRQHandler
                0x08001710                I2C1_ER_IRQHandler
                0x08001710                DMA2_Stream6_IRQHandler
 *fill*         0x08001712        0x2 
 .text.HAL_Init
                0x08001714       0x44 ./Drivers/STM32F4xx_HAL_Driver/Src/stm32f4xx_hal.o
                0x08001714                HAL_Init
 .text.HAL_IncTick
                0x08001758       0x28 ./Drivers/STM32F4xx_HAL_Driver/Src/stm32f4xx_hal.o
                0x08001758                HAL_IncTick
 .text.HAL_GetTick
                0x08001780       0x18 ./Drivers/STM32F4xx_HAL_Driver/Src/stm32f4xx_hal.o
                0x08001780                HAL_GetTick
 .text.HAL_Delay
                0x08001798       0x48 ./Drivers/STM32F4xx_HAL_Driver/Src/stm32f4xx_hal.o
                0x08001798                HAL_Delay
 .text.__NVIC_SetPriorityGrouping
                0x080017e0       0x48 ./Drivers/STM32F4xx_HAL_Driver/Src/stm32f4xx_hal_cortex.o
 .text.__NVIC_GetPriorityGrouping
                0x08001828       0x1c ./Drivers/STM32F4xx_HAL_Driver/Src/stm32f4xx_hal_cortex.o
 .text.__NVIC_EnableIRQ
                0x08001844       0x3c ./Drivers/STM32F4xx_HAL_Driver/Src/stm32f4xx_hal_cortex.o
 .text.__NVIC_SetPriority
                0x08001880       0x54 ./Drivers/STM32F4xx_HAL_Driver/Src/stm32f4xx_hal_cortex.o
 .text.NVIC_EncodePriority
                0x080018d4       0x66 ./Drivers/STM32F4xx_HAL_Driver/Src/stm32f4xx_hal_cortex.o
 .text.HAL_NVIC_SetPriorityGrouping
                0x0800193a       0x16 ./Drivers/STM32F4xx_HAL_Driver/Src/stm32f4xx_hal_cortex.o
                0x0800193a                HAL_NVIC_SetPriorityGrouping
 .text.HAL_NVIC_SetPriority
                0x08001950       0x38 ./Drivers/STM32F4xx_HAL_Driver/Src/stm32f4xx_hal_cortex.o
                0x08001950                HAL_NVIC_SetPriority
 .text.HAL_NVIC_EnableIRQ
                0x08001988       0x1c ./Drivers/STM32F4xx_HAL_Driver/Src/stm32f4xx_hal_cortex.o
                0x08001988                HAL_NVIC_EnableIRQ
 .text.HAL_DMA_Init
                0x080019a4      0x15c ./Drivers/STM32F4xx_HAL_Driver/Src/stm32f4xx_hal_dma.o
                0x080019a4                HAL_DMA_Init
 .text.HAL_DMA_Start_IT
                0x08001b00       0xb0 ./Drivers/STM32F4xx_HAL_Driver/Src/stm32f4xx_hal_dma.o
                0x08001b00                HAL_DMA_Start_IT
 .text.HAL_DMA_IRQHandler
                0x08001bb0      0x314 ./Drivers/STM32F4xx_HAL_Driver/Src/stm32f4xx_hal_dma.o
                0x08001bb0                HAL_DMA_IRQHandler
 .text.DMA_SetConfig
                0x08001ec4       0x5c ./Drivers/STM32F4xx_HAL_Driver/Src/stm32f4xx_hal_dma.o
 .text.DMA_CalcBaseAndBitshift
                0x08001f20       0x6c ./Drivers/STM32F4xx_HAL_Driver/Src/stm32f4xx_hal_dma.o
 .text.DMA_CheckFifoParam
                0x08001f8c       0xf8 ./Drivers/STM32F4xx_HAL_Driver/Src/stm32f4xx_hal_dma.o
 .text.HAL_GPIO_Init
                0x08002084      0x338 ./Drivers/STM32F4xx_HAL_Driver/Src/stm32f4xx_hal_gpio.o
                0x08002084                HAL_GPIO_Init
 .text.HAL_GPIO_WritePin
                0x080023bc       0x32 ./Drivers/STM32F4xx_HAL_Driver/Src/stm32f4xx_hal_gpio.o
                0x080023bc                HAL_GPIO_WritePin
 *fill*         0x080023ee        0x2 
 .text.HAL_I2C_Init
                0x080023f0      0x288 ./Drivers/STM32F4xx_HAL_Driver/Src/stm32f4xx_hal_i2c.o
                0x080023f0                HAL_I2C_Init
 .text.HAL_RCC_OscConfig
                0x08002678      0x4f0 ./Drivers/STM32F4xx_HAL_Driver/Src/stm32f4xx_hal_rcc.o
                0x08002678                HAL_RCC_OscConfig
 .text.HAL_RCC_ClockConfig
                0x08002b68      0x1cc ./Drivers/STM32F4xx_HAL_Driver/Src/stm32f4xx_hal_rcc.o
                0x08002b68                HAL_RCC_ClockConfig
 .text.HAL_RCC_GetSysClockFreq
                0x08002d34      0x20c ./Drivers/STM32F4xx_HAL_Driver/Src/stm32f4xx_hal_rcc.o
                0x08002d34                HAL_RCC_GetSysClockFreq
 .text.HAL_RCC_GetHCLKFreq
                0x08002f40       0x18 ./Drivers/STM32F4xx_HAL_Driver/Src/stm32f4xx_hal_rcc.o
                0x08002f40                HAL_RCC_GetHCLKFreq
 .text.HAL_RCC_GetPCLK1Freq
                0x08002f58       0x28 ./Drivers/STM32F4xx_HAL_Driver/Src/stm32f4xx_hal_rcc.o
                0x08002f58                HAL_RCC_GetPCLK1Freq
 .text.HAL_RCC_GetPCLK2Freq
                0x08002f80       0x28 ./Drivers/STM32F4xx_HAL_Driver/Src/stm32f4xx_hal_rcc.o
                0x08002f80                HAL_RCC_GetPCLK2Freq
 .text.HAL_RCC_GetClockConfig
                0x08002fa8       0x64 ./Drivers/STM32F4xx_HAL_Driver/Src/stm32f4xx_hal_rcc.o
                0x08002fa8                HAL_RCC_GetClockConfig
 .text.HAL_SD_Init
                0x0800300c       0x60 ./Drivers/STM32F4xx_HAL_Driver/Src/stm32f4xx_hal_sd.o
                0x0800300c                HAL_SD_Init
 .text.HAL_SD_InitCard
                0x0800306c       0xf0 ./Drivers/STM32F4xx_HAL_Driver/Src/stm32f4xx_hal_sd.o
                0x0800306c                HAL_SD_InitCard
 .text.HAL_SD_GetCardCSD
                0x0800315c      0x348 ./Drivers/STM32F4xx_HAL_Driver/Src/stm32f4xx_hal_sd.o
                0x0800315c                HAL_SD_GetCardCSD
 .text.HAL_SD_ConfigWideBusOperation
                0x080034a4      0x134 ./Drivers/STM32F4xx_HAL_Driver/Src/stm32f4xx_hal_sd.o
                0x080034a4                HAL_SD_ConfigWideBusOperation
 .text.SD_InitCard
                0x080035d8      0x19c ./Drivers/STM32F4xx_HAL_Driver/Src/stm32f4xx_hal_sd.o
 .text.SD_PowerON
                0x08003774      0x11c ./Drivers/STM32F4xx_HAL_Driver/Src/stm32f4xx_hal_sd.o
 .text.SD_WideBus_Enable
                0x08003890       0x96 ./Drivers/STM32F4xx_HAL_Driver/Src/stm32f4xx_hal_sd.o
 .text.SD_WideBus_Disable
                0x08003926       0x96 ./Drivers/STM32F4xx_HAL_Driver/Src/stm32f4xx_hal_sd.o
 .text.SD_FindSCR
                0x080039bc      0x1b4 ./Drivers/STM32F4xx_HAL_Driver/Src/stm32f4xx_hal_sd.o
 .text.HAL_SPI_Init
                0x08003b70      0x112 ./Drivers/STM32F4xx_HAL_Driver/Src/stm32f4xx_hal_spi.o
                0x08003b70                HAL_SPI_Init
 *fill*         0x08003c82        0x2 
 .text.HAL_SPI_Transmit_DMA
                0x08003c84      0x164 ./Drivers/STM32F4xx_HAL_Driver/Src/stm32f4xx_hal_spi.o
                0x08003c84                HAL_SPI_Transmit_DMA
 .text.HAL_SPI_Receive_DMA
                0x08003de8      0x188 ./Drivers/STM32F4xx_HAL_Driver/Src/stm32f4xx_hal_spi.o
                0x08003de8                HAL_SPI_Receive_DMA
 .text.HAL_SPI_TransmitReceive_DMA
                0x08003f70      0x1f8 ./Drivers/STM32F4xx_HAL_Driver/Src/stm32f4xx_hal_spi.o
                0x08003f70                HAL_SPI_TransmitReceive_DMA
 .text.HAL_SPI_TxRxCpltCallback
                0x08004168       0x14 ./Drivers/STM32F4xx_HAL_Driver/Src/stm32f4xx_hal_spi.o
                0x08004168                HAL_SPI_TxRxCpltCallback
 .text.HAL_SPI_TxHalfCpltCallback
                0x0800417c       0x14 ./Drivers/STM32F4xx_HAL_Driver/Src/stm32f4xx_hal_spi.o
                0x0800417c                HAL_SPI_TxHalfCpltCallback
 .text.HAL_SPI_RxHalfCpltCallback
                0x08004190       0x14 ./Drivers/STM32F4xx_HAL_Driver/Src/stm32f4xx_hal_spi.o
                0x08004190                HAL_SPI_RxHalfCpltCallback
 .text.HAL_SPI_TxRxHalfCpltCallback
                0x080041a4       0x14 ./Drivers/STM32F4xx_HAL_Driver/Src/stm32f4xx_hal_spi.o
                0x080041a4                HAL_SPI_TxRxHalfCpltCallback
 .text.SPI_DMATransmitCplt
                0x080041b8       0xa8 ./Drivers/STM32F4xx_HAL_Driver/Src/stm32f4xx_hal_spi.o
 .text.SPI_DMAReceiveCplt
                0x08004260       0xa8 ./Drivers/STM32F4xx_HAL_Driver/Src/stm32f4xx_hal_spi.o
 .text.SPI_DMATransmitReceiveCplt
                0x08004308       0x90 ./Drivers/STM32F4xx_HAL_Driver/Src/stm32f4xx_hal_spi.o
 .text.SPI_DMAHalfTransmitCplt
                0x08004398       0x1c ./Drivers/STM32F4xx_HAL_Driver/Src/stm32f4xx_hal_spi.o
 .text.SPI_DMAHalfReceiveCplt
                0x080043b4       0x1c ./Drivers/STM32F4xx_HAL_Driver/Src/stm32f4xx_hal_spi.o
 .text.SPI_DMAHalfTransmitReceiveCplt
                0x080043d0       0x1c ./Drivers/STM32F4xx_HAL_Driver/Src/stm32f4xx_hal_spi.o
 .text.SPI_DMAError
                0x080043ec       0x40 ./Drivers/STM32F4xx_HAL_Driver/Src/stm32f4xx_hal_spi.o
 .text.SPI_WaitFlagStateUntilTimeout
                0x0800442c      0x110 ./Drivers/STM32F4xx_HAL_Driver/Src/stm32f4xx_hal_spi.o
 .text.SPI_EndRxTransaction
                0x0800453c       0xca ./Drivers/STM32F4xx_HAL_Driver/Src/stm32f4xx_hal_spi.o
 *fill*         0x08004606        0x2 
 .text.SPI_EndRxTxTransaction
                0x08004608       0xa8 ./Drivers/STM32F4xx_HAL_Driver/Src/stm32f4xx_hal_spi.o
 .text.HAL_TIM_Base_Init
                0x080046b0       0x9e ./Drivers/STM32F4xx_HAL_Driver/Src/stm32f4xx_hal_tim.o
                0x080046b0                HAL_TIM_Base_Init
 .text.HAL_TIM_Base_MspInit
                0x0800474e       0x14 ./Drivers/STM32F4xx_HAL_Driver/Src/stm32f4xx_hal_tim.o
                0x0800474e                HAL_TIM_Base_MspInit
 *fill*         0x08004762        0x2 
 .text.HAL_TIM_Base_Start_IT
                0x08004764       0xe0 ./Drivers/STM32F4xx_HAL_Driver/Src/stm32f4xx_hal_tim.o
                0x08004764                HAL_TIM_Base_Start_IT
 .text.HAL_TIM_IRQHandler
                0x08004844      0x1e0 ./Drivers/STM32F4xx_HAL_Driver/Src/stm32f4xx_hal_tim.o
                0x08004844                HAL_TIM_IRQHandler
 .text.HAL_TIM_OC_DelayElapsedCallback
                0x08004a24       0x14 ./Drivers/STM32F4xx_HAL_Driver/Src/stm32f4xx_hal_tim.o
                0x08004a24                HAL_TIM_OC_DelayElapsedCallback
 .text.HAL_TIM_IC_CaptureCallback
                0x08004a38       0x14 ./Drivers/STM32F4xx_HAL_Driver/Src/stm32f4xx_hal_tim.o
                0x08004a38                HAL_TIM_IC_CaptureCallback
 .text.HAL_TIM_PWM_PulseFinishedCallback
                0x08004a4c       0x14 ./Drivers/STM32F4xx_HAL_Driver/Src/stm32f4xx_hal_tim.o
                0x08004a4c                HAL_TIM_PWM_PulseFinishedCallback
 .text.HAL_TIM_TriggerCallback
                0x08004a60       0x14 ./Drivers/STM32F4xx_HAL_Driver/Src/stm32f4xx_hal_tim.o
                0x08004a60                HAL_TIM_TriggerCallback
 .text.TIM_Base_SetConfig
                0x08004a74      0x14c ./Drivers/STM32F4xx_HAL_Driver/Src/stm32f4xx_hal_tim.o
                0x08004a74                TIM_Base_SetConfig
 .text.HAL_TIMEx_CommutCallback
                0x08004bc0       0x14 ./Drivers/STM32F4xx_HAL_Driver/Src/stm32f4xx_hal_tim_ex.o
                0x08004bc0                HAL_TIMEx_CommutCallback
 .text.HAL_TIMEx_BreakCallback
                0x08004bd4       0x14 ./Drivers/STM32F4xx_HAL_Driver/Src/stm32f4xx_hal_tim_ex.o
                0x08004bd4                HAL_TIMEx_BreakCallback
 .text.HAL_UART_Init
                0x08004be8       0xa0 ./Drivers/STM32F4xx_HAL_Driver/Src/stm32f4xx_hal_uart.o
                0x08004be8                HAL_UART_Init
 .text.HAL_UART_Transmit_DMA
                0x08004c88       0xf8 ./Drivers/STM32F4xx_HAL_Driver/Src/stm32f4xx_hal_uart.o
                0x08004c88                HAL_UART_Transmit_DMA
 .text.HAL_UARTEx_ReceiveToIdle_DMA
                0x08004d80       0xb2 ./Drivers/STM32F4xx_HAL_Driver/Src/stm32f4xx_hal_uart.o
                0x08004d80                HAL_UARTEx_ReceiveToIdle_DMA
 .text.HAL_UART_TxHalfCpltCallback
                0x08004e32       0x14 ./Drivers/STM32F4xx_HAL_Driver/Src/stm32f4xx_hal_uart.o
                0x08004e32                HAL_UART_TxHalfCpltCallback
 .text.HAL_UART_RxCpltCallback
                0x08004e46       0x14 ./Drivers/STM32F4xx_HAL_Driver/Src/stm32f4xx_hal_uart.o
                0x08004e46                HAL_UART_RxCpltCallback
 .text.HAL_UART_RxHalfCpltCallback
                0x08004e5a       0x14 ./Drivers/STM32F4xx_HAL_Driver/Src/stm32f4xx_hal_uart.o
                0x08004e5a                HAL_UART_RxHalfCpltCallback
 .text.UART_DMATransmitCplt
                0x08004e6e       0x9a ./Drivers/STM32F4xx_HAL_Driver/Src/stm32f4xx_hal_uart.o
 .text.UART_DMATxHalfCplt
                0x08004f08       0x1c ./Drivers/STM32F4xx_HAL_Driver/Src/stm32f4xx_hal_uart.o
 .text.UART_DMAReceiveCplt
                0x08004f24      0x12c ./Drivers/STM32F4xx_HAL_Driver/Src/stm32f4xx_hal_uart.o
 .text.UART_DMARxHalfCplt
                0x08005050       0x3c ./Drivers/STM32F4xx_HAL_Driver/Src/stm32f4xx_hal_uart.o
 .text.UART_DMAError
                0x0800508c       0x94 ./Drivers/STM32F4xx_HAL_Driver/Src/stm32f4xx_hal_uart.o
 .text.UART_Start_Receive_DMA
                0x08005120      0x14c ./Drivers/STM32F4xx_HAL_Driver/Src/stm32f4xx_hal_uart.o
                0x08005120                UART_Start_Receive_DMA
 .text.UART_EndTxTransfer
                0x0800526c       0x50 ./Drivers/STM32F4xx_HAL_Driver/Src/stm32f4xx_hal_uart.o
 .text.UART_EndRxTransfer
                0x080052bc       0xc6 ./Drivers/STM32F4xx_HAL_Driver/Src/stm32f4xx_hal_uart.o
 *fill*         0x08005382        0x2 
 .text.UART_SetConfig
                0x08005384      0x4e8 ./Drivers/STM32F4xx_HAL_Driver/Src/stm32f4xx_hal_uart.o
 .text.SDIO_Init
                0x0800586c       0x56 ./Drivers/STM32F4xx_HAL_Driver/Src/stm32f4xx_ll_sdmmc.o
                0x0800586c                SDIO_Init
 .text.SDIO_ReadFIFO
                0x080058c2       0x1a ./Drivers/STM32F4xx_HAL_Driver/Src/stm32f4xx_ll_sdmmc.o
                0x080058c2                SDIO_ReadFIFO
 .text.SDIO_PowerState_ON
                0x080058dc       0x1c ./Drivers/STM32F4xx_HAL_Driver/Src/stm32f4xx_ll_sdmmc.o
                0x080058dc                SDIO_PowerState_ON
 .text.SDIO_GetPowerState
                0x080058f8       0x1c ./Drivers/STM32F4xx_HAL_Driver/Src/stm32f4xx_ll_sdmmc.o
                0x080058f8                SDIO_GetPowerState
 .text.SDIO_SendCommand
                0x08005914       0x54 ./Drivers/STM32F4xx_HAL_Driver/Src/stm32f4xx_ll_sdmmc.o
                0x08005914                SDIO_SendCommand
 .text.SDIO_GetCommandResponse
                0x08005968       0x1a ./Drivers/STM32F4xx_HAL_Driver/Src/stm32f4xx_ll_sdmmc.o
                0x08005968                SDIO_GetCommandResponse
 .text.SDIO_GetResponse
                0x08005982       0x26 ./Drivers/STM32F4xx_HAL_Driver/Src/stm32f4xx_ll_sdmmc.o
                0x08005982                SDIO_GetResponse
 .text.SDIO_ConfigData
                0x080059a8       0x58 ./Drivers/STM32F4xx_HAL_Driver/Src/stm32f4xx_ll_sdmmc.o
                0x080059a8                SDIO_ConfigData
 .text.SDMMC_CmdBlockLength
                0x08005a00       0x44 ./Drivers/STM32F4xx_HAL_Driver/Src/stm32f4xx_ll_sdmmc.o
                0x08005a00                SDMMC_CmdBlockLength
 .text.SDMMC_CmdSelDesel
                0x08005a44       0x46 ./Drivers/STM32F4xx_HAL_Driver/Src/stm32f4xx_ll_sdmmc.o
                0x08005a44                SDMMC_CmdSelDesel
 .text.SDMMC_CmdGoIdleState
                0x08005a8a       0x3c ./Drivers/STM32F4xx_HAL_Driver/Src/stm32f4xx_ll_sdmmc.o
                0x08005a8a                SDMMC_CmdGoIdleState
 .text.SDMMC_CmdOperCond
                0x08005ac6       0x3e ./Drivers/STM32F4xx_HAL_Driver/Src/stm32f4xx_ll_sdmmc.o
                0x08005ac6                SDMMC_CmdOperCond
 .text.SDMMC_CmdAppCommand
                0x08005b04       0x44 ./Drivers/STM32F4xx_HAL_Driver/Src/stm32f4xx_ll_sdmmc.o
                0x08005b04                SDMMC_CmdAppCommand
 .text.SDMMC_CmdAppOperCommand
                0x08005b48       0x46 ./Drivers/STM32F4xx_HAL_Driver/Src/stm32f4xx_ll_sdmmc.o
                0x08005b48                SDMMC_CmdAppOperCommand
 .text.SDMMC_CmdBusWidth
                0x08005b8e       0x44 ./Drivers/STM32F4xx_HAL_Driver/Src/stm32f4xx_ll_sdmmc.o
                0x08005b8e                SDMMC_CmdBusWidth
 .text.SDMMC_CmdSendSCR
                0x08005bd2       0x42 ./Drivers/STM32F4xx_HAL_Driver/Src/stm32f4xx_ll_sdmmc.o
                0x08005bd2                SDMMC_CmdSendSCR
 .text.SDMMC_CmdSendCID
                0x08005c14       0x3c ./Drivers/STM32F4xx_HAL_Driver/Src/stm32f4xx_ll_sdmmc.o
                0x08005c14                SDMMC_CmdSendCID
 .text.SDMMC_CmdSendCSD
                0x08005c50       0x3e ./Drivers/STM32F4xx_HAL_Driver/Src/stm32f4xx_ll_sdmmc.o
                0x08005c50                SDMMC_CmdSendCSD
 .text.SDMMC_CmdSetRelAdd
                0x08005c8e       0x42 ./Drivers/STM32F4xx_HAL_Driver/Src/stm32f4xx_ll_sdmmc.o
                0x08005c8e                SDMMC_CmdSetRelAdd
 .text.SDMMC_GetCmdResp1
                0x08005cd0      0x1dc ./Drivers/STM32F4xx_HAL_Driver/Src/stm32f4xx_ll_sdmmc.o
                0x08005cd0                SDMMC_GetCmdResp1
 .text.SDMMC_GetCmdResp2
                0x08005eac       0x90 ./Drivers/STM32F4xx_HAL_Driver/Src/stm32f4xx_ll_sdmmc.o
                0x08005eac                SDMMC_GetCmdResp2
 .text.SDMMC_GetCmdResp3
                0x08005f3c       0x7c ./Drivers/STM32F4xx_HAL_Driver/Src/stm32f4xx_ll_sdmmc.o
                0x08005f3c                SDMMC_GetCmdResp3
 .text.SDMMC_GetCmdResp6
                0x08005fb8       0xec ./Drivers/STM32F4xx_HAL_Driver/Src/stm32f4xx_ll_sdmmc.o
                0x08005fb8                SDMMC_GetCmdResp6
 .text.SDMMC_GetCmdResp7
                0x080060a4       0x9c ./Drivers/STM32F4xx_HAL_Driver/Src/stm32f4xx_ll_sdmmc.o
                0x080060a4                SDMMC_GetCmdResp7
 .text.SDMMC_GetCmdError
                0x08006140       0x58 ./Drivers/STM32F4xx_HAL_Driver/Src/stm32f4xx_ll_sdmmc.o
 .text.vListInitialise
                0x08006198       0x44 ./Thirdparty/FreeRTOS/list.o
                0x08006198                vListInitialise
 .text.vListInitialiseItem
                0x080061dc       0x1e ./Thirdparty/FreeRTOS/list.o
                0x080061dc                vListInitialiseItem
 .text.vListInsert
                0x080061fa       0x76 ./Thirdparty/FreeRTOS/list.o
                0x080061fa                vListInsert
 .text.uxListRemove
                0x08006270       0x5e ./Thirdparty/FreeRTOS/list.o
                0x08006270                uxListRemove
 *fill*         0x080062ce        0x2 
 .text.xQueueGenericReset
                0x080062d0      0x12c ./Thirdparty/FreeRTOS/queue.o
                0x080062d0                xQueueGenericReset
 .text.xQueueGenericCreate
                0x080063fc       0xb0 ./Thirdparty/FreeRTOS/queue.o
                0x080063fc                xQueueGenericCreate
 .text.prvInitialiseNewQueue
                0x080064ac       0x46 ./Thirdparty/FreeRTOS/queue.o
 .text.prvInitialiseMutex
                0x080064f2       0x34 ./Thirdparty/FreeRTOS/queue.o
 .text.xQueueCreateMutex
                0x08006526       0x42 ./Thirdparty/FreeRTOS/queue.o
                0x08006526                xQueueCreateMutex
 .text.xQueueGenericSend
                0x08006568      0x1ec ./Thirdparty/FreeRTOS/queue.o
                0x08006568                xQueueGenericSend
 .text.xQueueSemaphoreTake
                0x08006754      0x1e8 ./Thirdparty/FreeRTOS/queue.o
                0x08006754                xQueueSemaphoreTake
 .text.prvGetDisinheritPriorityAfterTimeout
                0x0800693c       0x30 ./Thirdparty/FreeRTOS/queue.o
 .text.prvCopyDataToQueue
                0x0800696c       0xd4 ./Thirdparty/FreeRTOS/queue.o
 .text.prvUnlockQueue
                0x08006a40       0xa4 ./Thirdparty/FreeRTOS/queue.o
 .text.prvIsQueueEmpty
                0x08006ae4       0x2c ./Thirdparty/FreeRTOS/queue.o
 .text.prvIsQueueFull
                0x08006b10       0x30 ./Thirdparty/FreeRTOS/queue.o
 .text.prvCreateTask
                0x08006b40       0x78 ./Thirdparty/FreeRTOS/tasks.o
 .text.xTaskCreate
                0x08006bb8       0x50 ./Thirdparty/FreeRTOS/tasks.o
                0x08006bb8                xTaskCreate
 .text.prvInitialiseNewTask
                0x08006c08      0x120 ./Thirdparty/FreeRTOS/tasks.o
 .text.prvAddNewTaskToReadyList
                0x08006d28      0x16c ./Thirdparty/FreeRTOS/tasks.o
 .text.vTaskDelay
                0x08006e94       0x70 ./Thirdparty/FreeRTOS/tasks.o
                0x08006e94                vTaskDelay
 .text.prvCreateIdleTasks
                0x08006f04       0x94 ./Thirdparty/FreeRTOS/tasks.o
 .text.vTaskStartScheduler
                0x08006f98       0xa8 ./Thirdparty/FreeRTOS/tasks.o
                0x08006f98                vTaskStartScheduler
 .text.vTaskSuspendAll
                0x08007040       0x1c ./Thirdparty/FreeRTOS/tasks.o
                0x08007040                vTaskSuspendAll
 .text.xTaskResumeAll
                0x0800705c      0x224 ./Thirdparty/FreeRTOS/tasks.o
                0x0800705c                xTaskResumeAll
 .text.xTaskGetTickCountFromISR
                0x08007280       0x2c ./Thirdparty/FreeRTOS/tasks.o
                0x08007280                xTaskGetTickCountFromISR
 .text.xTaskIncrementTick
                0x080072ac      0x244 ./Thirdparty/FreeRTOS/tasks.o
                0x080072ac                xTaskIncrementTick
 .text.vTaskSwitchContext
                0x080074f0       0xd8 ./Thirdparty/FreeRTOS/tasks.o
                0x080074f0                vTaskSwitchContext
 .text.vTaskPlaceOnEventList
                0x080075c8       0x50 ./Thirdparty/FreeRTOS/tasks.o
                0x080075c8                vTaskPlaceOnEventList
 .text.xTaskRemoveFromEventList
                0x08007618      0x1c0 ./Thirdparty/FreeRTOS/tasks.o
                0x08007618                xTaskRemoveFromEventList
 .text.vTaskInternalSetTimeOutState
                0x080077d8       0x30 ./Thirdparty/FreeRTOS/tasks.o
                0x080077d8                vTaskInternalSetTimeOutState
 .text.xTaskCheckForTimeOut
                0x08007808       0xd8 ./Thirdparty/FreeRTOS/tasks.o
                0x08007808                xTaskCheckForTimeOut
 .text.vTaskMissedYield
                0x080078e0       0x18 ./Thirdparty/FreeRTOS/tasks.o
                0x080078e0                vTaskMissedYield
 .text.prvIdleTask
                0x080078f8       0x30 ./Thirdparty/FreeRTOS/tasks.o
 .text.prvInitialiseTaskLists
                0x08007928       0x80 ./Thirdparty/FreeRTOS/tasks.o
 .text.prvCheckTasksWaitingTermination
                0x080079a8       0x5c ./Thirdparty/FreeRTOS/tasks.o
 .text.prvDeleteTCB
                0x08007a04       0x20 ./Thirdparty/FreeRTOS/tasks.o
 .text.prvResetNextTaskUnblockTime
                0x08007a24       0x38 ./Thirdparty/FreeRTOS/tasks.o
 .text.xTaskPriorityInherit
                0x08007a5c      0x154 ./Thirdparty/FreeRTOS/tasks.o
                0x08007a5c                xTaskPriorityInherit
 .text.xTaskPriorityDisinherit
                0x08007bb0      0x160 ./Thirdparty/FreeRTOS/tasks.o
                0x08007bb0                xTaskPriorityDisinherit
 .text.vTaskPriorityDisinheritAfterTimeout
                0x08007d10      0x188 ./Thirdparty/FreeRTOS/tasks.o
                0x08007d10                vTaskPriorityDisinheritAfterTimeout
 .text.pvTaskIncrementMutexHeldCount
                0x08007e98       0x3c ./Thirdparty/FreeRTOS/tasks.o
                0x08007e98                pvTaskIncrementMutexHeldCount
 .text.ulTaskGenericNotifyTake
                0x08007ed4       0xfc ./Thirdparty/FreeRTOS/tasks.o
                0x08007ed4                ulTaskGenericNotifyTake
 .text.xTaskGenericNotifyWait
                0x08007fd0      0x130 ./Thirdparty/FreeRTOS/tasks.o
                0x08007fd0                xTaskGenericNotifyWait
 .text.xTaskGenericNotifyFromISR
                0x08008100      0x2d8 ./Thirdparty/FreeRTOS/tasks.o
                0x08008100                xTaskGenericNotifyFromISR
 .text.prvAddCurrentTaskToDelayedList
                0x080083d8      0x11c ./Thirdparty/FreeRTOS/tasks.o
 .text.pxPortInitialiseStack
                0x080084f4       0x68 ./Thirdparty/FreeRTOS/portable/GCC/ARM_CM4F/port.o
                0x080084f4                pxPortInitialiseStack
 .text.prvTaskExitError
                0x0800855c       0x5c ./Thirdparty/FreeRTOS/portable/GCC/ARM_CM4F/port.o
 *fill*         0x080085b8        0x8 
 .text.SVC_Handler
                0x080085c0       0x28 ./Thirdparty/FreeRTOS/portable/GCC/ARM_CM4F/port.o
                0x080085c0                SVC_Handler
 .text.prvPortStartFirstTask
                0x080085e8       0x2c ./Thirdparty/FreeRTOS/portable/GCC/ARM_CM4F/port.o
 .text.xPortStartScheduler
                0x08008614      0x1e0 ./Thirdparty/FreeRTOS/portable/GCC/ARM_CM4F/port.o
                0x08008614                xPortStartScheduler
 .text.vInitPrioGroupValue
                0x080087f4      0x100 ./Thirdparty/FreeRTOS/portable/GCC/ARM_CM4F/port.o
                0x080087f4                vInitPrioGroupValue
 .text.vPortEnterCritical
                0x080088f4       0x64 ./Thirdparty/FreeRTOS/portable/GCC/ARM_CM4F/port.o
                0x080088f4                vPortEnterCritical
 .text.vPortExitCritical
                0x08008958       0x54 ./Thirdparty/FreeRTOS/portable/GCC/ARM_CM4F/port.o
                0x08008958                vPortExitCritical
 *fill*         0x080089ac        0x4 
 .text.PendSV_Handler
                0x080089b0       0x68 ./Thirdparty/FreeRTOS/portable/GCC/ARM_CM4F/port.o
                0x080089b0                PendSV_Handler
 .text.SysTick_Handler
                0x08008a18       0x54 ./Thirdparty/FreeRTOS/portable/GCC/ARM_CM4F/port.o
                0x08008a18                SysTick_Handler
 .text.vPortSetupTimerInterrupt
                0x08008a6c       0x48 ./Thirdparty/FreeRTOS/portable/GCC/ARM_CM4F/port.o
                0x08008a6c                vPortSetupTimerInterrupt
 .text.vPortEnableVFP
                0x08008ab4       0x18 ./Thirdparty/FreeRTOS/portable/GCC/ARM_CM4F/port.o
 .text.vPortValidateInterruptPriority
                0x08008acc       0x84 ./Thirdparty/FreeRTOS/portable/GCC/ARM_CM4F/port.o
                0x08008acc                vPortValidateInterruptPriority
 .text.pvPortMalloc
                0x08008b50      0x264 ./Thirdparty/FreeRTOS/portable/MemMang/heap_4.o
                0x08008b50                pvPortMalloc
 .text.vPortFree
                0x08008db4       0xec ./Thirdparty/FreeRTOS/portable/MemMang/heap_4.o
                0x08008db4                vPortFree
 .text.prvHeapInit
                0x08008ea0       0xb4 ./Thirdparty/FreeRTOS/portable/MemMang/heap_4.o
 .text.prvInsertBlockIntoFreeList
                0x08008f54       0xf4 ./Thirdparty/FreeRTOS/portable/MemMang/heap_4.o
 .text._cbSendSystemDesc
                0x08009048       0x1c ./Thirdparty/SEGGER/Config/SEGGER_SYSVIEW_Config_FreeRTOS.o
 .text.SEGGER_SYSVIEW_Conf
                0x08009064       0x2c ./Thirdparty/SEGGER/Config/SEGGER_SYSVIEW_Config_FreeRTOS.o
                0x08009064                SEGGER_SYSVIEW_Conf
 .text._cbSendTaskList
                0x08009090       0x90 ./Thirdparty/SEGGER/OS/SEGGER_SYSVIEW_FreeRTOS.o
 .text._cbGetTime
                0x08009120       0x86 ./Thirdparty/SEGGER/OS/SEGGER_SYSVIEW_FreeRTOS.o
 *fill*         0x080091a6        0x2 
 .text.SYSVIEW_AddTask
                0x080091a8       0xd0 ./Thirdparty/SEGGER/OS/SEGGER_SYSVIEW_FreeRTOS.o
                0x080091a8                SYSVIEW_AddTask
 .text.SYSVIEW_SendTaskInfo
                0x08009278       0x42 ./Thirdparty/SEGGER/OS/SEGGER_SYSVIEW_FreeRTOS.o
                0x08009278                SYSVIEW_SendTaskInfo
 *fill*         0x080092ba        0x2 
 .text.__NVIC_EnableIRQ
                0x080092bc       0x3c ./Thirdparty/SEGGER/Rec/segger_uart.o
 .text.__NVIC_SetPriority
                0x080092f8       0x54 ./Thirdparty/SEGGER/Rec/segger_uart.o
 .text._StartSysView
                0x0800934c       0x1e ./Thirdparty/SEGGER/Rec/segger_uart.o
 *fill*         0x0800936a        0x2 
 .text._cbOnUARTRx
                0x0800936c       0x40 ./Thirdparty/SEGGER/Rec/segger_uart.o
 .text._cbOnUARTTx
                0x080093ac       0x64 ./Thirdparty/SEGGER/Rec/segger_uart.o
 .text.SEGGER_UART_init
                0x08009410       0x24 ./Thirdparty/SEGGER/Rec/segger_uart.o
                0x08009410                SEGGER_UART_init
 .text.USART2_IRQHandler
                0x08009434       0x94 ./Thirdparty/SEGGER/Rec/segger_uart.o
                0x08009434                USART2_IRQHandler
 .text.HIF_UART_EnableTXEInterrupt
                0x080094c8       0x20 ./Thirdparty/SEGGER/Rec/segger_uart.o
                0x080094c8                HIF_UART_EnableTXEInterrupt
 .text.HIF_UART_Init
                0x080094e8       0xf4 ./Thirdparty/SEGGER/Rec/segger_uart.o
                0x080094e8                HIF_UART_Init
 .text._DoInit  0x080095dc       0xb4 ./Thirdparty/SEGGER/SEGGER/SEGGER_RTT.o
 .text._WriteBlocking
                0x08009690       0xba ./Thirdparty/SEGGER/SEGGER/SEGGER_RTT.o
 .text._WriteNoCheck
                0x0800974a       0x90 ./Thirdparty/SEGGER/SEGGER/SEGGER_RTT.o
 .text._GetAvailWriteSpace
                0x080097da       0x46 ./Thirdparty/SEGGER/SEGGER/SEGGER_RTT.o
 .text.SEGGER_RTT_ReadUpBufferNoLock
                0x08009820      0x10c ./Thirdparty/SEGGER/SEGGER/SEGGER_RTT.o
                0x08009820                SEGGER_RTT_ReadUpBufferNoLock
 .text.SEGGER_RTT_ReadNoLock
                0x0800992c      0x10c ./Thirdparty/SEGGER/SEGGER/SEGGER_RTT.o
                0x0800992c                SEGGER_RTT_ReadNoLock
 .text.SEGGER_RTT_WriteDownBufferNoLock
                0x08009a38       0xa0 ./Thirdparty/SEGGER/SEGGER/SEGGER_RTT.o
                0x08009a38                SEGGER_RTT_WriteDownBufferNoLock
 .text.SEGGER_RTT_WriteDownBuffer
                0x08009ad8       0x4c ./Thirdparty/SEGGER/SEGGER/SEGGER_RTT.o
                0x08009ad8                SEGGER_RTT_WriteDownBuffer
 .text.SEGGER_RTT_AllocUpBuffer
                0x08009b24      0x108 ./Thirdparty/SEGGER/SEGGER/SEGGER_RTT.o
                0x08009b24                SEGGER_RTT_AllocUpBuffer
 .text.SEGGER_RTT_ConfigDownBuffer
                0x08009c2c       0x98 ./Thirdparty/SEGGER/SEGGER/SEGGER_RTT.o
                0x08009c2c                SEGGER_RTT_ConfigDownBuffer
 .text._EncodeStr
                0x08009cc4       0x60 ./Thirdparty/SEGGER/SEGGER/SEGGER_SYSVIEW.o
 .text._PreparePacket
                0x08009d24       0x18 ./Thirdparty/SEGGER/SEGGER/SEGGER_SYSVIEW.o
 .text._HandleIncomingPacket
                0x08009d3c       0xdc ./Thirdparty/SEGGER/SEGGER/SEGGER_SYSVIEW.o
 .text._TrySendOverflowPacket
                0x08009e18       0xe8 ./Thirdparty/SEGGER/SEGGER/SEGGER_SYSVIEW.o
 .text._SendPacket
                0x08009f00      0x2e0 ./Thirdparty/SEGGER/SEGGER/SEGGER_SYSVIEW.o
 .text.SEGGER_SYSVIEW_Init
                0x0800a1e0       0x88 ./Thirdparty/SEGGER/SEGGER/SEGGER_SYSVIEW.o
                0x0800a1e0                SEGGER_SYSVIEW_Init
 .text.SEGGER_SYSVIEW_SetRAMBase
                0x0800a268       0x20 ./Thirdparty/SEGGER/SEGGER/SEGGER_SYSVIEW.o
                0x0800a268                SEGGER_SYSVIEW_SetRAMBase
 .text.SEGGER_SYSVIEW_RecordVoid
                0x0800a288       0x3c ./Thirdparty/SEGGER/SEGGER/SEGGER_SYSVIEW.o
                0x0800a288                SEGGER_SYSVIEW_RecordVoid
 .text.SEGGER_SYSVIEW_RecordU32
                0x0800a2c4       0x78 ./Thirdparty/SEGGER/SEGGER/SEGGER_SYSVIEW.o
                0x0800a2c4                SEGGER_SYSVIEW_RecordU32
 .text.SEGGER_SYSVIEW_RecordU32x2
                0x0800a33c       0xb4 ./Thirdparty/SEGGER/SEGGER/SEGGER_SYSVIEW.o
                0x0800a33c                SEGGER_SYSVIEW_RecordU32x2
 .text.SEGGER_SYSVIEW_Start
                0x0800a3f0      0x178 ./Thirdparty/SEGGER/SEGGER/SEGGER_SYSVIEW.o
                0x0800a3f0                SEGGER_SYSVIEW_Start
 .text.SEGGER_SYSVIEW_Stop
                0x0800a568       0x4c ./Thirdparty/SEGGER/SEGGER/SEGGER_SYSVIEW.o
                0x0800a568                SEGGER_SYSVIEW_Stop
 .text.SEGGER_SYSVIEW_GetSysDesc
                0x0800a5b4      0x134 ./Thirdparty/SEGGER/SEGGER/SEGGER_SYSVIEW.o
                0x0800a5b4                SEGGER_SYSVIEW_GetSysDesc
 .text.SEGGER_SYSVIEW_SendTaskInfo
                0x0800a6e8      0x1c8 ./Thirdparty/SEGGER/SEGGER/SEGGER_SYSVIEW.o
                0x0800a6e8                SEGGER_SYSVIEW_SendTaskInfo
 .text.SEGGER_SYSVIEW_SendTaskList
                0x0800a8b0       0x28 ./Thirdparty/SEGGER/SEGGER/SEGGER_SYSVIEW.o
                0x0800a8b0                SEGGER_SYSVIEW_SendTaskList
 .text.SEGGER_SYSVIEW_SendSysDesc
                0x0800a8d8       0x48 ./Thirdparty/SEGGER/SEGGER/SEGGER_SYSVIEW.o
                0x0800a8d8                SEGGER_SYSVIEW_SendSysDesc
 .text.SEGGER_SYSVIEW_RecordSystime
                0x0800a920       0x64 ./Thirdparty/SEGGER/SEGGER/SEGGER_SYSVIEW.o
                0x0800a920                SEGGER_SYSVIEW_RecordSystime
 .text.SEGGER_SYSVIEW_RecordEnterISR
                0x0800a984       0x84 ./Thirdparty/SEGGER/SEGGER/SEGGER_SYSVIEW.o
                0x0800a984                SEGGER_SYSVIEW_RecordEnterISR
 .text.SEGGER_SYSVIEW_RecordExitISR
                0x0800aa08       0x38 ./Thirdparty/SEGGER/SEGGER/SEGGER_SYSVIEW.o
                0x0800aa08                SEGGER_SYSVIEW_RecordExitISR
 .text.SEGGER_SYSVIEW_RecordExitISRToScheduler
                0x0800aa40       0x38 ./Thirdparty/SEGGER/SEGGER/SEGGER_SYSVIEW.o
                0x0800aa40                SEGGER_SYSVIEW_RecordExitISRToScheduler
 .text.SEGGER_SYSVIEW_RecordEndCall
                0x0800aa78       0x78 ./Thirdparty/SEGGER/SEGGER/SEGGER_SYSVIEW.o
                0x0800aa78                SEGGER_SYSVIEW_RecordEndCall
 .text.SEGGER_SYSVIEW_RecordEndCallU32
                0x0800aaf0       0xb0 ./Thirdparty/SEGGER/SEGGER/SEGGER_SYSVIEW.o
                0x0800aaf0                SEGGER_SYSVIEW_RecordEndCallU32
 .text.SEGGER_SYSVIEW_OnIdle
                0x0800aba0       0x38 ./Thirdparty/SEGGER/SEGGER/SEGGER_SYSVIEW.o
                0x0800aba0                SEGGER_SYSVIEW_OnIdle
 .text.SEGGER_SYSVIEW_OnTaskCreate
                0x0800abd8       0x84 ./Thirdparty/SEGGER/SEGGER/SEGGER_SYSVIEW.o
                0x0800abd8                SEGGER_SYSVIEW_OnTaskCreate
 .text.SEGGER_SYSVIEW_OnTaskStartExec
                0x0800ac5c       0x84 ./Thirdparty/SEGGER/SEGGER/SEGGER_SYSVIEW.o
                0x0800ac5c                SEGGER_SYSVIEW_OnTaskStartExec
 .text.SEGGER_SYSVIEW_OnTaskStartReady
                0x0800ace0       0x84 ./Thirdparty/SEGGER/SEGGER/SEGGER_SYSVIEW.o
                0x0800ace0                SEGGER_SYSVIEW_OnTaskStartReady
 .text.SEGGER_SYSVIEW_OnTaskStopReady
                0x0800ad64       0xc0 ./Thirdparty/SEGGER/SEGGER/SEGGER_SYSVIEW.o
                0x0800ad64                SEGGER_SYSVIEW_OnTaskStopReady
 .text.SEGGER_SYSVIEW_ShrinkId
                0x0800ae24       0x20 ./Thirdparty/SEGGER/SEGGER/SEGGER_SYSVIEW.o
                0x0800ae24                SEGGER_SYSVIEW_ShrinkId
 .text.SEGGER_SYSVIEW_SendModule
                0x0800ae44      0x114 ./Thirdparty/SEGGER/SEGGER/SEGGER_SYSVIEW.o
                0x0800ae44                SEGGER_SYSVIEW_SendModule
 .text.SEGGER_SYSVIEW_SendModuleDescription
                0x0800af58       0x3c ./Thirdparty/SEGGER/SEGGER/SEGGER_SYSVIEW.o
                0x0800af58                SEGGER_SYSVIEW_SendModuleDescription
 .text.SEGGER_SYSVIEW_SendNumModules
                0x0800af94       0x7c ./Thirdparty/SEGGER/SEGGER/SEGGER_SYSVIEW.o
                0x0800af94                SEGGER_SYSVIEW_SendNumModules
 .text.SEGGER_SYSVIEW_Print
                0x0800b010       0xb8 ./Thirdparty/SEGGER/SEGGER/SEGGER_SYSVIEW.o
                0x0800b010                SEGGER_SYSVIEW_Print
 .text.SEGGER_SYSVIEW_Warn
                0x0800b0c8       0xb8 ./Thirdparty/SEGGER/SEGGER/SEGGER_SYSVIEW.o
                0x0800b0c8                SEGGER_SYSVIEW_Warn
 .text.SEGGER_SYSVIEW_Error
                0x0800b180       0xb8 ./Thirdparty/SEGGER/SEGGER/SEGGER_SYSVIEW.o
                0x0800b180                SEGGER_SYSVIEW_Error
 .text.SEGGER_SYSVIEW_IsStarted
                0x0800b238       0x5c ./Thirdparty/SEGGER/SEGGER/SEGGER_SYSVIEW.o
                0x0800b238                SEGGER_SYSVIEW_IsStarted
 .text.compareStartStop
                0x0800b294       0xd8 ./algorithms_drivers/SIT_SUT/SIT_SUT.o
                0x0800b294                compareStartStop
 .text.BME_WriteReg
                0x0800b36c       0x5c ./algorithms_drivers/SensorsWeHave/bme280.o
 .text.BME_ReadReg
                0x0800b3c8       0x74 ./algorithms_drivers/SensorsWeHave/bme280.o
 .text.InitBME_SPI
                0x0800b43c       0xc8 ./algorithms_drivers/SensorsWeHave/bme280.o
                0x0800b43c                InitBME_SPI
 .text.BME_ReadCalibData
                0x0800b504      0x198 ./algorithms_drivers/SensorsWeHave/bme280.o
                0x0800b504                BME_ReadCalibData
 .text.BME_DataRead
                0x0800b69c      0x774 ./algorithms_drivers/SensorsWeHave/bme280.o
                0x0800b69c                BME_DataRead
 .text.PressureToHeight
                0x0800be10       0x5c ./tasks/tasks.o
 .text.TasksInitScheduler
                0x0800be6c       0xfc ./tasks/tasks.o
                0x0800be6c                TasksInitScheduler
 .text.vBME280Task
                0x0800bf68      0x138 ./tasks/tasks.o
 .text.vSitSutTask
                0x0800c0a0      0x320 ./tasks/tasks.o
 .text.vStateMachineTask
                0x0800c3c0        0xc ./tasks/tasks.o
 .text.BME_DMA_Tx_CallBack
                0x0800c3cc       0x18 ./tasks/tasks.o
                0x0800c3cc                BME_DMA_Tx_CallBack
 .text.BME_DMA_Rx_CallBack
                0x0800c3e4       0x60 ./tasks/tasks.o
                0x0800c3e4                BME_DMA_Rx_CallBack
 .text.BME_DMA_ErrorCallBack
                0x0800c444       0x74 ./tasks/tasks.o
                0x0800c444                BME_DMA_ErrorCallBack
 .text.SITSUT_DMA_Rx_CallBack
                0x0800c4b8       0x60 ./tasks/tasks.o
                0x0800c4b8                SITSUT_DMA_Rx_CallBack
 .text.SITSUT_DMA_Tx_CallBack
                0x0800c518       0x5c ./tasks/tasks.o
                0x0800c518                SITSUT_DMA_Tx_CallBack
 .text.SITSUT_DMA_ErrorCallBack
                0x0800c574       0x14 ./tasks/tasks.o
                0x0800c574                SITSUT_DMA_ErrorCallBack
 .text.sprintf  0x0800c588       0x44 C:/ST/STM32CubeIDE_1.19.0/STM32CubeIDE/plugins/com.st.stm32cube.ide.mcu.externaltools.gnu-tools-for-stm32.13.3.rel1.win32_1.0.0.202411081344/tools/bin/../lib/gcc/arm-none-eabi/13.3.1/../../../../arm-none-eabi/lib/thumb/v7e-m+fp/hard\libc_nano.a(libc_a-sprintf.o)
                0x0800c588                siprintf
                0x0800c588                sprintf
 .text.memcmp   0x0800c5cc       0x20 C:/ST/STM32CubeIDE_1.19.0/STM32CubeIDE/plugins/com.st.stm32cube.ide.mcu.externaltools.gnu-tools-for-stm32.13.3.rel1.win32_1.0.0.202411081344/tools/bin/../lib/gcc/arm-none-eabi/13.3.1/../../../../arm-none-eabi/lib/thumb/v7e-m+fp/hard\libc_nano.a(libc_a-memcmp.o)
                0x0800c5cc                memcmp
 .text.memset   0x0800c5ec       0x10 C:/ST/STM32CubeIDE_1.19.0/STM32CubeIDE/plugins/com.st.stm32cube.ide.mcu.externaltools.gnu-tools-for-stm32.13.3.rel1.win32_1.0.0.202411081344/tools/bin/../lib/gcc/arm-none-eabi/13.3.1/../../../../arm-none-eabi/lib/thumb/v7e-m+fp/hard\libc_nano.a(libc_a-memset.o)
                0x0800c5ec                memset
 .text.__errno  0x0800c5fc        0xc C:/ST/STM32CubeIDE_1.19.0/STM32CubeIDE/plugins/com.st.stm32cube.ide.mcu.externaltools.gnu-tools-for-stm32.13.3.rel1.win32_1.0.0.202411081344/tools/bin/../lib/gcc/arm-none-eabi/13.3.1/../../../../arm-none-eabi/lib/thumb/v7e-m+fp/hard\libc_nano.a(libc_a-errno.o)
                0x0800c5fc                __errno
 .text.__libc_init_array
                0x0800c608       0x48 C:/ST/STM32CubeIDE_1.19.0/STM32CubeIDE/plugins/com.st.stm32cube.ide.mcu.externaltools.gnu-tools-for-stm32.13.3.rel1.win32_1.0.0.202411081344/tools/bin/../lib/gcc/arm-none-eabi/13.3.1/../../../../arm-none-eabi/lib/thumb/v7e-m+fp/hard\libc_nano.a(libc_a-init.o)
                0x0800c608                __libc_init_array
 .text.__retarget_lock_acquire_recursive
                0x0800c650        0x2 C:/ST/STM32CubeIDE_1.19.0/STM32CubeIDE/plugins/com.st.stm32cube.ide.mcu.externaltools.gnu-tools-for-stm32.13.3.rel1.win32_1.0.0.202411081344/tools/bin/../lib/gcc/arm-none-eabi/13.3.1/../../../../arm-none-eabi/lib/thumb/v7e-m+fp/hard\libc_nano.a(libc_a-lock.o)
                0x0800c650                __retarget_lock_acquire_recursive
 .text.__retarget_lock_release_recursive
                0x0800c652        0x2 C:/ST/STM32CubeIDE_1.19.0/STM32CubeIDE/plugins/com.st.stm32cube.ide.mcu.externaltools.gnu-tools-for-stm32.13.3.rel1.win32_1.0.0.202411081344/tools/bin/../lib/gcc/arm-none-eabi/13.3.1/../../../../arm-none-eabi/lib/thumb/v7e-m+fp/hard\libc_nano.a(libc_a-lock.o)
                0x0800c652                __retarget_lock_release_recursive
 .text.memcpy   0x0800c654       0x1c C:/ST/STM32CubeIDE_1.19.0/STM32CubeIDE/plugins/com.st.stm32cube.ide.mcu.externaltools.gnu-tools-for-stm32.13.3.rel1.win32_1.0.0.202411081344/tools/bin/../lib/gcc/arm-none-eabi/13.3.1/../../../../arm-none-eabi/lib/thumb/v7e-m+fp/hard\libc_nano.a(libc_a-memcpy-stub.o)
                0x0800c654                memcpy
 .text._free_r  0x0800c670       0x94 C:/ST/STM32CubeIDE_1.19.0/STM32CubeIDE/plugins/com.st.stm32cube.ide.mcu.externaltools.gnu-tools-for-stm32.13.3.rel1.win32_1.0.0.202411081344/tools/bin/../lib/gcc/arm-none-eabi/13.3.1/../../../../arm-none-eabi/lib/thumb/v7e-m+fp/hard\libc_nano.a(libc_a-freer.o)
                0x0800c670                _free_r
 .text.sbrk_aligned
                0x0800c704       0x44 C:/ST/STM32CubeIDE_1.19.0/STM32CubeIDE/plugins/com.st.stm32cube.ide.mcu.externaltools.gnu-tools-for-stm32.13.3.rel1.win32_1.0.0.202411081344/tools/bin/../lib/gcc/arm-none-eabi/13.3.1/../../../../arm-none-eabi/lib/thumb/v7e-m+fp/hard\libc_nano.a(libc_a-mallocr.o)
 .text._malloc_r
                0x0800c748      0x100 C:/ST/STM32CubeIDE_1.19.0/STM32CubeIDE/plugins/com.st.stm32cube.ide.mcu.externaltools.gnu-tools-for-stm32.13.3.rel1.win32_1.0.0.202411081344/tools/bin/../lib/gcc/arm-none-eabi/13.3.1/../../../../arm-none-eabi/lib/thumb/v7e-m+fp/hard\libc_nano.a(libc_a-mallocr.o)
                0x0800c748                _malloc_r
 .text.__malloc_lock
                0x0800c848        0xc C:/ST/STM32CubeIDE_1.19.0/STM32CubeIDE/plugins/com.st.stm32cube.ide.mcu.externaltools.gnu-tools-for-stm32.13.3.rel1.win32_1.0.0.202411081344/tools/bin/../lib/gcc/arm-none-eabi/13.3.1/../../../../arm-none-eabi/lib/thumb/v7e-m+fp/hard\libc_nano.a(libc_a-mlock.o)
                0x0800c848                __malloc_lock
 .text.__malloc_unlock
                0x0800c854        0xc C:/ST/STM32CubeIDE_1.19.0/STM32CubeIDE/plugins/com.st.stm32cube.ide.mcu.externaltools.gnu-tools-for-stm32.13.3.rel1.win32_1.0.0.202411081344/tools/bin/../lib/gcc/arm-none-eabi/13.3.1/../../../../arm-none-eabi/lib/thumb/v7e-m+fp/hard\libc_nano.a(libc_a-mlock.o)
                0x0800c854                __malloc_unlock
 .text.__ssputs_r
                0x0800c860       0xb6 C:/ST/STM32CubeIDE_1.19.0/STM32CubeIDE/plugins/com.st.stm32cube.ide.mcu.externaltools.gnu-tools-for-stm32.13.3.rel1.win32_1.0.0.202411081344/tools/bin/../lib/gcc/arm-none-eabi/13.3.1/../../../../arm-none-eabi/lib/thumb/v7e-m+fp/hard\libc_nano.a(libc_a-nano-svfprintf.o)
                0x0800c860                __ssputs_r
 *fill*         0x0800c916        0x2 
 .text._svfprintf_r
                0x0800c918      0x1f8 C:/ST/STM32CubeIDE_1.19.0/STM32CubeIDE/plugins/com.st.stm32cube.ide.mcu.externaltools.gnu-tools-for-stm32.13.3.rel1.win32_1.0.0.202411081344/tools/bin/../lib/gcc/arm-none-eabi/13.3.1/../../../../arm-none-eabi/lib/thumb/v7e-m+fp/hard\libc_nano.a(libc_a-nano-svfprintf.o)
                0x0800c918                _svfiprintf_r
                0x0800c918                _svfprintf_r
 .text._printf_common
                0x0800cb10       0xda C:/ST/STM32CubeIDE_1.19.0/STM32CubeIDE/plugins/com.st.stm32cube.ide.mcu.externaltools.gnu-tools-for-stm32.13.3.rel1.win32_1.0.0.202411081344/tools/bin/../lib/gcc/arm-none-eabi/13.3.1/../../../../arm-none-eabi/lib/thumb/v7e-m+fp/hard\libc_nano.a(libc_a-nano-vfprintf_i.o)
                0x0800cb10                _printf_common
 *fill*         0x0800cbea        0x2 
 .text._printf_i
                0x0800cbec      0x23c C:/ST/STM32CubeIDE_1.19.0/STM32CubeIDE/plugins/com.st.stm32cube.ide.mcu.externaltools.gnu-tools-for-stm32.13.3.rel1.win32_1.0.0.202411081344/tools/bin/../lib/gcc/arm-none-eabi/13.3.1/../../../../arm-none-eabi/lib/thumb/v7e-m+fp/hard\libc_nano.a(libc_a-nano-vfprintf_i.o)
                0x0800cbec                _printf_i
 .text.memmove  0x0800ce28       0x34 C:/ST/STM32CubeIDE_1.19.0/STM32CubeIDE/plugins/com.st.stm32cube.ide.mcu.externaltools.gnu-tools-for-stm32.13.3.rel1.win32_1.0.0.202411081344/tools/bin/../lib/gcc/arm-none-eabi/13.3.1/../../../../arm-none-eabi/lib/thumb/v7e-m+fp/hard\libc_nano.a(libc_a-memmove.o)
                0x0800ce28                memmove
 .text._sbrk_r  0x0800ce5c       0x20 C:/ST/STM32CubeIDE_1.19.0/STM32CubeIDE/plugins/com.st.stm32cube.ide.mcu.externaltools.gnu-tools-for-stm32.13.3.rel1.win32_1.0.0.202411081344/tools/bin/../lib/gcc/arm-none-eabi/13.3.1/../../../../arm-none-eabi/lib/thumb/v7e-m+fp/hard\libc_nano.a(libc_a-sbrkr.o)
                0x0800ce5c                _sbrk_r
 .text._realloc_r
                0x0800ce7c       0x5c C:/ST/STM32CubeIDE_1.19.0/STM32CubeIDE/plugins/com.st.stm32cube.ide.mcu.externaltools.gnu-tools-for-stm32.13.3.rel1.win32_1.0.0.202411081344/tools/bin/../lib/gcc/arm-none-eabi/13.3.1/../../../../arm-none-eabi/lib/thumb/v7e-m+fp/hard\libc_nano.a(libc_a-reallocr.o)
                0x0800ce7c                _realloc_r
 .text._malloc_usable_size_r
                0x0800ced8       0x10 C:/ST/STM32CubeIDE_1.19.0/STM32CubeIDE/plugins/com.st.stm32cube.ide.mcu.externaltools.gnu-tools-for-stm32.13.3.rel1.win32_1.0.0.202411081344/tools/bin/../lib/gcc/arm-none-eabi/13.3.1/../../../../arm-none-eabi/lib/thumb/v7e-m+fp/hard\libc_nano.a(libc_a-msizer.o)
                0x0800ced8                _malloc_usable_size_r
 .text.powf     0x0800cee8       0xae C:/ST/STM32CubeIDE_1.19.0/STM32CubeIDE/plugins/com.st.stm32cube.ide.mcu.externaltools.gnu-tools-for-stm32.13.3.rel1.win32_1.0.0.202411081344/tools/bin/../lib/gcc/arm-none-eabi/13.3.1/../../../../arm-none-eabi/lib/thumb/v7e-m+fp/hard\libm.a(libm_a-wf_pow.o)
                0x0800cee8                powf
 .text.finitef  0x0800cf96       0x14 C:/ST/STM32CubeIDE_1.19.0/STM32CubeIDE/plugins/com.st.stm32cube.ide.mcu.externaltools.gnu-tools-for-stm32.13.3.rel1.win32_1.0.0.202411081344/tools/bin/../lib/gcc/arm-none-eabi/13.3.1/../../../../arm-none-eabi/lib/thumb/v7e-m+fp/hard\libm.a(libm_a-sf_finite.o)
                0x0800cf96                finitef
 *fill*         0x0800cfaa        0x2 
 .text.__ieee754_powf
                0x0800cfac      0x59c C:/ST/STM32CubeIDE_1.19.0/STM32CubeIDE/plugins/com.st.stm32cube.ide.mcu.externaltools.gnu-tools-for-stm32.13.3.rel1.win32_1.0.0.202411081344/tools/bin/../lib/gcc/arm-none-eabi/13.3.1/../../../../arm-none-eabi/lib/thumb/v7e-m+fp/hard\libm.a(libm_a-ef_pow.o)
                0x0800cfac                __ieee754_powf
 .text.fabsf    0x0800d548        0xe C:/ST/STM32CubeIDE_1.19.0/STM32CubeIDE/plugins/com.st.stm32cube.ide.mcu.externaltools.gnu-tools-for-stm32.13.3.rel1.win32_1.0.0.202411081344/tools/bin/../lib/gcc/arm-none-eabi/13.3.1/../../../../arm-none-eabi/lib/thumb/v7e-m+fp/hard\libm.a(libm_a-sf_fabs.o)
                0x0800d548                fabsf
 *fill*         0x0800d556        0x2 
 .text.scalbnf  0x0800d558       0xcc C:/ST/STM32CubeIDE_1.19.0/STM32CubeIDE/plugins/com.st.stm32cube.ide.mcu.externaltools.gnu-tools-for-stm32.13.3.rel1.win32_1.0.0.202411081344/tools/bin/../lib/gcc/arm-none-eabi/13.3.1/../../../../arm-none-eabi/lib/thumb/v7e-m+fp/hard\libm.a(libm_a-sf_scalbn.o)
                0x0800d558                scalbnf
 .text.with_errnof
                0x0800d624       0x1c C:/ST/STM32CubeIDE_1.19.0/STM32CubeIDE/plugins/com.st.stm32cube.ide.mcu.externaltools.gnu-tools-for-stm32.13.3.rel1.win32_1.0.0.202411081344/tools/bin/../lib/gcc/arm-none-eabi/13.3.1/../../../../arm-none-eabi/lib/thumb/v7e-m+fp/hard\libm.a(libm_a-math_errf.o)
 .text.xflowf   0x0800d640       0x16 C:/ST/STM32CubeIDE_1.19.0/STM32CubeIDE/plugins/com.st.stm32cube.ide.mcu.externaltools.gnu-tools-for-stm32.13.3.rel1.win32_1.0.0.202411081344/tools/bin/../lib/gcc/arm-none-eabi/13.3.1/../../../../arm-none-eabi/lib/thumb/v7e-m+fp/hard\libm.a(libm_a-math_errf.o)
 *fill*         0x0800d656        0x2 
 .text.__math_uflowf
                0x0800d658        0xc C:/ST/STM32CubeIDE_1.19.0/STM32CubeIDE/plugins/com.st.stm32cube.ide.mcu.externaltools.gnu-tools-for-stm32.13.3.rel1.win32_1.0.0.202411081344/tools/bin/../lib/gcc/arm-none-eabi/13.3.1/../../../../arm-none-eabi/lib/thumb/v7e-m+fp/hard\libm.a(libm_a-math_errf.o)
                0x0800d658                __math_uflowf
 .text.__math_oflowf
                0x0800d664        0xc C:/ST/STM32CubeIDE_1.19.0/STM32CubeIDE/plugins/com.st.stm32cube.ide.mcu.externaltools.gnu-tools-for-stm32.13.3.rel1.win32_1.0.0.202411081344/tools/bin/../lib/gcc/arm-none-eabi/13.3.1/../../../../arm-none-eabi/lib/thumb/v7e-m+fp/hard\libm.a(libm_a-math_errf.o)
                0x0800d664                __math_oflowf
 .text.__ieee754_sqrtf
                0x0800d670        0x6 C:/ST/STM32CubeIDE_1.19.0/STM32CubeIDE/plugins/com.st.stm32cube.ide.mcu.externaltools.gnu-tools-for-stm32.13.3.rel1.win32_1.0.0.202411081344/tools/bin/../lib/gcc/arm-none-eabi/13.3.1/../../../../arm-none-eabi/lib/thumb/v7e-m+fp/hard\libm.a(libm_a-ef_sqrt.o)
                0x0800d670                __ieee754_sqrtf
 *fill*         0x0800d676        0x2 
 .text._sbrk    0x0800d678       0x1c C:/ST/STM32CubeIDE_1.19.0/STM32CubeIDE/plugins/com.st.stm32cube.ide.mcu.externaltools.gnu-tools-for-stm32.13.3.rel1.win32_1.0.0.202411081344/tools/bin/../lib/gcc/arm-none-eabi/13.3.1/../../../../arm-none-eabi/lib/thumb/v7e-m+fp/hard\libnosys.a(sbrk.o)
                0x0800d678                _sbrk
 *(.glue_7)
 .glue_7        0x0800d694        0x0 linker stubs
 *(.glue_7t)
 .glue_7t       0x0800d694        0x0 linker stubs
 *(.eh_frame)
 .eh_frame      0x0800d694        0x0 C:/ST/STM32CubeIDE_1.19.0/STM32CubeIDE/plugins/com.st.stm32cube.ide.mcu.externaltools.gnu-tools-for-stm32.13.3.rel1.win32_1.0.0.202411081344/tools/bin/../lib/gcc/arm-none-eabi/13.3.1/thumb/v7e-m+fp/hard/crtbegin.o
 *(.init)
 .init          0x0800d694        0x4 C:/ST/STM32CubeIDE_1.19.0/STM32CubeIDE/plugins/com.st.stm32cube.ide.mcu.externaltools.gnu-tools-for-stm32.13.3.rel1.win32_1.0.0.202411081344/tools/bin/../lib/gcc/arm-none-eabi/13.3.1/thumb/v7e-m+fp/hard/crti.o
                0x0800d694                _init
 .init          0x0800d698        0x8 C:/ST/STM32CubeIDE_1.19.0/STM32CubeIDE/plugins/com.st.stm32cube.ide.mcu.externaltools.gnu-tools-for-stm32.13.3.rel1.win32_1.0.0.202411081344/tools/bin/../lib/gcc/arm-none-eabi/13.3.1/thumb/v7e-m+fp/hard/crtn.o
 *(.fini)
 .fini          0x0800d6a0        0x4 C:/ST/STM32CubeIDE_1.19.0/STM32CubeIDE/plugins/com.st.stm32cube.ide.mcu.externaltools.gnu-tools-for-stm32.13.3.rel1.win32_1.0.0.202411081344/tools/bin/../lib/gcc/arm-none-eabi/13.3.1/thumb/v7e-m+fp/hard/crti.o
                0x0800d6a0                _fini
 .fini          0x0800d6a4        0x8 C:/ST/STM32CubeIDE_1.19.0/STM32CubeIDE/plugins/com.st.stm32cube.ide.mcu.externaltools.gnu-tools-for-stm32.13.3.rel1.win32_1.0.0.202411081344/tools/bin/../lib/gcc/arm-none-eabi/13.3.1/thumb/v7e-m+fp/hard/crtn.o
                0x0800d6ac                        . = ALIGN (0x4)
                0x0800d6ac                        _etext = .

.vfp11_veneer   0x0800d6ac        0x0
 .vfp11_veneer  0x0800d6ac        0x0 linker stubs

.v4_bx          0x0800d6ac        0x0
 .v4_bx         0x0800d6ac        0x0 linker stubs

.iplt           0x0800d6ac        0x0
 .iplt          0x0800d6ac        0x0 C:/ST/STM32CubeIDE_1.19.0/STM32CubeIDE/plugins/com.st.stm32cube.ide.mcu.externaltools.gnu-tools-for-stm32.13.3.rel1.win32_1.0.0.202411081344/tools/bin/../lib/gcc/arm-none-eabi/13.3.1/thumb/v7e-m+fp/hard/crtbegin.o

.rodata         0x0800d6ac      0x280
                0x0800d6ac                        . = ALIGN (0x4)
 *(.rodata)
 .rodata        0x0800d6ac        0x5 ./Thirdparty/FreeRTOS/tasks.o
 *fill*         0x0800d6b1        0x3 
 .rodata        0x0800d6b4       0x41 ./Thirdparty/SEGGER/Config/SEGGER_SYSVIEW_Config_FreeRTOS.o
 *fill*         0x0800d6f5        0x3 
 .rodata        0x0800d6f8       0x58 ./Thirdparty/SEGGER/OS/SEGGER_SYSVIEW_FreeRTOS.o
 .rodata        0x0800d750        0x9 ./Thirdparty/SEGGER/SEGGER/SEGGER_RTT.o
 *fill*         0x0800d759        0x3 
 .rodata        0x0800d75c       0x10 ./Thirdparty/SEGGER/SEGGER/SEGGER_SYSVIEW.o
 .rodata        0x0800d76c      0x123 ./tasks/tasks.o
 *(.rodata*)
 *fill*         0x0800d88f        0x1 
 .rodata.AHBPrescTable
                0x0800d890       0x10 ./Core/Src/system_stm32f4xx.o
                0x0800d890                AHBPrescTable
 .rodata.APBPrescTable
                0x0800d8a0        0x8 ./Core/Src/system_stm32f4xx.o
                0x0800d8a0                APBPrescTable
 .rodata.flagBitshiftOffset.0
                0x0800d8a8        0x8 ./Drivers/STM32F4xx_HAL_Driver/Src/stm32f4xx_hal_dma.o
 .rodata.uxTopUsedPriority
                0x0800d8b0        0x4 ./Thirdparty/FreeRTOS/tasks.o
 .rodata.SYSVIEW_X_OS_TraceAPI
                0x0800d8b4        0x8 ./Thirdparty/SEGGER/OS/SEGGER_SYSVIEW_FreeRTOS.o
                0x0800d8b4                SYSVIEW_X_OS_TraceAPI
 .rodata._abHelloMsg
                0x0800d8bc        0x4 ./Thirdparty/SEGGER/Rec/segger_uart.o
 .rodata._aInitStr.0
                0x0800d8c0       0x11 ./Thirdparty/SEGGER/SEGGER/SEGGER_RTT.o
 *fill*         0x0800d8d1        0x3 
 .rodata._abSync
                0x0800d8d4        0xa ./Thirdparty/SEGGER/SEGGER/SEGGER_SYSVIEW.o
 .rodata.sitheader
                0x0800d8de        0x1 ./algorithms_drivers/SIT_SUT/SIT_SUT.o
                0x0800d8de                sitheader
 .rodata.sitfooter1
                0x0800d8df        0x1 ./algorithms_drivers/SIT_SUT/SIT_SUT.o
                0x0800d8df                sitfooter1
 .rodata.sitfooter2
                0x0800d8e0        0x1 ./algorithms_drivers/SIT_SUT/SIT_SUT.o
                0x0800d8e0                sitfooter2
 .rodata._svfprintf_r.str1.1
                0x0800d8e1       0x33 C:/ST/STM32CubeIDE_1.19.0/STM32CubeIDE/plugins/com.st.stm32cube.ide.mcu.externaltools.gnu-tools-for-stm32.13.3.rel1.win32_1.0.0.202411081344/tools/bin/../lib/gcc/arm-none-eabi/13.3.1/../../../../arm-none-eabi/lib/thumb/v7e-m+fp/hard\libc_nano.a(libc_a-nano-svfprintf.o)
                                 0x11 (size before relaxing)
 .rodata._printf_i.str1.1
                0x0800d914       0x22 C:/ST/STM32CubeIDE_1.19.0/STM32CubeIDE/plugins/com.st.stm32cube.ide.mcu.externaltools.gnu-tools-for-stm32.13.3.rel1.win32_1.0.0.202411081344/tools/bin/../lib/gcc/arm-none-eabi/13.3.1/../../../../arm-none-eabi/lib/thumb/v7e-m+fp/hard\libc_nano.a(libc_a-nano-vfprintf_i.o)
 .rodata.dp_l   0x0800d914        0x8 C:/ST/STM32CubeIDE_1.19.0/STM32CubeIDE/plugins/com.st.stm32cube.ide.mcu.externaltools.gnu-tools-for-stm32.13.3.rel1.win32_1.0.0.202411081344/tools/bin/../lib/gcc/arm-none-eabi/13.3.1/../../../../arm-none-eabi/lib/thumb/v7e-m+fp/hard\libm.a(libm_a-ef_pow.o)
 .rodata.dp_h   0x0800d91c        0x8 C:/ST/STM32CubeIDE_1.19.0/STM32CubeIDE/plugins/com.st.stm32cube.ide.mcu.externaltools.gnu-tools-for-stm32.13.3.rel1.win32_1.0.0.202411081344/tools/bin/../lib/gcc/arm-none-eabi/13.3.1/../../../../arm-none-eabi/lib/thumb/v7e-m+fp/hard\libm.a(libm_a-ef_pow.o)
 .rodata.bp     0x0800d924        0x8 C:/ST/STM32CubeIDE_1.19.0/STM32CubeIDE/plugins/com.st.stm32cube.ide.mcu.externaltools.gnu-tools-for-stm32.13.3.rel1.win32_1.0.0.202411081344/tools/bin/../lib/gcc/arm-none-eabi/13.3.1/../../../../arm-none-eabi/lib/thumb/v7e-m+fp/hard\libm.a(libm_a-ef_pow.o)
                0x0800d938                        . = ALIGN (0x4)

.ARM.extab      0x0800d92c        0x0
                0x0800d92c                        . = ALIGN (0x4)
 *(.ARM.extab* .gnu.linkonce.armextab.*)
                0x0800d92c                        . = ALIGN (0x4)

.ARM            0x0800d92c        0x8
                0x0800d92c                        . = ALIGN (0x4)
                0x0800d92c                        __exidx_start = .
 *(.ARM.exidx*)
 .ARM.exidx     0x0800d92c        0x8 C:/ST/STM32CubeIDE_1.19.0/STM32CubeIDE/plugins/com.st.stm32cube.ide.mcu.externaltools.gnu-tools-for-stm32.13.3.rel1.win32_1.0.0.202411081344/tools/bin/../lib/gcc/arm-none-eabi/13.3.1/../../../../arm-none-eabi/lib/thumb/v7e-m+fp/hard\libc_nano.a(libc_a-memchr.o)
 .ARM.exidx     0x0800d934        0x0 C:/ST/STM32CubeIDE_1.19.0/STM32CubeIDE/plugins/com.st.stm32cube.ide.mcu.externaltools.gnu-tools-for-stm32.13.3.rel1.win32_1.0.0.202411081344/tools/bin/../lib/gcc/arm-none-eabi/13.3.1/thumb/v7e-m+fp/hard\libgcc.a(_udivmoddi4.o)
                                  0x8 (size before relaxing)
                0x0800d934                        __exidx_end = .
                0x0800d934                        . = ALIGN (0x4)

.preinit_array  0x0800d934        0x0
                0x0800d934                        . = ALIGN (0x4)
                0x0800d934                        PROVIDE (__preinit_array_start = .)
 *(.preinit_array*)
                0x0800d934                        PROVIDE (__preinit_array_end = .)
                0x0800d934                        . = ALIGN (0x4)

.init_array     0x0800d934        0x4
                0x0800d934                        . = ALIGN (0x4)
                0x0800d934                        PROVIDE (__init_array_start = .)
 *(SORT_BY_NAME(.init_array.*))
 *(.init_array*)
 .init_array    0x0800d934        0x4 C:/ST/STM32CubeIDE_1.19.0/STM32CubeIDE/plugins/com.st.stm32cube.ide.mcu.externaltools.gnu-tools-for-stm32.13.3.rel1.win32_1.0.0.202411081344/tools/bin/../lib/gcc/arm-none-eabi/13.3.1/thumb/v7e-m+fp/hard/crtbegin.o
                0x0800d938                        PROVIDE (__init_array_end = .)
                0x0800d938                        . = ALIGN (0x4)

.fini_array     0x0800d938        0x4
                0x0800d938                        . = ALIGN (0x4)
                [!provide]                        PROVIDE (__fini_array_start = .)
 *(SORT_BY_NAME(.fini_array.*))
 *(.fini_array*)
 .fini_array    0x0800d938        0x4 C:/ST/STM32CubeIDE_1.19.0/STM32CubeIDE/plugins/com.st.stm32cube.ide.mcu.externaltools.gnu-tools-for-stm32.13.3.rel1.win32_1.0.0.202411081344/tools/bin/../lib/gcc/arm-none-eabi/13.3.1/thumb/v7e-m+fp/hard/crtbegin.o
                [!provide]                        PROVIDE (__fini_array_end = .)
                0x0800d93c                        . = ALIGN (0x4)
                0x0800d93c                        _sidata = LOADADDR (.data)

.rel.dyn        0x0800d93c        0x0
 .rel.iplt      0x0800d93c        0x0 C:/ST/STM32CubeIDE_1.19.0/STM32CubeIDE/plugins/com.st.stm32cube.ide.mcu.externaltools.gnu-tools-for-stm32.13.3.rel1.win32_1.0.0.202411081344/tools/bin/../lib/gcc/arm-none-eabi/13.3.1/thumb/v7e-m+fp/hard/crtbegin.o

.data           0x20000000       0x7c load address 0x0800d93c
                0x20000000                        . = ALIGN (0x4)
                0x20000000                        _sdata = .
 *(.data)
 *(.data*)
 .data.SystemCoreClock
                0x20000000        0x4 ./Core/Src/system_stm32f4xx.o
                0x20000000                SystemCoreClock
 .data.uwTickPrio
                0x20000004        0x4 ./Drivers/STM32F4xx_HAL_Driver/Src/stm32f4xx_hal.o
                0x20000004                uwTickPrio
 .data.uwTickFreq
                0x20000008        0x1 ./Drivers/STM32F4xx_HAL_Driver/Src/stm32f4xx_hal.o
                0x20000008                uwTickFreq
 *fill*         0x20000009        0x3 
 .data.uxCriticalNesting
                0x2000000c        0x4 ./Thirdparty/FreeRTOS/portable/GCC/ARM_CM4F/port.o
 .data._SVInfo  0x20000010        0x8 ./Thirdparty/SEGGER/Rec/segger_uart.o
 .data.standby  0x20000018        0x1 ./algorithms_drivers/SensorsWeHave/bme280.o
 .data.mode     0x20000019        0x1 ./algorithms_drivers/SensorsWeHave/bme280.o
 *fill*         0x2000001a        0x2 
 .data.SITSUT_UART
                0x2000001c        0x4 ./tasks/tasks.o
                0x2000001c                SITSUT_UART
 .data.BME_Device
                0x20000020        0xc ./tasks/tasks.o
                0x20000020                BME_Device
 .data._impure_ptr
                0x2000002c        0x4 C:/ST/STM32CubeIDE_1.19.0/STM32CubeIDE/plugins/com.st.stm32cube.ide.mcu.externaltools.gnu-tools-for-stm32.13.3.rel1.win32_1.0.0.202411081344/tools/bin/../lib/gcc/arm-none-eabi/13.3.1/../../../../arm-none-eabi/lib/thumb/v7e-m+fp/hard\libc_nano.a(libc_a-impure.o)
                0x2000002c                _impure_ptr
 .data._impure_data
                0x20000030       0x4c C:/ST/STM32CubeIDE_1.19.0/STM32CubeIDE/plugins/com.st.stm32cube.ide.mcu.externaltools.gnu-tools-for-stm32.13.3.rel1.win32_1.0.0.202411081344/tools/bin/../lib/gcc/arm-none-eabi/13.3.1/../../../../arm-none-eabi/lib/thumb/v7e-m+fp/hard\libc_nano.a(libc_a-impure.o)
                0x20000030                _impure_data
 *(.RamFunc)
 *(.RamFunc*)
                0x2000007c                        . = ALIGN (0x4)
                0x2000007c                        _edata = .
                0x0800d9b8                        _siccmram = LOADADDR (.ccmram)

.igot.plt       0x2000007c        0x0 load address 0x0800d9b8
 .igot.plt      0x2000007c        0x0 C:/ST/STM32CubeIDE_1.19.0/STM32CubeIDE/plugins/com.st.stm32cube.ide.mcu.externaltools.gnu-tools-for-stm32.13.3.rel1.win32_1.0.0.202411081344/tools/bin/../lib/gcc/arm-none-eabi/13.3.1/thumb/v7e-m+fp/hard/crtbegin.o

.ccmram         0x10000000        0x0 load address 0x0800d9b8
                0x10000000                        . = ALIGN (0x4)
                0x10000000                        _sccmram = .
 *(.ccmram)
 *(.ccmram*)
                0x10000000                        . = ALIGN (0x4)
                0x10000000                        _eccmram = .
                0x10000000                        . = ALIGN (0x4)

.bss            0x2000007c    0x1adf0
                0x2000007c                        _sbss = .
                0x2000007c                        __bss_start__ = _sbss
 *(.bss)
 .bss           0x2000007c       0x1c C:/ST/STM32CubeIDE_1.19.0/STM32CubeIDE/plugins/com.st.stm32cube.ide.mcu.externaltools.gnu-tools-for-stm32.13.3.rel1.win32_1.0.0.202411081344/tools/bin/../lib/gcc/arm-none-eabi/13.3.1/thumb/v7e-m+fp/hard/crtbegin.o
 *(.bss*)
 .bss.hi2c1     0x20000098       0x54 ./Core/Src/main.o
                0x20000098                hi2c1
 .bss.hi2c2     0x200000ec       0x54 ./Core/Src/main.o
                0x200000ec                hi2c2
 .bss.hsd       0x20000140       0x84 ./Core/Src/main.o
                0x20000140                hsd
 .bss.hspi1     0x200001c4       0x58 ./Core/Src/main.o
                0x200001c4                hspi1
 .bss.hspi2     0x2000021c       0x58 ./Core/Src/main.o
                0x2000021c                hspi2
 .bss.hdma_spi2_rx
                0x20000274       0x60 ./Core/Src/main.o
                0x20000274                hdma_spi2_rx
 .bss.hdma_spi2_tx
                0x200002d4       0x60 ./Core/Src/main.o
                0x200002d4                hdma_spi2_tx
 .bss.huart1    0x20000334       0x48 ./Core/Src/main.o
                0x20000334                huart1
 .bss.huart2    0x2000037c       0x48 ./Core/Src/main.o
                0x2000037c                huart2
 .bss.huart3    0x200003c4       0x48 ./Core/Src/main.o
                0x200003c4                huart3
 .bss.hdma_usart1_rx
                0x2000040c       0x60 ./Core/Src/main.o
                0x2000040c                hdma_usart1_rx
 .bss.hdma_usart1_tx
                0x2000046c       0x60 ./Core/Src/main.o
                0x2000046c                hdma_usart1_tx
 .bss.htim6     0x200004cc       0x48 ./Core/Src/stm32f4xx_hal_timebase_tim.o
                0x200004cc                htim6
 .bss.uwTick    0x20000514        0x4 ./Drivers/STM32F4xx_HAL_Driver/Src/stm32f4xx_hal.o
                0x20000514                uwTick
 .bss.pxCurrentTCB
                0x20000518        0x4 ./Thirdparty/FreeRTOS/tasks.o
                0x20000518                pxCurrentTCB
 .bss.pxReadyTasksLists
                0x2000051c       0x64 ./Thirdparty/FreeRTOS/tasks.o
 .bss.xDelayedTaskList1
                0x20000580       0x14 ./Thirdparty/FreeRTOS/tasks.o
 .bss.xDelayedTaskList2
                0x20000594       0x14 ./Thirdparty/FreeRTOS/tasks.o
 .bss.pxDelayedTaskList
                0x200005a8        0x4 ./Thirdparty/FreeRTOS/tasks.o
 .bss.pxOverflowDelayedTaskList
                0x200005ac        0x4 ./Thirdparty/FreeRTOS/tasks.o
 .bss.xPendingReadyList
                0x200005b0       0x14 ./Thirdparty/FreeRTOS/tasks.o
 .bss.xTasksWaitingTermination
                0x200005c4       0x14 ./Thirdparty/FreeRTOS/tasks.o
 .bss.uxDeletedTasksWaitingCleanUp
                0x200005d8        0x4 ./Thirdparty/FreeRTOS/tasks.o
 .bss.xSuspendedTaskList
                0x200005dc       0x14 ./Thirdparty/FreeRTOS/tasks.o
 .bss.uxCurrentNumberOfTasks
                0x200005f0        0x4 ./Thirdparty/FreeRTOS/tasks.o
 .bss.xTickCount
                0x200005f4        0x4 ./Thirdparty/FreeRTOS/tasks.o
 .bss.uxTopReadyPriority
                0x200005f8        0x4 ./Thirdparty/FreeRTOS/tasks.o
 .bss.xSchedulerRunning
                0x200005fc        0x4 ./Thirdparty/FreeRTOS/tasks.o
 .bss.xPendedTicks
                0x20000600        0x4 ./Thirdparty/FreeRTOS/tasks.o
 .bss.xYieldPendings
                0x20000604        0x4 ./Thirdparty/FreeRTOS/tasks.o
 .bss.xNumOfOverflows
                0x20000608        0x4 ./Thirdparty/FreeRTOS/tasks.o
 .bss.uxTaskNumber
                0x2000060c        0x4 ./Thirdparty/FreeRTOS/tasks.o
 .bss.xNextTaskUnblockTime
                0x20000610        0x4 ./Thirdparty/FreeRTOS/tasks.o
 .bss.xIdleTaskHandles
                0x20000614        0x4 ./Thirdparty/FreeRTOS/tasks.o
 .bss.uxSchedulerSuspended
                0x20000618        0x4 ./Thirdparty/FreeRTOS/tasks.o
 .bss.ucMaxSysCallPriority
                0x2000061c        0x1 ./Thirdparty/FreeRTOS/portable/GCC/ARM_CM4F/port.o
 *fill*         0x2000061d        0x3 
 .bss.ulMaxPRIGROUPValue
                0x20000620        0x4 ./Thirdparty/FreeRTOS/portable/GCC/ARM_CM4F/port.o
 .bss.ucHeap    0x20000624    0x19000 ./Thirdparty/FreeRTOS/portable/MemMang/heap_4.o
 .bss.xStart    0x20019624        0x8 ./Thirdparty/FreeRTOS/portable/MemMang/heap_4.o
 .bss.pxEnd     0x2001962c        0x4 ./Thirdparty/FreeRTOS/portable/MemMang/heap_4.o
 .bss.xFreeBytesRemaining
                0x20019630        0x4 ./Thirdparty/FreeRTOS/portable/MemMang/heap_4.o
 .bss.xMinimumEverFreeBytesRemaining
                0x20019634        0x4 ./Thirdparty/FreeRTOS/portable/MemMang/heap_4.o
 .bss.xNumberOfSuccessfulAllocations
                0x20019638        0x4 ./Thirdparty/FreeRTOS/portable/MemMang/heap_4.o
 .bss.xNumberOfSuccessfulFrees
                0x2001963c        0x4 ./Thirdparty/FreeRTOS/portable/MemMang/heap_4.o
 .bss._aTasks   0x20019640       0xa0 ./Thirdparty/SEGGER/OS/SEGGER_SYSVIEW_FreeRTOS.o
 .bss._NumTasks
                0x200196e0        0x4 ./Thirdparty/SEGGER/OS/SEGGER_SYSVIEW_FreeRTOS.o
 .bss._cbOnRx   0x200196e4        0x4 ./Thirdparty/SEGGER/Rec/segger_uart.o
 .bss._cbOnTx   0x200196e8        0x4 ./Thirdparty/SEGGER/Rec/segger_uart.o
 .bss._SEGGER_RTT
                0x200196ec       0xa8 ./Thirdparty/SEGGER/SEGGER/SEGGER_RTT.o
                0x200196ec                _SEGGER_RTT
 .bss._acUpBuffer
                0x20019794      0x400 ./Thirdparty/SEGGER/SEGGER/SEGGER_RTT.o
 .bss._acDownBuffer
                0x20019b94       0x10 ./Thirdparty/SEGGER/SEGGER/SEGGER_RTT.o
 .bss._UpBuffer
                0x20019ba4     0x1000 ./Thirdparty/SEGGER/SEGGER/SEGGER_SYSVIEW.o
 .bss._DownBuffer
                0x2001aba4        0x8 ./Thirdparty/SEGGER/SEGGER/SEGGER_SYSVIEW.o
 .bss._SYSVIEW_Globals
                0x2001abac       0x28 ./Thirdparty/SEGGER/SEGGER/SEGGER_SYSVIEW.o
 .bss._pFirstModule
                0x2001abd4        0x4 ./Thirdparty/SEGGER/SEGGER/SEGGER_SYSVIEW.o
 .bss._NumModules
                0x2001abd8        0x1 ./Thirdparty/SEGGER/SEGGER/SEGGER_SYSVIEW.o
 *fill*         0x2001abd9        0x3 
 .bss._aPacket  0x2001abdc       0xe3 ./Thirdparty/SEGGER/SEGGER/SEGGER_SYSVIEW.o
 *fill*         0x2001acbf        0x1 
 .bss.calibration
                0x2001acc0       0x24 ./algorithms_drivers/SensorsWeHave/bme280.o
 .bss.t_fine    0x2001ace4        0x4 ./algorithms_drivers/SensorsWeHave/bme280.o
                0x2001ace4                t_fine
 .bss.BME_ERROR_FLAG
                0x2001ace8        0x1 ./tasks/tasks.o
 .bss.SIT_Mode  0x2001ace9        0x1 ./tasks/tasks.o
 .bss.SUT_Mode  0x2001acea        0x1 ./tasks/tasks.o
 *fill*         0x2001aceb        0x1 
 .bss.BMEMUTEX  0x2001acec        0x4 ./tasks/tasks.o
                0x2001acec                BMEMUTEX
 .bss.BME_PressureReadTask
                0x2001acf0        0x4 ./tasks/tasks.o
 .bss.SitSutTask
                0x2001acf4        0x4 ./tasks/tasks.o
 .bss.StateMachineTask
                0x2001acf8        0x4 ./tasks/tasks.o
 .bss.lastUpdatedHeight
                0x2001acfc        0x4 ./tasks/tasks.o
                0x2001acfc                lastUpdatedHeight
 .bss.lastUpdatedAccelx
                0x2001ad00        0x4 ./tasks/tasks.o
                0x2001ad00                lastUpdatedAccelx
 .bss.lastUpdatedAccely
                0x2001ad04        0x4 ./tasks/tasks.o
                0x2001ad04                lastUpdatedAccely
 .bss.lastUpdatedAccelz
                0x2001ad08        0x4 ./tasks/tasks.o
                0x2001ad08                lastUpdatedAccelz
 .bss.lastUpdatedGyrox
                0x2001ad0c        0x4 ./tasks/tasks.o
                0x2001ad0c                lastUpdatedGyrox
 .bss.lastUpdatedGyroy
                0x2001ad10        0x4 ./tasks/tasks.o
                0x2001ad10                lastUpdatedGyroy
 .bss.lastUpdatedGyroz
                0x2001ad14        0x4 ./tasks/tasks.o
                0x2001ad14                lastUpdatedGyroz
 .bss.lastUpdatedPressure
                0x2001ad18        0x4 ./tasks/tasks.o
                0x2001ad18                lastUpdatedPressure
 .bss.HeightQueue
                0x2001ad1c        0x4 ./tasks/tasks.o
                0x2001ad1c                HeightQueue
 .bss.__sf      0x2001ad20      0x138 C:/ST/STM32CubeIDE_1.19.0/STM32CubeIDE/plugins/com.st.stm32cube.ide.mcu.externaltools.gnu-tools-for-stm32.13.3.rel1.win32_1.0.0.202411081344/tools/bin/../lib/gcc/arm-none-eabi/13.3.1/../../../../arm-none-eabi/lib/thumb/v7e-m+fp/hard\libc_nano.a(libc_a-findfp.o)
                0x2001ad20                __sf
 .bss.errno     0x2001ae58        0x4 C:/ST/STM32CubeIDE_1.19.0/STM32CubeIDE/plugins/com.st.stm32cube.ide.mcu.externaltools.gnu-tools-for-stm32.13.3.rel1.win32_1.0.0.202411081344/tools/bin/../lib/gcc/arm-none-eabi/13.3.1/../../../../arm-none-eabi/lib/thumb/v7e-m+fp/hard\libc_nano.a(libc_a-reent.o)
                0x2001ae58                errno
 .bss.__lock___malloc_recursive_mutex
                0x2001ae5c        0x1 C:/ST/STM32CubeIDE_1.19.0/STM32CubeIDE/plugins/com.st.stm32cube.ide.mcu.externaltools.gnu-tools-for-stm32.13.3.rel1.win32_1.0.0.202411081344/tools/bin/../lib/gcc/arm-none-eabi/13.3.1/../../../../arm-none-eabi/lib/thumb/v7e-m+fp/hard\libc_nano.a(libc_a-lock.o)
                0x2001ae5c                __lock___malloc_recursive_mutex
 *fill*         0x2001ae5d        0x3 
 .bss.__malloc_sbrk_start
                0x2001ae60        0x4 C:/ST/STM32CubeIDE_1.19.0/STM32CubeIDE/plugins/com.st.stm32cube.ide.mcu.externaltools.gnu-tools-for-stm32.13.3.rel1.win32_1.0.0.202411081344/tools/bin/../lib/gcc/arm-none-eabi/13.3.1/../../../../arm-none-eabi/lib/thumb/v7e-m+fp/hard\libc_nano.a(libc_a-mallocr.o)
                0x2001ae60                __malloc_sbrk_start
 .bss.__malloc_free_list
                0x2001ae64        0x4 C:/ST/STM32CubeIDE_1.19.0/STM32CubeIDE/plugins/com.st.stm32cube.ide.mcu.externaltools.gnu-tools-for-stm32.13.3.rel1.win32_1.0.0.202411081344/tools/bin/../lib/gcc/arm-none-eabi/13.3.1/../../../../arm-none-eabi/lib/thumb/v7e-m+fp/hard\libc_nano.a(libc_a-mallocr.o)
                0x2001ae64                __malloc_free_list
 .bss.heap_end.0
                0x2001ae68        0x4 C:/ST/STM32CubeIDE_1.19.0/STM32CubeIDE/plugins/com.st.stm32cube.ide.mcu.externaltools.gnu-tools-for-stm32.13.3.rel1.win32_1.0.0.202411081344/tools/bin/../lib/gcc/arm-none-eabi/13.3.1/../../../../arm-none-eabi/lib/thumb/v7e-m+fp/hard\libnosys.a(sbrk.o)
 *(COMMON)
                0x2001ae6c                        . = ALIGN (0x4)
                0x2001ae6c                        _ebss = .
                0x2001ae6c                        __bss_end__ = _ebss

._user_heap_stack
                0x2001ae6c      0x604
                0x2001ae70                        . = ALIGN (0x8)
 *fill*         0x2001ae6c        0x4 
                0x2001ae70                        PROVIDE (end = .)
                [!provide]                        PROVIDE (_end = .)
                0x2001b070                        . = (. + _Min_Heap_Size)
 *fill*         0x2001ae70      0x200 
                0x2001b470                        . = (. + _Min_Stack_Size)
 *fill*         0x2001b070      0x400 
                0x2001b470                        . = ALIGN (0x8)

/DISCARD/
 libc.a(*)
 libm.a(*)
 libgcc.a(*)

.ARM.attributes
                0x00000000       0x30
 *(.ARM.attributes)
 .ARM.attributes
                0x00000000       0x22 C:/ST/STM32CubeIDE_1.19.0/STM32CubeIDE/plugins/com.st.stm32cube.ide.mcu.externaltools.gnu-tools-for-stm32.13.3.rel1.win32_1.0.0.202411081344/tools/bin/../lib/gcc/arm-none-eabi/13.3.1/thumb/v7e-m+fp/hard/crti.o
 .ARM.attributes
                0x00000022       0x34 C:/ST/STM32CubeIDE_1.19.0/STM32CubeIDE/plugins/com.st.stm32cube.ide.mcu.externaltools.gnu-tools-for-stm32.13.3.rel1.win32_1.0.0.202411081344/tools/bin/../lib/gcc/arm-none-eabi/13.3.1/thumb/v7e-m+fp/hard/crtbegin.o
 .ARM.attributes
                0x00000056       0x34 ./Core/Src/main.o
 .ARM.attributes
                0x0000008a       0x34 ./Core/Src/stm32f4xx_hal_msp.o
 .ARM.attributes
                0x000000be       0x34 ./Core/Src/stm32f4xx_hal_timebase_tim.o
 .ARM.attributes
                0x000000f2       0x34 ./Core/Src/stm32f4xx_it.o
 .ARM.attributes
                0x00000126       0x34 ./Core/Src/system_stm32f4xx.o
 .ARM.attributes
                0x0000015a       0x21 ./Core/Startup/startup_stm32f407vgtx.o
 .ARM.attributes
                0x0000017b       0x34 ./Drivers/STM32F4xx_HAL_Driver/Src/stm32f4xx_hal.o
 .ARM.attributes
                0x000001af       0x34 ./Drivers/STM32F4xx_HAL_Driver/Src/stm32f4xx_hal_cortex.o
 .ARM.attributes
                0x000001e3       0x34 ./Drivers/STM32F4xx_HAL_Driver/Src/stm32f4xx_hal_dma.o
 .ARM.attributes
                0x00000217       0x34 ./Drivers/STM32F4xx_HAL_Driver/Src/stm32f4xx_hal_gpio.o
 .ARM.attributes